Device: cuda (NVIDIA GeForce RTX 4090) | arch: resnet18 | steps: 3000 | crop: 224 | batch: 16 | workers: 8 | amp: True
Degradation experiment: 1 config(s): ['deg_baseline_2x2']
  grid=28 cells (24 trained, 4 held out)  variants/image=4
  leakage check: 0 identical (name, size) source file(s) shared between train/ and val/ over 32000 sampled files  -- ok
  leakage check: 64000 train sources, none present in any of the 6 evaluation sets -- ok
  scanned 64000 train sources and 6 evaluation sets (clean:3200, jpeg_only:12800, blur_only:9600, both:12800, seen:12800, unseen:12800) in 0s

=== [1/1] deg_baseline_2x2 : {'window_sizes': [2], 'scales': [1.0, 0.5, 0.25]} ===
  [deg_baseline_2x2] train set: 256000 samples (64000 sources x 4 variants over 24 cells)  in_ch=9
  [deg_baseline_2x2] step 300/3000  loss=0.4263  (8s)
  [deg_baseline_2x2] step 600/3000  loss=0.4269  (12s)
  [deg_baseline_2x2] step 900/3000  loss=0.3541  (17s)
  [deg_baseline_2x2] step 1200/3000  loss=0.4347  (22s)
  [deg_baseline_2x2] step 1500/3000  loss=0.4601  (26s)
  [deg_baseline_2x2] step 1800/3000  loss=0.3527  (31s)
  [deg_baseline_2x2] step 2100/3000  loss=0.4388  (35s)
  [deg_baseline_2x2] step 2400/3000  loss=0.4369  (40s)
  [deg_baseline_2x2] step 2700/3000  loss=0.4358  (44s)
  [deg_baseline_2x2] step 3000/3000  loss=0.4575  (49s)
  [deg_baseline_2x2] trained 3000 steps in 49s (in_ch=9, params=0.68M)
  [deg_baseline_2x2] BN recalibrated on 50 train batches (2s)
  [deg_baseline_2x2] test/clean    : ai_auc=0.8750 blur_auc=nan jpeg_auc=nan (n=800)
  [deg_baseline_2x2] test/jpeg_only: ai_auc=0.5602 blur_auc=nan jpeg_auc=nan (n=800)
  [deg_baseline_2x2] test/blur_only: ai_auc=0.6679 blur_auc=nan jpeg_auc=nan (n=800)
  [deg_baseline_2x2] test/both     : ai_auc=0.5746 blur_auc=nan jpeg_auc=nan (n=800)
  [deg_baseline_2x2] test/seen     : ai_auc=0.5743 blur_auc=0.8218 jpeg_auc=0.9981 (n=800)
  [deg_baseline_2x2] test/unseen   : ai_auc=0.5411 blur_auc=nan jpeg_auc=nan (n=800)
  [deg_baseline_2x2] done -- 1/1 written to results/degradation_20260803_082835_seed100.txt


MLEP degradation prediction
date: 2026-08-03 08:29:47
STATUS: complete -- 1/1 configs.
device=cuda (NVIDIA GeForce RTX 4090)  arch=resnet18  amp=True  workers=8  steps=3000  crop=224  batch=16  lr=0.0002  seed=100  classes=car,cat,chair,horse,boat,person,dog,bird  val_batches=50  bn_recal=50  variants=4  sev_weight=0.0  outputs=3

leakage check: 0 identical (name, size) source file(s) shared between train/ and val/ over 32000 sampled files  -- ok
leakage check: 64000 train sources, none present in any of the 6 evaluation sets -- ok
grid: jpeg=['lossless', 15, 30, 45, 60, 75, 100] blur=['none', 'weak', 'medium', 'strong'] sigma=[0.0, 0.5, 1.5, 3.0]
blur: gaussian(scipy.ndimage.gaussian_filter, truncate=4.0); kernel = 2*int(4*sigma+0.5)+1
held out of training (the 'unseen' condition): [(30, 'medium'), (75, 'weak'), (15, 'strong'), (100, 'medium')]
model: MLEP's released 2x2 entropy front-end; the only change is 3 output logits instead of 1 (ai / blur / jpeg)

Per-model results
------------------------------------------------------------
[deg_baseline_2x2]  {'window_sizes': [2], 'scales': [1.0, 0.5, 0.25]}
    in_channels=9  params=0.68M  steps=3000  train_time=49s
    test/clean/ai        acc=0.8187  ap=0.8931  (n=800)  roc_auc=0.8750  prec=0.8179  rec=0.7942  f1=0.8059  eer=0.1838  brier=0.2049  ece=0.2543
    test/clean/blur      acc=0.5138  ap=nan  (n=800)  roc_auc=nan  prec=0.0000  rec=0.0000  f1=0.0000  eer=nan  brier=0.3065  ece=nan
    test/clean/jpeg      acc=0.8225  ap=nan  (n=800)  roc_auc=nan  prec=0.0000  rec=0.0000  f1=0.0000  eer=nan  brier=0.1399  ece=nan
    test/jpeg_only/ai    acc=0.5337  ap=0.5494  (n=800)  roc_auc=0.5602  prec=0.5129  rec=0.5703  f1=0.5401  eer=0.4674  brier=0.2521  ece=0.0382
    test/jpeg_only/blur  acc=0.4938  ap=nan  (n=800)  roc_auc=nan  prec=0.0000  rec=0.0000  f1=0.0000  eer=nan  brier=0.3076  ece=nan
    test/jpeg_only/jpeg  acc=1.0000  ap=nan  (n=800)  roc_auc=nan  prec=1.0000  rec=1.0000  f1=1.0000  eer=nan  brier=0.0008  ece=nan
    test/blur_only/ai    acc=0.6162  ap=0.6661  (n=800)  roc_auc=0.6679  prec=0.6286  rec=0.5103  f1=0.5633  eer=0.3788  brier=0.2324  ece=0.0595
    test/blur_only/blur  acc=0.8988  ap=nan  (n=800)  roc_auc=nan  prec=1.0000  rec=0.8988  f1=0.9467  eer=nan  brier=0.0775  ece=nan
    test/blur_only/jpeg  acc=0.9400  ap=nan  (n=800)  roc_auc=nan  prec=0.0000  rec=0.0000  f1=0.0000  eer=nan  brier=0.0474  ece=nan
    test/both/ai         acc=0.5475  ap=0.5603  (n=800)  roc_auc=0.5746  prec=0.5275  rec=0.5495  f1=0.5383  eer=0.4500  brier=0.2496  ece=0.0342
    test/both/blur       acc=0.8700  ap=nan  (n=800)  roc_auc=nan  prec=1.0000  rec=0.8700  f1=0.9305  eer=nan  brier=0.0959  ece=nan
    test/both/jpeg       acc=1.0000  ap=nan  (n=800)  roc_auc=nan  prec=1.0000  rec=1.0000  f1=1.0000  eer=nan  brier=0.0003  ece=nan
    test/seen/ai         acc=0.5413  ap=0.5680  (n=800)  roc_auc=0.5743  prec=0.5211  rec=0.5469  f1=0.5337  eer=0.4587  brier=0.2472  ece=0.0245
    test/seen/blur       acc=0.7700  ap=0.9213  (n=800)  roc_auc=0.8218  prec=0.8032  rec=0.8940  f1=0.8462  eer=0.2428  brier=0.1535  ece=0.0381
    test/seen/jpeg       acc=0.9888  ap=0.9996  (n=800)  roc_auc=0.9981  prec=0.9867  rec=1.0000  f1=0.9933  eer=0.0136  brier=0.0089  ece=0.0090
    test/unseen/ai       acc=0.5250  ap=0.5148  (n=800)  roc_auc=0.5411  prec=0.5047  rec=0.5625  f1=0.5320  eer=0.4686  brier=0.2517  ece=0.0335
    test/unseen/blur     acc=0.8700  ap=nan  (n=800)  roc_auc=nan  prec=1.0000  rec=0.8700  f1=0.9305  eer=nan  brier=0.0987  ece=nan
    test/unseen/jpeg     acc=1.0000  ap=nan  (n=800)  roc_auc=nan  prec=1.0000  rec=1.0000  f1=1.0000  eer=nan  brier=0.0006  ece=nan
    confusion [seen] ai (rows=true):
      true\pred       no      yes
             no      223      193
            yes      174      210
    confusion [seen] blur (rows=true):
      true\pred       no      yes
             no      110      124
            yes       60      506
    confusion [seen] jpeg (rows=true):
      true\pred       no      yes
             no      122        9
            yes        0      669
    confusion [unseen] ai (rows=true):
      true\pred       no      yes
             no      204      212
            yes      168      216
    confusion [unseen] blur (rows=true):
      true\pred       no      yes
             no        0        0
            yes      104      696
    confusion [unseen] jpeg (rows=true):
      true\pred       no      yes
             no        0        0
            yes        0      800

ROC-AUC of the ai head per condition
========================================================================
            config   clean  jpeg_only  blur_only    both    seen  unseen
------------------------------------------------------------------------
  deg_baseline_2x2  0.8750     0.5602     0.6679  0.5746  0.5743  0.5411
========================================================================

ROC-AUC of the blur head per condition
=====================================================================
            config  clean  jpeg_only  blur_only  both    seen  unseen
---------------------------------------------------------------------
  deg_baseline_2x2    nan        nan        nan   nan  0.8218     nan
=====================================================================

ROC-AUC of the jpeg head per condition
=====================================================================
            config  clean  jpeg_only  blur_only  both    seen  unseen
---------------------------------------------------------------------
  deg_baseline_2x2    nan        nan        nan   nan  0.9981     nan
=====================================================================

Notes
- Untouched images are the only 'not compressed' condition; quality 100 is a compressed image at its own severity level.
- Severity heads are off (--deg_sev_weight 0), so the model predicts only the three probabilities.
- Every variant of a source image stays inside that source's split; cells are assigned by crc32(path), so they reproduce.

Results written to results/degradation_20260803_082835_seed100.txt
CSVs: results/degradation_20260803_082835_seed100_predictions.csv, results/degradation_20260803_082835_seed100_metrics.csv, results/degradation_20260803_082835_seed100_robustness.csv, results/degradation_20260803_082835_seed100_confusions.csv
