Device: cuda (NVIDIA GeForce RTX 4090) | arch: resnet18 | steps: 3000 | crop: 224 | batch: 16 | workers: 8 | amp: True
Degradation experiment: 2 config(s): ['deg_baseline_2x2', 'deg_renyi4_2x2']
  grid=28 cells (24 trained, 4 held out)  variants/image=4
  leakage check: 0 identical (name, size) source file(s) shared between train/ and val/ over 32000 sampled files  -- ok
  leakage check: 64000 train sources, none present in any of the 6 evaluation sets -- ok
  scanned 64000 train sources and 6 evaluation sets (clean:3200, jpeg_only:12800, blur_only:9600, both:12800, seen:12800, unseen:12800) in 0s

=== [1/2] deg_baseline_2x2 : {'window_sizes': [2], 'scales': [1.0, 0.5, 0.25]} ===
  [deg_baseline_2x2] train set: 256000 samples (64000 sources x 4 variants over 24 cells)  in_ch=9
  [deg_baseline_2x2] step 300/3000  loss=0.5089  (7s)
  [deg_baseline_2x2] step 600/3000  loss=0.4460  (12s)
  [deg_baseline_2x2] step 900/3000  loss=0.4375  (17s)
  [deg_baseline_2x2] step 1200/3000  loss=0.3507  (21s)
  [deg_baseline_2x2] step 1500/3000  loss=0.3870  (26s)
  [deg_baseline_2x2] step 1800/3000  loss=0.3536  (30s)
  [deg_baseline_2x2] step 2100/3000  loss=0.4574  (34s)
  [deg_baseline_2x2] step 2400/3000  loss=0.3618  (39s)
  [deg_baseline_2x2] step 2700/3000  loss=0.3806  (43s)
  [deg_baseline_2x2] step 3000/3000  loss=0.3404  (47s)
  [deg_baseline_2x2] trained 3000 steps in 47s (in_ch=9, params=0.68M)
  [deg_baseline_2x2] BN recalibrated on 50 train batches (1s)
  [deg_baseline_2x2] test/clean    : ai_auc=0.9194 blur_auc=nan jpeg_auc=nan (n=800)
  [deg_baseline_2x2] test/jpeg_only: ai_auc=0.5892 blur_auc=nan jpeg_auc=nan (n=800)
  [deg_baseline_2x2] test/blur_only: ai_auc=0.6814 blur_auc=nan jpeg_auc=nan (n=800)
  [deg_baseline_2x2] test/both     : ai_auc=0.5405 blur_auc=nan jpeg_auc=nan (n=800)
  [deg_baseline_2x2] test/seen     : ai_auc=0.5852 blur_auc=0.8004 jpeg_auc=0.9992 (n=800)
  [deg_baseline_2x2] test/unseen   : ai_auc=0.5430 blur_auc=nan jpeg_auc=nan (n=800)
  [deg_baseline_2x2] done -- 1/2 written to results/degradation_20260803_121715_seed300.txt

=== [2/2] deg_renyi4_2x2 : {'window_sizes': [2], 'scales': [1.0, 0.5, 0.25], 'entropy_mode': 'renyi_4'} ===
  [deg_renyi4_2x2] train set: 256000 samples (64000 sources x 4 variants over 24 cells)  in_ch=9
  [deg_renyi4_2x2] step 300/3000  loss=0.5018  (5s)
  [deg_renyi4_2x2] step 600/3000  loss=0.4823  (10s)
  [deg_renyi4_2x2] step 900/3000  loss=0.4296  (15s)
  [deg_renyi4_2x2] step 1200/3000  loss=0.3559  (19s)
  [deg_renyi4_2x2] step 1500/3000  loss=0.3850  (24s)
  [deg_renyi4_2x2] step 1800/3000  loss=0.3601  (28s)
  [deg_renyi4_2x2] step 2100/3000  loss=0.4536  (32s)
  [deg_renyi4_2x2] step 2400/3000  loss=0.3742  (36s)
  [deg_renyi4_2x2] step 2700/3000  loss=0.3730  (41s)
  [deg_renyi4_2x2] step 3000/3000  loss=0.3452  (45s)
  [deg_renyi4_2x2] trained 3000 steps in 45s (in_ch=9, params=0.68M)
  [deg_renyi4_2x2] BN recalibrated on 50 train batches (2s)
  [deg_renyi4_2x2] test/clean    : ai_auc=0.9404 blur_auc=nan jpeg_auc=nan (n=800)
  [deg_renyi4_2x2] test/jpeg_only: ai_auc=0.5807 blur_auc=nan jpeg_auc=nan (n=800)
  [deg_renyi4_2x2] test/blur_only: ai_auc=0.6888 blur_auc=nan jpeg_auc=nan (n=800)
  [deg_renyi4_2x2] test/both     : ai_auc=0.5276 blur_auc=nan jpeg_auc=nan (n=800)
  [deg_renyi4_2x2] test/seen     : ai_auc=0.5913 blur_auc=0.8015 jpeg_auc=0.9990 (n=800)
  [deg_renyi4_2x2] test/unseen   : ai_auc=0.5443 blur_auc=nan jpeg_auc=nan (n=800)
  [deg_renyi4_2x2] done -- 2/2 written to results/degradation_20260803_121715_seed300.txt


MLEP degradation prediction
date: 2026-08-03 12:23:38
STATUS: complete -- 2/2 configs.
device=cuda (NVIDIA GeForce RTX 4090)  arch=resnet18  amp=True  workers=8  steps=3000  crop=224  batch=16  lr=0.0002  seed=300  classes=car,cat,chair,horse,boat,person,dog,bird  val_batches=50  bn_recal=50  variants=4  sev_weight=0.0  outputs=3

leakage check: 0 identical (name, size) source file(s) shared between train/ and val/ over 32000 sampled files  -- ok
leakage check: 64000 train sources, none present in any of the 6 evaluation sets -- ok
grid: jpeg=['lossless', 15, 30, 45, 60, 75, 100] blur=['none', 'weak', 'medium', 'strong'] sigma=[0.0, 0.5, 1.5, 3.0]
blur: gaussian(scipy.ndimage.gaussian_filter, truncate=4.0); kernel = 2*int(4*sigma+0.5)+1
held out of training (the 'unseen' condition): [(30, 'medium'), (75, 'weak'), (15, 'strong'), (100, 'medium')]
model: MLEP's released 2x2 entropy front-end; the only change is 3 output logits instead of 1 (ai / blur / jpeg)

Per-model results
------------------------------------------------------------
[deg_renyi4_2x2]  {'window_sizes': [2], 'scales': [1.0, 0.5, 0.25], 'entropy_mode': 'renyi_4'}
    in_channels=9  params=0.68M  steps=3000  train_time=45s
    test/clean/ai        acc=0.7775  ap=0.9573  (n=800)  roc_auc=0.9404  prec=0.7127  rec=0.9462  f1=0.8130  eer=0.1262  brier=0.1865  ece=0.2911
    test/clean/blur      acc=0.2625  ap=nan  (n=800)  roc_auc=nan  prec=0.0000  rec=0.0000  f1=0.0000  eer=nan  brier=0.4620  ece=nan
    test/clean/jpeg      acc=0.9025  ap=nan  (n=800)  roc_auc=nan  prec=0.0000  rec=0.0000  f1=0.0000  eer=nan  brier=0.0788  ece=nan
    test/jpeg_only/ai    acc=0.5575  ap=0.5923  (n=800)  roc_auc=0.5807  prec=0.5907  rec=0.5631  f1=0.5766  eer=0.4387  brier=0.2447  ece=0.0385
    test/jpeg_only/blur  acc=0.4988  ap=nan  (n=800)  roc_auc=nan  prec=0.0000  rec=0.0000  f1=0.0000  eer=nan  brier=0.3096  ece=nan
    test/jpeg_only/jpeg  acc=0.9975  ap=nan  (n=800)  roc_auc=nan  prec=1.0000  rec=0.9975  f1=0.9987  eer=nan  brier=0.0031  ece=nan
    test/blur_only/ai    acc=0.5350  ap=0.6739  (n=800)  roc_auc=0.6888  prec=0.5147  rec=0.9338  f1=0.6637  eer=0.3537  brier=0.2416  ece=0.1144
    test/blur_only/blur  acc=0.9750  ap=nan  (n=800)  roc_auc=nan  prec=1.0000  rec=0.9750  f1=0.9873  eer=nan  brier=0.0288  ece=nan
    test/blur_only/jpeg  acc=0.9725  ap=nan  (n=800)  roc_auc=nan  prec=0.0000  rec=0.0000  f1=0.0000  eer=nan  brier=0.0230  ece=nan
    test/both/ai         acc=0.5350  ap=0.5524  (n=800)  roc_auc=0.5276  prec=0.5558  rec=0.6519  f1=0.6000  eer=0.4662  brier=0.2492  ece=0.0287
    test/both/blur       acc=0.8625  ap=nan  (n=800)  roc_auc=nan  prec=1.0000  rec=0.8625  f1=0.9262  eer=nan  brier=0.0951  ece=nan
    test/both/jpeg       acc=0.9975  ap=nan  (n=800)  roc_auc=nan  prec=1.0000  rec=0.9975  f1=0.9987  eer=nan  brier=0.0022  ece=nan
    test/seen/ai         acc=0.5637  ap=0.6434  (n=800)  roc_auc=0.5913  prec=0.5761  rec=0.6986  f1=0.6315  eer=0.4488  brier=0.2413  ece=0.0182
    test/seen/blur       acc=0.7712  ap=0.9003  (n=800)  roc_auc=0.8015  prec=0.8032  rec=0.8909  f1=0.8448  eer=0.2759  brier=0.1610  ece=0.0430
    test/seen/jpeg       acc=0.9950  ap=0.9998  (n=800)  roc_auc=0.9990  prec=0.9970  rec=0.9970  f1=0.9970  eer=0.0173  brier=0.0058  ece=0.0128
    test/unseen/ai       acc=0.5238  ap=0.5794  (n=800)  roc_auc=0.5443  prec=0.5556  rec=0.5491  f1=0.5523  eer=0.4700  brier=0.2482  ece=0.0388
    test/unseen/blur     acc=0.8400  ap=nan  (n=800)  roc_auc=nan  prec=1.0000  rec=0.8400  f1=0.9130  eer=nan  brier=0.1060  ece=nan
    test/unseen/jpeg     acc=0.9962  ap=nan  (n=800)  roc_auc=nan  prec=1.0000  rec=0.9962  f1=0.9981  eer=nan  brier=0.0028  ece=nan
    confusion [seen] ai (rows=true):
      true\pred       no      yes
             no      152      220
            yes      129      299
    confusion [seen] blur (rows=true):
      true\pred       no      yes
             no      119      122
            yes       61      498
    confusion [seen] jpeg (rows=true):
      true\pred       no      yes
             no      129        2
            yes        2      667
    confusion [unseen] ai (rows=true):
      true\pred       no      yes
             no      184      188
            yes      193      235
    confusion [unseen] blur (rows=true):
      true\pred       no      yes
             no        0        0
            yes      128      672
    confusion [unseen] jpeg (rows=true):
      true\pred       no      yes
             no        0        0
            yes        3      797

[deg_baseline_2x2]  {'window_sizes': [2], 'scales': [1.0, 0.5, 0.25]}
    in_channels=9  params=0.68M  steps=3000  train_time=47s
    test/clean/ai        acc=0.7575  ap=0.9400  (n=800)  roc_auc=0.9194  prec=0.6958  rec=0.9340  f1=0.7975  eer=0.1512  brier=0.1899  ece=0.2759
    test/clean/blur      acc=0.2975  ap=nan  (n=800)  roc_auc=nan  prec=0.0000  rec=0.0000  f1=0.0000  eer=nan  brier=0.4353  ece=nan
    test/clean/jpeg      acc=0.9175  ap=nan  (n=800)  roc_auc=nan  prec=0.0000  rec=0.0000  f1=0.0000  eer=nan  brier=0.0739  ece=nan
    test/jpeg_only/ai    acc=0.5500  ap=0.6013  (n=800)  roc_auc=0.5892  prec=0.5780  rec=0.5888  f1=0.5833  eer=0.4488  brier=0.2435  ece=0.0298
    test/jpeg_only/blur  acc=0.4838  ap=nan  (n=800)  roc_auc=nan  prec=0.0000  rec=0.0000  f1=0.0000  eer=nan  brier=0.3141  ece=nan
    test/jpeg_only/jpeg  acc=0.9975  ap=nan  (n=800)  roc_auc=nan  prec=1.0000  rec=0.9975  f1=0.9987  eer=nan  brier=0.0032  ece=nan
    test/blur_only/ai    acc=0.5288  ap=0.6647  (n=800)  roc_auc=0.6814  prec=0.5110  rec=0.9440  f1=0.6631  eer=0.3638  brier=0.2481  ece=0.1284
    test/blur_only/blur  acc=0.9700  ap=nan  (n=800)  roc_auc=nan  prec=1.0000  rec=0.9700  f1=0.9848  eer=nan  brier=0.0344  ece=nan
    test/blur_only/jpeg  acc=0.9738  ap=nan  (n=800)  roc_auc=nan  prec=0.0000  rec=0.0000  f1=0.0000  eer=nan  brier=0.0224  ece=nan
    test/both/ai         acc=0.5350  ap=0.5642  (n=800)  roc_auc=0.5405  prec=0.5543  rec=0.6682  f1=0.6059  eer=0.4663  brier=0.2477  ece=0.0265
    test/both/blur       acc=0.8638  ap=nan  (n=800)  roc_auc=nan  prec=1.0000  rec=0.8638  f1=0.9269  eer=nan  brier=0.0935  ece=nan
    test/both/jpeg       acc=0.9975  ap=nan  (n=800)  roc_auc=nan  prec=1.0000  rec=0.9975  f1=0.9987  eer=nan  brier=0.0017  ece=nan
    test/seen/ai         acc=0.5650  ap=0.6335  (n=800)  roc_auc=0.5852  prec=0.5758  rec=0.7103  f1=0.6360  eer=0.4513  brier=0.2418  ece=0.0153
    test/seen/blur       acc=0.7600  ap=0.9014  (n=800)  roc_auc=0.8004  prec=0.7936  rec=0.8873  f1=0.8378  eer=0.2729  brier=0.1615  ece=0.0239
    test/seen/jpeg       acc=0.9938  ap=0.9998  (n=800)  roc_auc=0.9992  prec=0.9955  rec=0.9970  f1=0.9963  eer=0.0091  brier=0.0057  ece=0.0134
    test/unseen/ai       acc=0.5300  ap=0.5753  (n=800)  roc_auc=0.5430  prec=0.5586  rec=0.5794  f1=0.5688  eer=0.4687  brier=0.2477  ece=0.0287
    test/unseen/blur     acc=0.8500  ap=nan  (n=800)  roc_auc=nan  prec=1.0000  rec=0.8500  f1=0.9189  eer=nan  brier=0.1007  ece=nan
    test/unseen/jpeg     acc=0.9962  ap=nan  (n=800)  roc_auc=nan  prec=1.0000  rec=0.9962  f1=0.9981  eer=nan  brier=0.0028  ece=nan
    confusion [seen] ai (rows=true):
      true\pred       no      yes
             no      148      224
            yes      124      304
    confusion [seen] blur (rows=true):
      true\pred       no      yes
             no      112      129
            yes       63      496
    confusion [seen] jpeg (rows=true):
      true\pred       no      yes
             no      128        3
            yes        2      667
    confusion [unseen] ai (rows=true):
      true\pred       no      yes
             no      176      196
            yes      180      248
    confusion [unseen] blur (rows=true):
      true\pred       no      yes
             no        0        0
            yes      120      680
    confusion [unseen] jpeg (rows=true):
      true\pred       no      yes
             no        0        0
            yes        3      797

ROC-AUC of the ai head per condition
========================================================================
            config   clean  jpeg_only  blur_only    both    seen  unseen
------------------------------------------------------------------------
    deg_renyi4_2x2  0.9404     0.5807     0.6888  0.5276  0.5913  0.5443
  deg_baseline_2x2  0.9194     0.5892     0.6814  0.5405  0.5852  0.5430
========================================================================

ROC-AUC of the blur head per condition
=====================================================================
            config  clean  jpeg_only  blur_only  both    seen  unseen
---------------------------------------------------------------------
    deg_renyi4_2x2    nan        nan        nan   nan  0.8015     nan
  deg_baseline_2x2    nan        nan        nan   nan  0.8004     nan
=====================================================================

ROC-AUC of the jpeg head per condition
=====================================================================
            config  clean  jpeg_only  blur_only  both    seen  unseen
---------------------------------------------------------------------
    deg_renyi4_2x2    nan        nan        nan   nan  0.9990     nan
  deg_baseline_2x2    nan        nan        nan   nan  0.9992     nan
=====================================================================

Notes
- Untouched images are the only 'not compressed' condition; quality 100 is a compressed image at its own severity level.
- Severity heads are off (--deg_sev_weight 0), so the model predicts only the three probabilities.
- Every variant of a source image stays inside that source's split; cells are assigned by crc32(path), so they reproduce.

Results written to results/degradation_20260803_121715_seed300.txt
CSVs: results/degradation_20260803_121715_seed300_predictions.csv, results/degradation_20260803_121715_seed300_metrics.csv, results/degradation_20260803_121715_seed300_robustness.csv, results/degradation_20260803_121715_seed300_confusions.csv
