Device: cuda (NVIDIA GeForce RTX 4090) | arch: resnet18 | steps: 3000 | crop: 224 | batch: 16 | workers: 8 | amp: True
Entropy experiment: stage=deep  0 feature model(s) + 5 deep config(s)
  leakage check: 0 identical (name, size) source file(s) shared between train/ and val/ over 32000 sampled files  -- ok

=== [1/5] ent_A_shannon : {'entropy_mode': 'shannon', 'window_sizes': [2], 'scales': [1.0, 0.5, 0.25]} ===
  [ent_A_shannon] step 300/3000  loss=0.2938  (9s)
  [ent_A_shannon] step 600/3000  loss=0.1503  (14s)
  [ent_A_shannon] step 900/3000  loss=0.1908  (20s)
  [ent_A_shannon] step 1200/3000  loss=0.1978  (26s)
  [ent_A_shannon] step 1500/3000  loss=0.1951  (34s)
  [ent_A_shannon] step 1800/3000  loss=0.1163  (41s)
  [ent_A_shannon] step 2100/3000  loss=0.0624  (48s)
  [ent_A_shannon] step 2400/3000  loss=0.2356  (56s)
  [ent_A_shannon] step 2700/3000  loss=0.1135  (63s)
  [ent_A_shannon] step 3000/3000  loss=0.1732  (70s)
  [ent_A_shannon] trained 3000 steps in 70s (in_ch=9, params=0.68M)
  [ent_A_shannon] BN recalibrated on 50 train batches (1s)
  [ent_A_shannon] test/clean    : acc=0.9537 ap=0.9935 (n=800) [acc_best=0.9688 logit_mean=-0.87]
  [ent_A_shannon] test/blur     : acc=0.6125 ap=0.6696 (n=800) [acc_best=0.6450 logit_mean=+1.64]
  [ent_A_shannon] test/jpeg     : acc=0.5175 ap=0.4671 (n=800) [acc_best=0.5212 logit_mean=-12.40]
  [ent_A_shannon] test/webp     : acc=0.5162 ap=0.4747 (n=800) [acc_best=0.5238 logit_mean=-13.93]
  [ent_A_shannon] test/blur+jpeg: acc=0.5175 ap=0.4731 (n=800) [acc_best=0.5250 logit_mean=-15.61]
  [ent_A_shannon] done -- 1/5 written to results/entropy_20260803_112924_seed200.txt

=== [2/5] ent_B_renyi2 : {'entropy_mode': 'renyi_2', 'window_sizes': [2], 'scales': [1.0, 0.5, 0.25]} ===
  [ent_B_renyi2] step 300/3000  loss=0.2591  (5s)
  [ent_B_renyi2] step 600/3000  loss=0.1188  (9s)
  [ent_B_renyi2] step 900/3000  loss=0.2607  (14s)
  [ent_B_renyi2] step 1200/3000  loss=0.1791  (19s)
  [ent_B_renyi2] step 1500/3000  loss=0.2149  (25s)
  [ent_B_renyi2] step 1800/3000  loss=0.1318  (29s)
  [ent_B_renyi2] step 2100/3000  loss=0.0594  (34s)
  [ent_B_renyi2] step 2400/3000  loss=0.2275  (39s)
  [ent_B_renyi2] step 2700/3000  loss=0.0913  (45s)
  [ent_B_renyi2] step 3000/3000  loss=0.1840  (50s)
  [ent_B_renyi2] trained 3000 steps in 50s (in_ch=9, params=0.68M)
  [ent_B_renyi2] BN recalibrated on 50 train batches (1s)
  [ent_B_renyi2] test/clean    : acc=0.9587 ap=0.9941 (n=800) [acc_best=0.9700 logit_mean=-0.72]
  [ent_B_renyi2] test/blur     : acc=0.6150 ap=0.6745 (n=800) [acc_best=0.6488 logit_mean=+1.55]
  [ent_B_renyi2] test/jpeg     : acc=0.5200 ap=0.4728 (n=800) [acc_best=0.5262 logit_mean=-11.82]
  [ent_B_renyi2] test/webp     : acc=0.5162 ap=0.4843 (n=800) [acc_best=0.5212 logit_mean=-13.50]
  [ent_B_renyi2] test/blur+jpeg: acc=0.5175 ap=0.4794 (n=800) [acc_best=0.5262 logit_mean=-15.08]
  [ent_B_renyi2] done -- 2/5 written to results/entropy_20260803_112924_seed200.txt

=== [3/5] ent_B_renyi4 : {'entropy_mode': 'renyi_4', 'window_sizes': [2], 'scales': [1.0, 0.5, 0.25]} ===
  [ent_B_renyi4] step 300/3000  loss=0.2641  (5s)
  [ent_B_renyi4] step 600/3000  loss=0.1334  (11s)
  [ent_B_renyi4] step 900/3000  loss=0.3295  (17s)
  [ent_B_renyi4] step 1200/3000  loss=0.1302  (23s)
  [ent_B_renyi4] step 1500/3000  loss=0.2113  (28s)
  [ent_B_renyi4] step 1800/3000  loss=0.1407  (32s)
  [ent_B_renyi4] step 2100/3000  loss=0.0741  (39s)
  [ent_B_renyi4] step 2400/3000  loss=0.2249  (44s)
  [ent_B_renyi4] step 2700/3000  loss=0.0867  (50s)
  [ent_B_renyi4] step 3000/3000  loss=0.2463  (56s)
  [ent_B_renyi4] trained 3000 steps in 56s (in_ch=9, params=0.68M)
  [ent_B_renyi4] BN recalibrated on 50 train batches (1s)
  [ent_B_renyi4] test/clean    : acc=0.9525 ap=0.9930 (n=800) [acc_best=0.9675 logit_mean=-0.77]
  [ent_B_renyi4] test/blur     : acc=0.6325 ap=0.6813 (n=800) [acc_best=0.6650 logit_mean=+1.52]
  [ent_B_renyi4] test/jpeg     : acc=0.5175 ap=0.4731 (n=800) [acc_best=0.5300 logit_mean=-11.48]
  [ent_B_renyi4] test/webp     : acc=0.5162 ap=0.4882 (n=800) [acc_best=0.5262 logit_mean=-12.87]
  [ent_B_renyi4] test/blur+jpeg: acc=0.5188 ap=0.4860 (n=800) [acc_best=0.5288 logit_mean=-13.77]
  [ent_B_renyi4] done -- 3/5 written to results/entropy_20260803_112924_seed200.txt

=== [4/5] ent_C_tsallis2 : {'entropy_mode': 'tsallis_2', 'window_sizes': [2], 'scales': [1.0, 0.5, 0.25]} ===
  [ent_C_tsallis2] step 300/3000  loss=0.2900  (6s)
  [ent_C_tsallis2] step 600/3000  loss=0.1202  (12s)
  [ent_C_tsallis2] step 900/3000  loss=0.0941  (17s)
  [ent_C_tsallis2] step 1200/3000  loss=0.1551  (22s)
  [ent_C_tsallis2] step 1500/3000  loss=0.1833  (27s)
  [ent_C_tsallis2] step 1800/3000  loss=0.1172  (31s)
  [ent_C_tsallis2] step 2100/3000  loss=0.1343  (36s)
  [ent_C_tsallis2] step 2400/3000  loss=0.2305  (41s)
  [ent_C_tsallis2] step 2700/3000  loss=0.0977  (46s)
  [ent_C_tsallis2] step 3000/3000  loss=0.1504  (51s)
  [ent_C_tsallis2] trained 3000 steps in 51s (in_ch=9, params=0.68M)
  [ent_C_tsallis2] BN recalibrated on 50 train batches (1s)
  [ent_C_tsallis2] test/clean    : acc=0.9387 ap=0.9922 (n=800) [acc_best=0.9637 logit_mean=-1.20]
  [ent_C_tsallis2] test/blur     : acc=0.5825 ap=0.6639 (n=800) [acc_best=0.6550 logit_mean=+2.62]
  [ent_C_tsallis2] test/jpeg     : acc=0.5188 ap=0.4578 (n=800) [acc_best=0.5200 logit_mean=-12.57]
  [ent_C_tsallis2] test/webp     : acc=0.5138 ap=0.4535 (n=800) [acc_best=0.5175 logit_mean=-14.82]
  [ent_C_tsallis2] test/blur+jpeg: acc=0.5188 ap=0.4614 (n=800) [acc_best=0.5188 logit_mean=-14.72]
  [ent_C_tsallis2] done -- 4/5 written to results/entropy_20260803_112924_seed200.txt

=== [5/5] ent_C_tsallis4 : {'entropy_mode': 'tsallis_4', 'window_sizes': [2], 'scales': [1.0, 0.5, 0.25]} ===
  [ent_C_tsallis4] step 300/3000  loss=0.1563  (6s)
  [ent_C_tsallis4] step 600/3000  loss=0.0920  (12s)
  [ent_C_tsallis4] step 900/3000  loss=0.0696  (17s)
  [ent_C_tsallis4] step 1200/3000  loss=0.0778  (22s)
  [ent_C_tsallis4] step 1500/3000  loss=0.2070  (26s)
  [ent_C_tsallis4] step 1800/3000  loss=0.1088  (32s)
  [ent_C_tsallis4] step 2100/3000  loss=0.2602  (36s)
  [ent_C_tsallis4] step 2400/3000  loss=0.1375  (42s)
  [ent_C_tsallis4] step 2700/3000  loss=0.1065  (47s)
  [ent_C_tsallis4] step 3000/3000  loss=0.1069  (53s)
  [ent_C_tsallis4] trained 3000 steps in 53s (in_ch=9, params=0.68M)
  [ent_C_tsallis4] BN recalibrated on 50 train batches (1s)
  [ent_C_tsallis4] test/clean    : acc=0.9650 ap=0.9944 (n=800) [acc_best=0.9712 logit_mean=-1.12]
  [ent_C_tsallis4] test/blur     : acc=0.5513 ap=0.6495 (n=800) [acc_best=0.6500 logit_mean=+3.37]
  [ent_C_tsallis4] test/jpeg     : acc=0.5112 ap=0.4549 (n=800) [acc_best=0.5200 logit_mean=-11.00]
  [ent_C_tsallis4] test/webp     : acc=0.5175 ap=0.4707 (n=800) [acc_best=0.5300 logit_mean=-12.68]
  [ent_C_tsallis4] test/blur+jpeg: acc=0.5175 ap=0.4480 (n=800) [acc_best=0.5188 logit_mean=-13.22]
  [ent_C_tsallis4] done -- 5/5 written to results/entropy_20260803_112924_seed200.txt


MLEP entropy comparison
date: 2026-08-03 11:41:09
STATUS: complete -- 5/5 configs.
device=cuda (NVIDIA GeForce RTX 4090)  arch=resnet18  amp=True  workers=8  steps=3000  crop=224  batch=16  lr=0.0002  seed=200  classes=car,cat,chair,horse,boat,person,dog,bird  val_batches=50  bn_recal=50  stage=deep  feat_batches=60/30

leakage check: 0 identical (name, size) source file(s) shared between train/ and val/ over 32000 sampled files  -- ok

Per-model results
------------------------------------------------------------
[ent_B_renyi2]  {'entropy_mode': 'renyi_2', 'window_sizes': [2], 'scales': [1.0, 0.5, 0.25]}
    in_channels=9  params=0.68M  steps=3000  train_time=50s
    test/clean       acc=0.9587  ap=0.9941  (n=800)  roc_auc=0.9943  f1=0.9565  prec=0.9732  rec=0.9404  eer=0.0337  brier=0.0304  ece=0.0302
    test/blur        acc=0.6150  ap=0.6745  (n=800)  roc_auc=0.7036  f1=0.6818  prec=0.5670  rec=0.8549  eer=0.3675  brier=0.2966  ece=0.2585
    test/jpeg        acc=0.5200  ap=0.4728  (n=800)  roc_auc=0.4862  f1=0.0303  prec=0.6000  rec=0.0155  eer=0.5150  brier=0.4765  ece=0.4769
    test/webp        acc=0.5162  ap=0.4843  (n=800)  roc_auc=0.4977  f1=0.0102  prec=0.4000  rec=0.0052  eer=0.5112  brier=0.4751  ece=0.4744
    test/blur+jpeg   acc=0.5175  ap=0.4794  (n=800)  roc_auc=0.4917  f1=0.0153  prec=0.5000  rec=0.0078  eer=0.5325  brier=0.4801  ece=0.4792
    clean roc_auc 95% CI (bootstrap): [0.9908, 0.9977]

[ent_C_tsallis4]  {'entropy_mode': 'tsallis_4', 'window_sizes': [2], 'scales': [1.0, 0.5, 0.25]}
    in_channels=9  params=0.68M  steps=3000  train_time=53s
    test/clean       acc=0.9650  ap=0.9944  (n=800)  roc_auc=0.9936  f1=0.9631  prec=0.9812  rec=0.9456  eer=0.0287  brier=0.0307  ece=0.0348
    test/blur        acc=0.5513  ap=0.6495  (n=800)  roc_auc=0.6929  f1=0.6697  prec=0.5193  rec=0.9430  eer=0.3550  brier=0.3854  ece=0.3812
    test/jpeg        acc=0.5112  ap=0.4549  (n=800)  roc_auc=0.4609  f1=0.0346  prec=0.3684  rec=0.0181  eer=0.5388  brier=0.4745  ece=0.4719
    test/webp        acc=0.5175  ap=0.4707  (n=800)  roc_auc=0.4967  f1=0.0052  prec=0.5000  rec=0.0026  eer=0.4900  brier=0.4812  ece=0.4808
    test/blur+jpeg   acc=0.5175  ap=0.4480  (n=800)  roc_auc=0.4593  f1=0.0052  prec=0.5000  rec=0.0026  eer=0.5388  brier=0.4815  ece=0.4828
    clean roc_auc 95% CI (bootstrap): [0.9874, 0.9975]

[ent_A_shannon]  {'entropy_mode': 'shannon', 'window_sizes': [2], 'scales': [1.0, 0.5, 0.25]}
    in_channels=9  params=0.68M  steps=3000  train_time=70s
    test/clean       acc=0.9537  ap=0.9935  (n=800)  roc_auc=0.9935  f1=0.9509  prec=0.9755  rec=0.9275  eer=0.0388  brier=0.0335  ece=0.0320
    test/blur        acc=0.6125  ap=0.6696  (n=800)  roc_auc=0.6952  f1=0.6798  prec=0.5653  rec=0.8523  eer=0.3650  brier=0.3027  ece=0.2673
    test/jpeg        acc=0.5175  ap=0.4671  (n=800)  roc_auc=0.4773  f1=0.0203  prec=0.5000  rec=0.0104  eer=0.5187  brier=0.4779  ece=0.4782
    test/webp        acc=0.5162  ap=0.4747  (n=800)  roc_auc=0.4900  f1=0.0102  prec=0.4000  rec=0.0052  eer=0.5187  brier=0.4778  ece=0.4736
    test/blur+jpeg   acc=0.5175  ap=0.4731  (n=800)  roc_auc=0.4851  f1=0.0103  prec=0.5000  rec=0.0052  eer=0.5287  brier=0.4806  ece=0.4819
    clean roc_auc 95% CI (bootstrap): [0.9891, 0.9970]

[ent_B_renyi4]  {'entropy_mode': 'renyi_4', 'window_sizes': [2], 'scales': [1.0, 0.5, 0.25]}
    in_channels=9  params=0.68M  steps=3000  train_time=56s
    test/clean       acc=0.9525  ap=0.9930  (n=800)  roc_auc=0.9933  f1=0.9496  prec=0.9728  rec=0.9275  eer=0.0337  brier=0.0345  ece=0.0321
    test/blur        acc=0.6325  ap=0.6813  (n=800)  roc_auc=0.7162  f1=0.6925  prec=0.5807  rec=0.8575  eer=0.3438  brier=0.2872  ece=0.2463
    test/jpeg        acc=0.5175  ap=0.4731  (n=800)  roc_auc=0.4841  f1=0.0302  prec=0.5000  rec=0.0155  eer=0.5225  brier=0.4754  ece=0.4767
    test/webp        acc=0.5162  ap=0.4882  (n=800)  roc_auc=0.4939  f1=0.0301  prec=0.4615  rec=0.0155  eer=0.5163  brier=0.4713  ece=0.4697
    test/blur+jpeg   acc=0.5188  ap=0.4860  (n=800)  roc_auc=0.5041  f1=0.0204  prec=0.5714  rec=0.0104  eer=0.5187  brier=0.4785  ece=0.4800
    clean roc_auc 95% CI (bootstrap): [0.9894, 0.9969]

[ent_C_tsallis2]  {'entropy_mode': 'tsallis_2', 'window_sizes': [2], 'scales': [1.0, 0.5, 0.25]}
    in_channels=9  params=0.68M  steps=3000  train_time=51s
    test/clean       acc=0.9387  ap=0.9922  (n=800)  roc_auc=0.9922  f1=0.9337  prec=0.9773  rec=0.8938  eer=0.0363  brier=0.0415  ece=0.0460
    test/blur        acc=0.5825  ap=0.6639  (n=800)  roc_auc=0.6951  f1=0.6795  prec=0.5396  rec=0.9171  eer=0.3662  brier=0.3408  ece=0.3244
    test/jpeg        acc=0.5188  ap=0.4578  (n=800)  roc_auc=0.4688  f1=0.0153  prec=0.6000  rec=0.0078  eer=0.5325  brier=0.4761  ece=0.4743
    test/webp        acc=0.5138  ap=0.4535  (n=800)  roc_auc=0.4596  f1=0.0000  prec=0.0000  rec=0.0000  eer=0.5413  brier=0.4802  ece=0.4791
    test/blur+jpeg   acc=0.5188  ap=0.4614  (n=800)  roc_auc=0.4797  f1=0.0103  prec=0.6667  rec=0.0052  eer=0.5237  brier=0.4808  ece=0.4818
    clean roc_auc 95% CI (bootstrap): [0.9872, 0.9957]

ROC-AUC per test scenario  [higher = more robust]
===========================================================
          config   clean    blur    jpeg    webp  blur+jpeg
-----------------------------------------------------------
    ent_B_renyi2  0.9943  0.7036  0.4862  0.4977     0.4917
  ent_C_tsallis4  0.9936  0.6929  0.4609  0.4967     0.4593
   ent_A_shannon  0.9935  0.6952  0.4773  0.4900     0.4851
    ent_B_renyi4  0.9933  0.7162  0.4841  0.4939     0.5041
  ent_C_tsallis2  0.9922  0.6951  0.4688  0.4596     0.4797
===========================================================
Cols: clean vs corrupted test sets. Read a row's clean cell against its blur / jpeg / webp cells for robustness, and every row against the A_shannon row of the same stage/classifier.

Notes
- Feature stage: entropy summary statistics + sklearn; deep stage: the MLEP network trained by run_config(), identical to the sweep.
- Splits are the on-disk train/ and val/ folders; crops, resizes and corruptions are applied after that split, never before.
- Short training -> the deep ranking is indicative. Re-run the top configs with more --max_train_steps to confirm.

Results written to results/entropy_20260803_112924_seed200.txt
CSVs: results/entropy_20260803_112924_seed200_metrics.csv, results/entropy_20260803_112924_seed200_ablation.csv
