
TRAIN: 360040 sources x 4 variants = 1440160 samples
  categories: 20  sources/category: [18002]
  real sources: 180020   fake sources: 180020
  per category/label, each of clean|blur|jpeg|noise gets exactly 9001 samples
  severity levels (index 0/1/2) over all sources: 120040 / 120000 / 120000
  max level imbalance within any category/label group: 1 sample(s)  [40 groups]

VAL: 8000 sources x 4 variants = 32000 samples
  categories: 20  sources/category: [400]
  real sources: 4000   fake sources: 4000
  per category/label, each of clean|blur|jpeg|noise gets exactly 200 samples
  severity levels (index 0/1/2) over all sources: 2680 / 2680 / 2640
  max level imbalance within any category/label group: 1 sample(s)  [40 groups]
  epoch 0 step 200  loss=0.3666  (95s)
  epoch 0 step 400  loss=0.3194  (188s)
  epoch 0 step 600  loss=0.2943  (276s)
  epoch 0 step 800  loss=0.2782  (365s)
  epoch 0 step 1000  loss=0.2669  (452s)
  epoch 0 step 1200  loss=0.2576  (537s)
  epoch 0 step 1400  loss=0.2500  (617s)
  epoch 0 step 1600  loss=0.2440  (698s)
  epoch 0 step 1800  loss=0.2391  (778s)
  epoch 0 step 2000  loss=0.2346  (857s)
  epoch 0 step 2200  loss=0.2308  (932s)
  epoch 0 step 2400  loss=0.2272  (1009s)
  epoch 0 step 2600  loss=0.2240  (1079s)
  epoch 0 step 2800  loss=0.2210  (1148s)
  epoch 0 step 3000  loss=0.2184  (1213s)
  epoch 0 step 3200  loss=0.2160  (1282s)
  epoch 0 step 3400  loss=0.2138  (1346s)
  epoch 0 step 3600  loss=0.2118  (1408s)
  epoch 0 step 3800  loss=0.2100  (1468s)
  epoch 0 step 4000  loss=0.2083  (1527s)
  epoch 0 step 4200  loss=0.2067  (1587s)
  epoch 0 step 4400  loss=0.2052  (1644s)
  epoch 0 step 4600  loss=0.2038  (1701s)
  epoch 0 step 4800  loss=0.2024  (1756s)
  epoch 0 step 5000  loss=0.2009  (1808s)
  epoch 0 step 5200  loss=0.1998  (1861s)
  epoch 0 step 5400  loss=0.1986  (1913s)
  epoch 0 step 5600  loss=0.1975  (1962s)
  epoch 0 step 5800  loss=0.1964  (2013s)
  epoch 0 step 6000  loss=0.1953  (2059s)
  epoch 0 step 6200  loss=0.1943  (2106s)
  epoch 0 step 6400  loss=0.1934  (2149s)
  epoch 0 step 6600  loss=0.1925  (2195s)
  epoch 0 step 6800  loss=0.1916  (2239s)
  epoch 0 step 7000  loss=0.1908  (2281s)
  epoch 0 step 7200  loss=0.1900  (2322s)
  epoch 0 step 7400  loss=0.1892  (2364s)
  epoch 0 step 7600  loss=0.1884  (2402s)
  epoch 0 step 7800  loss=0.1877  (2441s)
  epoch 0 step 8000  loss=0.1870  (2480s)
  epoch 0 step 8200  loss=0.1863  (2519s)
  epoch 0 step 8400  loss=0.1856  (2555s)
  epoch 0 step 8600  loss=0.1850  (2589s)
  epoch 0 step 8800  loss=0.1844  (2622s)
  epoch 0 step 9000  loss=0.1838  (2659s)
  epoch 0 step 9200  loss=0.1832  (2694s)
  epoch 0 step 9400  loss=0.1826  (2728s)
  epoch 0 step 9600  loss=0.1821  (2762s)
  epoch 0 step 9800  loss=0.1816  (2797s)
  epoch 0 step 10000  loss=0.1810  (2831s)
  epoch 0 step 10200  loss=0.1806  (2864s)
  epoch 0 step 10400  loss=0.1801  (2898s)
  epoch 0 step 10600  loss=0.1796  (2930s)
  epoch 0 step 10800  loss=0.1791  (2961s)
  epoch 0 step 11000  loss=0.1787  (2995s)
  epoch 0 step 11200  loss=0.1783  (3028s)
  epoch 0 step 11400  loss=0.1778  (3060s)
  epoch 0 step 11600  loss=0.1774  (3095s)
  epoch 0 step 11800  loss=0.1770  (3126s)
  epoch 0 step 12000  loss=0.1766  (3158s)
  epoch 0 step 12200  loss=0.1762  (3192s)
  epoch 0 step 12400  loss=0.1758  (3224s)
  epoch 0 step 12600  loss=0.1754  (3258s)
  epoch 0 step 12800  loss=0.1751  (3292s)
  epoch 0 step 13000  loss=0.1747  (3326s)
  epoch 0 step 13200  loss=0.1743  (3358s)
  epoch 0 step 13400  loss=0.1740  (3391s)
  epoch 0 step 13600  loss=0.1737  (3424s)
  epoch 0 step 13800  loss=0.1734  (3458s)
  epoch 0 step 14000  loss=0.1731  (3493s)
  epoch 0 step 14200  loss=0.1727  (3526s)
  epoch 0 step 14400  loss=0.1724  (3560s)
  epoch 0 step 14600  loss=0.1721  (3594s)
  epoch 0 step 14800  loss=0.1718  (3628s)
  epoch 0 step 15000  loss=0.1715  (3663s)
  epoch 0 step 15200  loss=0.1712  (3698s)
  epoch 0 step 15400  loss=0.1709  (3733s)
  epoch 0 step 15600  loss=0.1706  (3770s)
  epoch 0 step 15800  loss=0.1703  (3807s)
  epoch 0 step 16000  loss=0.1700  (3844s)
  epoch 0 step 16200  loss=0.1698  (3884s)
  epoch 0 step 16400  loss=0.1695  (3924s)
  epoch 0 step 16600  loss=0.1692  (3961s)
  epoch 0 step 16800  loss=0.1689  (4001s)
  epoch 0 step 17000  loss=0.1687  (4040s)
  epoch 0 step 17200  loss=0.1684  (4083s)
  epoch 0 step 17400  loss=0.1682  (4123s)
  epoch 0 step 17600  loss=0.1680  (4165s)
  epoch 0 step 17800  loss=0.1677  (4212s)
  epoch 0 step 18000  loss=0.1675  (4259s)
  epoch 0 step 18200  loss=0.1673  (4306s)
  epoch 0 step 18400  loss=0.1670  (4351s)
  epoch 0 step 18600  loss=0.1668  (4399s)
  epoch 0 step 18800  loss=0.1666  (4447s)
  epoch 0 step 19000  loss=0.1664  (4495s)
  epoch 0 step 19200  loss=0.1662  (4541s)
  epoch 0 step 19400  loss=0.1659  (4588s)
  epoch 0 step 19600  loss=0.1657  (4633s)
  epoch 0 step 19800  loss=0.1655  (4676s)
  epoch 0 step 20000  loss=0.1653  (4721s)
  epoch 0 step 20200  loss=0.1651  (4762s)
  epoch 0 step 20400  loss=0.1649  (4803s)
  epoch 0 step 20600  loss=0.1646  (4844s)
  epoch 0 step 20800  loss=0.1645  (4884s)
  epoch 0 step 21000  loss=0.1643  (4922s)
  epoch 0 step 21200  loss=0.1641  (4961s)
  epoch 0 step 21400  loss=0.1639  (4997s)
  epoch 0 step 21600  loss=0.1636  (5034s)
  epoch 0 step 21800  loss=0.1634  (5069s)
  epoch 0 step 22000  loss=0.1632  (5101s)
  epoch 0 step 22200  loss=0.1630  (5133s)
  epoch 0 step 22400  loss=0.1629  (5165s)
[epoch 0] loss=0.1628 lr=1.00e-04 train=5182s
      ai: acc=0.7186 ap=0.8247  blur: acc=0.9835 ap=0.9951  jpeg: acc=0.9968 ap=0.9994  noise: acc=0.9982 ap=1.0000
      ai AP by variant:  clean=0.9984  blur=0.7681  jpeg=0.6217  noise=0.6414
  epoch 1 step 200  loss=0.1425  (79s)
  epoch 1 step 400  loss=0.1425  (149s)
  epoch 1 step 600  loss=0.1419  (218s)
  epoch 1 step 800  loss=0.1417  (287s)
  epoch 1 step 1000  loss=0.1420  (355s)
  epoch 1 step 1200  loss=0.1418  (420s)
  epoch 1 step 1400  loss=0.1415  (486s)
  epoch 1 step 1600  loss=0.1411  (548s)
  epoch 1 step 1800  loss=0.1414  (609s)
  epoch 1 step 2000  loss=0.1412  (669s)
  epoch 1 step 2200  loss=0.1410  (729s)
  epoch 1 step 2400  loss=0.1409  (808s)
  epoch 1 step 2600  loss=0.1410  (866s)
  epoch 1 step 2800  loss=0.1409  (922s)
  epoch 1 step 3000  loss=0.1410  (982s)
  epoch 1 step 3200  loss=0.1410  (1042s)
  epoch 1 step 3400  loss=0.1408  (1112s)
  epoch 1 step 3600  loss=0.1407  (1174s)
  epoch 1 step 3800  loss=0.1407  (1238s)
  epoch 1 step 4000  loss=0.1406  (1298s)
  epoch 1 step 4200  loss=0.1405  (1360s)
  epoch 1 step 4400  loss=0.1403  (1421s)
  epoch 1 step 4600  loss=0.1403  (1481s)
  epoch 1 step 4800  loss=0.1401  (1540s)
  epoch 1 step 5000  loss=0.1400  (1603s)
  epoch 1 step 5200  loss=0.1398  (1661s)
  epoch 1 step 5400  loss=0.1398  (1717s)
  epoch 1 step 5600  loss=0.1398  (1774s)
  epoch 1 step 5800  loss=0.1398  (1830s)
  epoch 1 step 6000  loss=0.1397  (1887s)
  epoch 1 step 6200  loss=0.1397  (1944s)
  epoch 1 step 6400  loss=0.1396  (1999s)
  epoch 1 step 6600  loss=0.1395  (2055s)
  epoch 1 step 6800  loss=0.1395  (2110s)
  epoch 1 step 7000  loss=0.1394  (2165s)
  epoch 1 step 7200  loss=0.1393  (2221s)
  epoch 1 step 7400  loss=0.1393  (2275s)
  epoch 1 step 7600  loss=0.1392  (2333s)
  epoch 1 step 7800  loss=0.1392  (2388s)
  epoch 1 step 8000  loss=0.1391  (2444s)
  epoch 1 step 8200  loss=0.1391  (2500s)
  epoch 1 step 8400  loss=0.1390  (2556s)
  epoch 1 step 8600  loss=0.1390  (2613s)
  epoch 1 step 8800  loss=0.1390  (2670s)
  epoch 1 step 9000  loss=0.1389  (2727s)
  epoch 1 step 9200  loss=0.1388  (2784s)
  epoch 1 step 9400  loss=0.1388  (2842s)
  epoch 1 step 9600  loss=0.1388  (2900s)
  epoch 1 step 9800  loss=0.1387  (2957s)
  epoch 1 step 10000  loss=0.1386  (3013s)
  epoch 1 step 10200  loss=0.1385  (3070s)
  epoch 1 step 10400  loss=0.1385  (3128s)
  epoch 1 step 10600  loss=0.1385  (3185s)
  epoch 1 step 10800  loss=0.1384  (3243s)
  epoch 1 step 11000  loss=0.1383  (3300s)
  epoch 1 step 11200  loss=0.1383  (3357s)
  epoch 1 step 11400  loss=0.1383  (3413s)
  epoch 1 step 11600  loss=0.1382  (3472s)
  epoch 1 step 11800  loss=0.1382  (3531s)
  epoch 1 step 12000  loss=0.1381  (3591s)
  epoch 1 step 12200  loss=0.1381  (3646s)
  epoch 1 step 12400  loss=0.1380  (3706s)
  epoch 1 step 12600  loss=0.1380  (3765s)
  epoch 1 step 12800  loss=0.1380  (3824s)
  epoch 1 step 13000  loss=0.1379  (3906s)
  epoch 1 step 13200  loss=0.1379  (3967s)
  epoch 1 step 13400  loss=0.1379  (4027s)
  epoch 1 step 13600  loss=0.1378  (4089s)
  epoch 1 step 13800  loss=0.1378  (4150s)
  epoch 1 step 14000  loss=0.1378  (4214s)
  epoch 1 step 14200  loss=0.1377  (4276s)
  epoch 1 step 14400  loss=0.1376  (4341s)
  epoch 1 step 14600  loss=0.1376  (4405s)
  epoch 1 step 14800  loss=0.1375  (4468s)
  epoch 1 step 15000  loss=0.1374  (4536s)
  epoch 1 step 15200  loss=0.1374  (4602s)
  epoch 1 step 15400  loss=0.1374  (4670s)
  epoch 1 step 15600  loss=0.1373  (4737s)
  epoch 1 step 15800  loss=0.1373  (4802s)
  epoch 1 step 16000  loss=0.1372  (4868s)
  epoch 1 step 16200  loss=0.1372  (4936s)
  epoch 1 step 16400  loss=0.1371  (5004s)
  epoch 1 step 16600  loss=0.1371  (5074s)
  epoch 1 step 16800  loss=0.1370  (5143s)
  epoch 1 step 17000  loss=0.1370  (5212s)
  epoch 1 step 17200  loss=0.1369  (5281s)
  epoch 1 step 17400  loss=0.1368  (5352s)
  epoch 1 step 17600  loss=0.1368  (5422s)
  epoch 1 step 17800  loss=0.1368  (5493s)
  epoch 1 step 18000  loss=0.1367  (5560s)
  epoch 1 step 18200  loss=0.1367  (5627s)
  epoch 1 step 18400  loss=0.1367  (5694s)
  epoch 1 step 18600  loss=0.1366  (5761s)
  epoch 1 step 18800  loss=0.1366  (5825s)
  epoch 1 step 19000  loss=0.1366  (5956s)
  epoch 1 step 19200  loss=0.1365  (6073s)
  epoch 1 step 19400  loss=0.1365  (6136s)
  epoch 1 step 19600  loss=0.1364  (6196s)
  epoch 1 step 19800  loss=0.1364  (6255s)
  epoch 1 step 20000  loss=0.1364  (6318s)
  epoch 1 step 20200  loss=0.1363  (6377s)
  epoch 1 step 20400  loss=0.1363  (6433s)
  epoch 1 step 20600  loss=0.1363  (6489s)
  epoch 1 step 20800  loss=0.1362  (6543s)
  epoch 1 step 21000  loss=0.1362  (6597s)
  epoch 1 step 21200  loss=0.1362  (6651s)
  epoch 1 step 21400  loss=0.1361  (6704s)
  epoch 1 step 21600  loss=0.1361  (6756s)
  epoch 1 step 21800  loss=0.1360  (6807s)
  epoch 1 step 22000  loss=0.1360  (6857s)
  epoch 1 step 22200  loss=0.1359  (6904s)
  epoch 1 step 22400  loss=0.1359  (6954s)
[epoch 1] loss=0.1359 lr=1.00e-04 train=6980s
      ai: acc=0.7270 ap=0.8375  blur: acc=0.9883 ap=0.9972  jpeg: acc=0.9985 ap=0.9996  noise: acc=0.9989 ap=1.0000
      ai AP by variant:  clean=0.9979  blur=0.7877  jpeg=0.6598  noise=0.6432
  epoch 2 step 200  loss=0.1292  (57s)
  epoch 2 step 400  loss=0.1303  (109s)
  epoch 2 step 600  loss=0.1309  (164s)
  epoch 2 step 800  loss=0.1308  (216s)
  epoch 2 step 1000  loss=0.1311  (268s)
  epoch 2 step 1200  loss=0.1311  (320s)
  epoch 2 step 1400  loss=0.1310  (373s)
  epoch 2 step 1600  loss=0.1309  (428s)
  epoch 2 step 1800  loss=0.1307  (483s)
  epoch 2 step 2000  loss=0.1306  (537s)
  epoch 2 step 2200  loss=0.1305  (593s)
  epoch 2 step 2400  loss=0.1305  (648s)
  epoch 2 step 2600  loss=0.1306  (704s)
  epoch 2 step 2800  loss=0.1306  (761s)
  epoch 2 step 3000  loss=0.1307  (819s)
  epoch 2 step 3200  loss=0.1306  (874s)
  epoch 2 step 3400  loss=0.1306  (930s)
  epoch 2 step 3600  loss=0.1305  (989s)
  epoch 2 step 3800  loss=0.1305  (1048s)
  epoch 2 step 4000  loss=0.1305  (1108s)
  epoch 2 step 4200  loss=0.1304  (1166s)
  epoch 2 step 4400  loss=0.1304  (1225s)
  epoch 2 step 4600  loss=0.1304  (1287s)
  epoch 2 step 4800  loss=0.1304  (1346s)
  epoch 2 step 5000  loss=0.1304  (1405s)
  epoch 2 step 5200  loss=0.1303  (1465s)
  epoch 2 step 5400  loss=0.1303  (1524s)
  epoch 2 step 5600  loss=0.1303  (1585s)
  epoch 2 step 5800  loss=0.1302  (1645s)
  epoch 2 step 6000  loss=0.1302  (1706s)
  epoch 2 step 6200  loss=0.1301  (1765s)
  epoch 2 step 6400  loss=0.1301  (1826s)
  epoch 2 step 6600  loss=0.1301  (1885s)
  epoch 2 step 6800  loss=0.1300  (1948s)
  epoch 2 step 7000  loss=0.1300  (2009s)
  epoch 2 step 7200  loss=0.1300  (2069s)
  epoch 2 step 7400  loss=0.1300  (2128s)
  epoch 2 step 7600  loss=0.1299  (2187s)
  epoch 2 step 7800  loss=0.1299  (2247s)
  epoch 2 step 8000  loss=0.1299  (2309s)
  epoch 2 step 8200  loss=0.1298  (2370s)
  epoch 2 step 8400  loss=0.1298  (2430s)
  epoch 2 step 8600  loss=0.1298  (2492s)
  epoch 2 step 8800  loss=0.1299  (2551s)
  epoch 2 step 9000  loss=0.1299  (2610s)
  epoch 2 step 9200  loss=0.1299  (2672s)
  epoch 2 step 9400  loss=0.1298  (2734s)
  epoch 2 step 9600  loss=0.1298  (2796s)
  epoch 2 step 9800  loss=0.1297  (2856s)
  epoch 2 step 10000  loss=0.1297  (2918s)
  epoch 2 step 10200  loss=0.1296  (2978s)
  epoch 2 step 10400  loss=0.1296  (3038s)
  epoch 2 step 10600  loss=0.1296  (3100s)
  epoch 2 step 10800  loss=0.1295  (3161s)
  epoch 2 step 11000  loss=0.1295  (3222s)
  epoch 2 step 11200  loss=0.1295  (3283s)
  epoch 2 step 11400  loss=0.1295  (3344s)
  epoch 2 step 11600  loss=0.1295  (3406s)
  epoch 2 step 11800  loss=0.1294  (3467s)
  epoch 2 step 12000  loss=0.1294  (3529s)
  epoch 2 step 12200  loss=0.1293  (3590s)
  epoch 2 step 12400  loss=0.1293  (3654s)
  epoch 2 step 12600  loss=0.1292  (3717s)
  epoch 2 step 12800  loss=0.1292  (3778s)
  epoch 2 step 13000  loss=0.1292  (3840s)
  epoch 2 step 13200  loss=0.1291  (3901s)
  epoch 2 step 13400  loss=0.1291  (3963s)
  epoch 2 step 13600  loss=0.1291  (4024s)
  epoch 2 step 13800  loss=0.1290  (4083s)
  epoch 2 step 14000  loss=0.1290  (4141s)
  epoch 2 step 14200  loss=0.1289  (4200s)
  epoch 2 step 14400  loss=0.1289  (4259s)
  epoch 2 step 14600  loss=0.1289  (4317s)
  epoch 2 step 14800  loss=0.1289  (4374s)
  epoch 2 step 15000  loss=0.1289  (4434s)
  epoch 2 step 15200  loss=0.1289  (4491s)
  epoch 2 step 15400  loss=0.1288  (4546s)
  epoch 2 step 15600  loss=0.1288  (4603s)
  epoch 2 step 15800  loss=0.1288  (4657s)
  epoch 2 step 16000  loss=0.1288  (4713s)
  epoch 2 step 16200  loss=0.1288  (4770s)
  epoch 2 step 16400  loss=0.1288  (4825s)
  epoch 2 step 16600  loss=0.1287  (4882s)
  epoch 2 step 16800  loss=0.1287  (4942s)
  epoch 2 step 17000  loss=0.1287  (4997s)
  epoch 2 step 17200  loss=0.1287  (5053s)
  epoch 2 step 17400  loss=0.1287  (5109s)
  epoch 2 step 17600  loss=0.1286  (5170s)
  epoch 2 step 17800  loss=0.1286  (5228s)
  epoch 2 step 18000  loss=0.1286  (5289s)
  epoch 2 step 18200  loss=0.1286  (5348s)
  epoch 2 step 18400  loss=0.1285  (5406s)
  epoch 2 step 18600  loss=0.1285  (5465s)
  epoch 2 step 18800  loss=0.1285  (5523s)
  epoch 2 step 19000  loss=0.1285  (5580s)
  epoch 2 step 19200  loss=0.1285  (5639s)
  epoch 2 step 19400  loss=0.1284  (5699s)
  epoch 2 step 19600  loss=0.1284  (5760s)
  epoch 2 step 19800  loss=0.1284  (5820s)
  epoch 2 step 20000  loss=0.1284  (5879s)
  epoch 2 step 20200  loss=0.1284  (5940s)
  epoch 2 step 20400  loss=0.1283  (5998s)
  epoch 2 step 20600  loss=0.1283  (6057s)
  epoch 2 step 20800  loss=0.1283  (6117s)
  epoch 2 step 21000  loss=0.1283  (6177s)
  epoch 2 step 21200  loss=0.1282  (6235s)
  epoch 2 step 21400  loss=0.1282  (6295s)
  epoch 2 step 21600  loss=0.1282  (6356s)
  epoch 2 step 21800  loss=0.1282  (6417s)
  epoch 2 step 22000  loss=0.1282  (6477s)
  epoch 2 step 22200  loss=0.1282  (6538s)
  epoch 2 step 22400  loss=0.1282  (6600s)
[epoch 2] loss=0.1281 lr=1.00e-04 train=6635s
      ai: acc=0.7426 ap=0.8510  blur: acc=0.9907 ap=0.9982  jpeg: acc=0.9988 ap=0.9998  noise: acc=0.9991 ap=1.0000
      ai AP by variant:  clean=0.9990  blur=0.8170  jpeg=0.6717  noise=0.6517
  epoch 3 step 200  loss=0.1250  (56s)
  epoch 3 step 400  loss=0.1256  (108s)
  epoch 3 step 600  loss=0.1257  (161s)
  epoch 3 step 800  loss=0.1257  (213s)
  epoch 3 step 1000  loss=0.1262  (270s)
  epoch 3 step 1200  loss=0.1259  (325s)
  epoch 3 step 1400  loss=0.1256  (377s)
  epoch 3 step 1600  loss=0.1257  (433s)
  epoch 3 step 1800  loss=0.1257  (487s)
  epoch 3 step 2000  loss=0.1257  (541s)
  epoch 3 step 2200  loss=0.1258  (597s)
  epoch 3 step 2400  loss=0.1256  (651s)
  epoch 3 step 2600  loss=0.1255  (707s)
  epoch 3 step 2800  loss=0.1255  (761s)
  epoch 3 step 3000  loss=0.1253  (819s)
  epoch 3 step 3200  loss=0.1253  (873s)
  epoch 3 step 3400  loss=0.1253  (927s)
  epoch 3 step 3600  loss=0.1253  (981s)
  epoch 3 step 3800  loss=0.1253  (1035s)
  epoch 3 step 4000  loss=0.1252  (1091s)
  epoch 3 step 4200  loss=0.1252  (1148s)
  epoch 3 step 4400  loss=0.1252  (1206s)
  epoch 3 step 4600  loss=0.1252  (1261s)
  epoch 3 step 4800  loss=0.1251  (1316s)
  epoch 3 step 5000  loss=0.1251  (1373s)
  epoch 3 step 5200  loss=0.1250  (1436s)
  epoch 3 step 5400  loss=0.1249  (1491s)
  epoch 3 step 5600  loss=0.1249  (1545s)
  epoch 3 step 5800  loss=0.1248  (1608s)
  epoch 3 step 6000  loss=0.1248  (1661s)
  epoch 3 step 6200  loss=0.1248  (1714s)
  epoch 3 step 6400  loss=0.1248  (1767s)
  epoch 3 step 6600  loss=0.1247  (1819s)
  epoch 3 step 6800  loss=0.1247  (1874s)
  epoch 3 step 7000  loss=0.1247  (1927s)
  epoch 3 step 7200  loss=0.1247  (1982s)
  epoch 3 step 7400  loss=0.1247  (2038s)
  epoch 3 step 7600  loss=0.1246  (2093s)
  epoch 3 step 7800  loss=0.1246  (2148s)
  epoch 3 step 8000  loss=0.1246  (2206s)
  epoch 3 step 8200  loss=0.1246  (2261s)
  epoch 3 step 8400  loss=0.1245  (2319s)
  epoch 3 step 8600  loss=0.1245  (2373s)
  epoch 3 step 8800  loss=0.1245  (2429s)
  epoch 3 step 9000  loss=0.1245  (2486s)
  epoch 3 step 9200  loss=0.1245  (2544s)
  epoch 3 step 9400  loss=0.1245  (2601s)
  epoch 3 step 9600  loss=0.1245  (2660s)
  epoch 3 step 9800  loss=0.1245  (2716s)
  epoch 3 step 10000  loss=0.1244  (2772s)
  epoch 3 step 10200  loss=0.1245  (2829s)
  epoch 3 step 10400  loss=0.1244  (2888s)
  epoch 3 step 10600  loss=0.1244  (2946s)
  epoch 3 step 10800  loss=0.1244  (3004s)
  epoch 3 step 11000  loss=0.1244  (3059s)
  epoch 3 step 11200  loss=0.1244  (3117s)
  epoch 3 step 11400  loss=0.1244  (3174s)
  epoch 3 step 11600  loss=0.1243  (3233s)
  epoch 3 step 11800  loss=0.1243  (3290s)
  epoch 3 step 12000  loss=0.1243  (3349s)
  epoch 3 step 12200  loss=0.1243  (3405s)
  epoch 3 step 12400  loss=0.1243  (3461s)
  epoch 3 step 12600  loss=0.1243  (3517s)
  epoch 3 step 12800  loss=0.1243  (3575s)
  epoch 3 step 13000  loss=0.1243  (3635s)
  epoch 3 step 13200  loss=0.1242  (3694s)
  epoch 3 step 13400  loss=0.1242  (3752s)
  epoch 3 step 13600  loss=0.1242  (3810s)
  epoch 3 step 13800  loss=0.1242  (3871s)
  epoch 3 step 14000  loss=0.1242  (3931s)
  epoch 3 step 14200  loss=0.1242  (3991s)
  epoch 3 step 14400  loss=0.1242  (4052s)
  epoch 3 step 14600  loss=0.1242  (4111s)
  epoch 3 step 14800  loss=0.1242  (4170s)
  epoch 3 step 15000  loss=0.1242  (4229s)
  epoch 3 step 15200  loss=0.1242  (4292s)
  epoch 3 step 15400  loss=0.1242  (4355s)
  epoch 3 step 15600  loss=0.1241  (4417s)
  epoch 3 step 15800  loss=0.1241  (4480s)
  epoch 3 step 16000  loss=0.1241  (4561s)
  epoch 3 step 16200  loss=0.1241  (4624s)
  epoch 3 step 16400  loss=0.1241  (4689s)
  epoch 3 step 16600  loss=0.1241  (4752s)
  epoch 3 step 16800  loss=0.1241  (4816s)
  epoch 3 step 17000  loss=0.1241  (4878s)
  epoch 3 step 17200  loss=0.1241  (4942s)
  epoch 3 step 17400  loss=0.1240  (5006s)
  epoch 3 step 17600  loss=0.1240  (5074s)
  epoch 3 step 17800  loss=0.1240  (5139s)
  epoch 3 step 18000  loss=0.1240  (5204s)
  epoch 3 step 18200  loss=0.1240  (5270s)
  epoch 3 step 18400  loss=0.1239  (5339s)
  epoch 3 step 18600  loss=0.1239  (5404s)
  epoch 3 step 18800  loss=0.1239  (5472s)
  epoch 3 step 19000  loss=0.1239  (5539s)
  epoch 3 step 19200  loss=0.1239  (5605s)
  epoch 3 step 19400  loss=0.1239  (5674s)
  epoch 3 step 19600  loss=0.1239  (5740s)
  epoch 3 step 19800  loss=0.1239  (5804s)
  epoch 3 step 20000  loss=0.1238  (5869s)
  epoch 3 step 20200  loss=0.1238  (5935s)
  epoch 3 step 20400  loss=0.1238  (5996s)
  epoch 3 step 20600  loss=0.1238  (6060s)
  epoch 3 step 20800  loss=0.1238  (6121s)
  epoch 3 step 21000  loss=0.1238  (6184s)
  epoch 3 step 21200  loss=0.1237  (6244s)
  epoch 3 step 21400  loss=0.1237  (6303s)
  epoch 3 step 21600  loss=0.1237  (6360s)
  epoch 3 step 21800  loss=0.1237  (6416s)
  epoch 3 step 22000  loss=0.1237  (6473s)
  epoch 3 step 22200  loss=0.1237  (6531s)
  epoch 3 step 22400  loss=0.1236  (6588s)
[epoch 3] loss=0.1236 lr=1.00e-04 train=6616s
      ai: acc=0.7522 ap=0.8622  blur: acc=0.9914 ap=0.9985  jpeg: acc=0.9988 ap=0.9999  noise: acc=0.9995 ap=1.0000
      ai AP by variant:  clean=0.9994  blur=0.8337  jpeg=0.6891  noise=0.6885
  epoch 4 step 200  loss=0.1222  (55s)
  epoch 4 step 400  loss=0.1207  (105s)
  epoch 4 step 600  loss=0.1215  (158s)
  epoch 4 step 800  loss=0.1218  (230s)
  epoch 4 step 1000  loss=0.1217  (281s)
  epoch 4 step 1200  loss=0.1214  (332s)
  epoch 4 step 1400  loss=0.1216  (386s)
  epoch 4 step 1600  loss=0.1214  (441s)
  epoch 4 step 1800  loss=0.1217  (495s)
  epoch 4 step 2000  loss=0.1218  (548s)
  epoch 4 step 2200  loss=0.1216  (602s)
  epoch 4 step 2400  loss=0.1217  (658s)
  epoch 4 step 2600  loss=0.1216  (713s)
  epoch 4 step 2800  loss=0.1215  (767s)
  epoch 4 step 3000  loss=0.1216  (822s)
  epoch 4 step 3200  loss=0.1216  (878s)
  epoch 4 step 3400  loss=0.1215  (935s)
  epoch 4 step 3600  loss=0.1216  (991s)
  epoch 4 step 3800  loss=0.1217  (1047s)
  epoch 4 step 4000  loss=0.1217  (1105s)
  epoch 4 step 4200  loss=0.1217  (1162s)
  epoch 4 step 4400  loss=0.1217  (1220s)
  epoch 4 step 4600  loss=0.1217  (1278s)
  epoch 4 step 4800  loss=0.1217  (1335s)
  epoch 4 step 5000  loss=0.1217  (1390s)
  epoch 4 step 5200  loss=0.1216  (1447s)
  epoch 4 step 5400  loss=0.1216  (1502s)
  epoch 4 step 5600  loss=0.1215  (1561s)
  epoch 4 step 5800  loss=0.1215  (1616s)
  epoch 4 step 6000  loss=0.1215  (1676s)
  epoch 4 step 6200  loss=0.1215  (1730s)
  epoch 4 step 6400  loss=0.1215  (1788s)
  epoch 4 step 6600  loss=0.1215  (1843s)
  epoch 4 step 6800  loss=0.1215  (1901s)
  epoch 4 step 7000  loss=0.1215  (1960s)
  epoch 4 step 7200  loss=0.1215  (2021s)
  epoch 4 step 7400  loss=0.1215  (2079s)
  epoch 4 step 7600  loss=0.1214  (2135s)
  epoch 4 step 7800  loss=0.1214  (2192s)
  epoch 4 step 8000  loss=0.1214  (2250s)
  epoch 4 step 8200  loss=0.1215  (2306s)
  epoch 4 step 8400  loss=0.1215  (2362s)
  epoch 4 step 8600  loss=0.1215  (2421s)
  epoch 4 step 8800  loss=0.1214  (2481s)
  epoch 4 step 9000  loss=0.1214  (2539s)
  epoch 4 step 9200  loss=0.1214  (2597s)
  epoch 4 step 9400  loss=0.1213  (2657s)
  epoch 4 step 9600  loss=0.1213  (2715s)
  epoch 4 step 9800  loss=0.1213  (2773s)
  epoch 4 step 10000  loss=0.1213  (2831s)
  epoch 4 step 10200  loss=0.1213  (2895s)
  epoch 4 step 10400  loss=0.1213  (2955s)
  epoch 4 step 10600  loss=0.1213  (3013s)
  epoch 4 step 10800  loss=0.1213  (3073s)
  epoch 4 step 11000  loss=0.1212  (3136s)
  epoch 4 step 11200  loss=0.1212  (3197s)
  epoch 4 step 11400  loss=0.1212  (3260s)
  epoch 4 step 11600  loss=0.1212  (3321s)
  epoch 4 step 11800  loss=0.1212  (3384s)
  epoch 4 step 12000  loss=0.1212  (3445s)
  epoch 4 step 12200  loss=0.1211  (3524s)
  epoch 4 step 12400  loss=0.1211  (3583s)
  epoch 4 step 12600  loss=0.1211  (3644s)
  epoch 4 step 12800  loss=0.1211  (3706s)
  epoch 4 step 13000  loss=0.1211  (3770s)
  epoch 4 step 13200  loss=0.1211  (3830s)
  epoch 4 step 13400  loss=0.1211  (3890s)
  epoch 4 step 13600  loss=0.1211  (3954s)
  epoch 4 step 13800  loss=0.1211  (4016s)
  epoch 4 step 14000  loss=0.1211  (4076s)
  epoch 4 step 14200  loss=0.1210  (4136s)
  epoch 4 step 14400  loss=0.1210  (4196s)
  epoch 4 step 14600  loss=0.1210  (4257s)
  epoch 4 step 14800  loss=0.1210  (4316s)
  epoch 4 step 15000  loss=0.1210  (4374s)
  epoch 4 step 15200  loss=0.1209  (4433s)
  epoch 4 step 15400  loss=0.1209  (4491s)
  epoch 4 step 15600  loss=0.1209  (4551s)
  epoch 4 step 15800  loss=0.1209  (4608s)
  epoch 4 step 16000  loss=0.1209  (4664s)
  epoch 4 step 16200  loss=0.1209  (4721s)
  epoch 4 step 16400  loss=0.1209  (4778s)
  epoch 4 step 16600  loss=0.1208  (4834s)
  epoch 4 step 16800  loss=0.1208  (4889s)
  epoch 4 step 17000  loss=0.1208  (4943s)
  epoch 4 step 17200  loss=0.1208  (4996s)
  epoch 4 step 17400  loss=0.1208  (5050s)
  epoch 4 step 17600  loss=0.1207  (5105s)
  epoch 4 step 17800  loss=0.1208  (5161s)
  epoch 4 step 18000  loss=0.1207  (5221s)
  epoch 4 step 18200  loss=0.1207  (5277s)
  epoch 4 step 18400  loss=0.1207  (5334s)
  epoch 4 step 18600  loss=0.1207  (5393s)
  epoch 4 step 18800  loss=0.1207  (5449s)
  epoch 4 step 19000  loss=0.1207  (5508s)
  epoch 4 step 19200  loss=0.1207  (5569s)
  epoch 4 step 19400  loss=0.1207  (5628s)
  epoch 4 step 19600  loss=0.1207  (5687s)
  epoch 4 step 19800  loss=0.1207  (5744s)
  epoch 4 step 20000  loss=0.1206  (5803s)
  epoch 4 step 20200  loss=0.1206  (5876s)
  epoch 4 step 20400  loss=0.1206  (5935s)
  epoch 4 step 20600  loss=0.1206  (5993s)
  epoch 4 step 20800  loss=0.1206  (6054s)
  epoch 4 step 21000  loss=0.1206  (6113s)
  epoch 4 step 21200  loss=0.1206  (6174s)
  epoch 4 step 21400  loss=0.1206  (6233s)
  epoch 4 step 21600  loss=0.1205  (6295s)
  epoch 4 step 21800  loss=0.1205  (6355s)
  epoch 4 step 22000  loss=0.1205  (6415s)
  epoch 4 step 22200  loss=0.1205  (6474s)
  epoch 4 step 22400  loss=0.1205  (6533s)
[epoch 4] loss=0.1205 lr=1.00e-04 train=6563s
      ai: acc=0.7558 ap=0.8650  blur: acc=0.9918 ap=0.9989  jpeg: acc=0.9988 ap=0.9998  noise: acc=0.9992 ap=1.0000
      ai AP by variant:  clean=0.9996  blur=0.8422  jpeg=0.6846  noise=0.6966
  epoch 5 step 200  loss=0.1187  (56s)
  epoch 5 step 400  loss=0.1187  (110s)
  epoch 5 step 600  loss=0.1192  (163s)
  epoch 5 step 800  loss=0.1186  (220s)
  epoch 5 step 1000  loss=0.1190  (274s)
  epoch 5 step 1200  loss=0.1191  (328s)
  epoch 5 step 1400  loss=0.1193  (381s)
  epoch 5 step 1600  loss=0.1192  (437s)
  epoch 5 step 1800  loss=0.1193  (495s)
  epoch 5 step 2000  loss=0.1193  (565s)
  epoch 5 step 2200  loss=0.1192  (689s)
  epoch 5 step 2400  loss=0.1191  (748s)
  epoch 5 step 2600  loss=0.1192  (810s)
  epoch 5 step 2800  loss=0.1190  (866s)
  epoch 5 step 3000  loss=0.1191  (922s)
  epoch 5 step 3200  loss=0.1193  (979s)
  epoch 5 step 3400  loss=0.1193  (1037s)
  epoch 5 step 3600  loss=0.1193  (1093s)
  epoch 5 step 3800  loss=0.1193  (1152s)
  epoch 5 step 4000  loss=0.1192  (1209s)
  epoch 5 step 4200  loss=0.1192  (1265s)
  epoch 5 step 4400  loss=0.1192  (1320s)
  epoch 5 step 4600  loss=0.1192  (1376s)
  epoch 5 step 4800  loss=0.1191  (1432s)
  epoch 5 step 5000  loss=0.1191  (1487s)
  epoch 5 step 5200  loss=0.1191  (1543s)
  epoch 5 step 5400  loss=0.1191  (1600s)
  epoch 5 step 5600  loss=0.1190  (1657s)
  epoch 5 step 5800  loss=0.1190  (1711s)
  epoch 5 step 6000  loss=0.1190  (1766s)
  epoch 5 step 6200  loss=0.1189  (1822s)
  epoch 5 step 6400  loss=0.1189  (1878s)
  epoch 5 step 6600  loss=0.1189  (1934s)
  epoch 5 step 6800  loss=0.1189  (1991s)
  epoch 5 step 7000  loss=0.1189  (2046s)
  epoch 5 step 7200  loss=0.1189  (2101s)
  epoch 5 step 7400  loss=0.1189  (2156s)
  epoch 5 step 7600  loss=0.1188  (2209s)
  epoch 5 step 7800  loss=0.1188  (2264s)
  epoch 5 step 8000  loss=0.1188  (2320s)
  epoch 5 step 8200  loss=0.1188  (2375s)
  epoch 5 step 8400  loss=0.1188  (2428s)
  epoch 5 step 8600  loss=0.1188  (2482s)
  epoch 5 step 8800  loss=0.1188  (2538s)
  epoch 5 step 9000  loss=0.1188  (2594s)
  epoch 5 step 9200  loss=0.1188  (2650s)
  epoch 5 step 9400  loss=0.1188  (2709s)
  epoch 5 step 9600  loss=0.1188  (2768s)
  epoch 5 step 9800  loss=0.1187  (2827s)
  epoch 5 step 10000  loss=0.1187  (2904s)
  epoch 5 step 10200  loss=0.1187  (2963s)
  epoch 5 step 10400  loss=0.1187  (3019s)
  epoch 5 step 10600  loss=0.1187  (3076s)
  epoch 5 step 10800  loss=0.1186  (3134s)
  epoch 5 step 11000  loss=0.1186  (3191s)
  epoch 5 step 11200  loss=0.1187  (3249s)
  epoch 5 step 11400  loss=0.1187  (3308s)
  epoch 5 step 11600  loss=0.1187  (3366s)
  epoch 5 step 11800  loss=0.1187  (3423s)
  epoch 5 step 12000  loss=0.1187  (3482s)
  epoch 5 step 12200  loss=0.1187  (3541s)
  epoch 5 step 12400  loss=0.1187  (3599s)
  epoch 5 step 12600  loss=0.1186  (3657s)
  epoch 5 step 12800  loss=0.1186  (3715s)
  epoch 5 step 13000  loss=0.1186  (3770s)
  epoch 5 step 13200  loss=0.1186  (3828s)
  epoch 5 step 13400  loss=0.1185  (3885s)
  epoch 5 step 13600  loss=0.1186  (3943s)
  epoch 5 step 13800  loss=0.1185  (4003s)
  epoch 5 step 14000  loss=0.1185  (4063s)
  epoch 5 step 14200  loss=0.1185  (4122s)
  epoch 5 step 14400  loss=0.1185  (4183s)
  epoch 5 step 14600  loss=0.1185  (4243s)
  epoch 5 step 14800  loss=0.1185  (4302s)
  epoch 5 step 15000  loss=0.1185  (4363s)
  epoch 5 step 15200  loss=0.1185  (4424s)
  epoch 5 step 15400  loss=0.1185  (4480s)
  epoch 5 step 15600  loss=0.1185  (4540s)
  epoch 5 step 15800  loss=0.1185  (4602s)
  epoch 5 step 16000  loss=0.1185  (4664s)
  epoch 5 step 16200  loss=0.1184  (4726s)
  epoch 5 step 16400  loss=0.1184  (4788s)
  epoch 5 step 16600  loss=0.1184  (4850s)
  epoch 5 step 16800  loss=0.1184  (4911s)
  epoch 5 step 17000  loss=0.1183  (4973s)
  epoch 5 step 17200  loss=0.1183  (5051s)
  epoch 5 step 17400  loss=0.1183  (5113s)
  epoch 5 step 17600  loss=0.1183  (5176s)
  epoch 5 step 17800  loss=0.1183  (5240s)
  epoch 5 step 18000  loss=0.1183  (5302s)
  epoch 5 step 18200  loss=0.1183  (5366s)
  epoch 5 step 18400  loss=0.1183  (5445s)
  epoch 5 step 18600  loss=0.1183  (5513s)
  epoch 5 step 18800  loss=0.1183  (5578s)
  epoch 5 step 19000  loss=0.1182  (5647s)
  epoch 5 step 19200  loss=0.1182  (5713s)
  epoch 5 step 19400  loss=0.1182  (5779s)
  epoch 5 step 19600  loss=0.1182  (5846s)
  epoch 5 step 19800  loss=0.1182  (5915s)
  epoch 5 step 20000  loss=0.1182  (5982s)
  epoch 5 step 20200  loss=0.1182  (6050s)
  epoch 5 step 20400  loss=0.1182  (6119s)
  epoch 5 step 20600  loss=0.1182  (6185s)
  epoch 5 step 20800  loss=0.1182  (6251s)
  epoch 5 step 21000  loss=0.1182  (6317s)
  epoch 5 step 21200  loss=0.1182  (6382s)
  epoch 5 step 21400  loss=0.1182  (6447s)
  epoch 5 step 21600  loss=0.1182  (6510s)
  epoch 5 step 21800  loss=0.1182  (6593s)
  epoch 5 step 22000  loss=0.1181  (6656s)
  epoch 5 step 22200  loss=0.1182  (6715s)
  epoch 5 step 22400  loss=0.1181  (6775s)
[epoch 5] loss=0.1181 lr=1.00e-04 train=6805s
      ai: acc=0.7595 ap=0.8676  blur: acc=0.9926 ap=0.9991  jpeg: acc=0.9975 ap=0.9999  noise: acc=0.9996 ap=1.0000
      ai AP by variant:  clean=0.9995  blur=0.8411  jpeg=0.6939  noise=0.7011
  epoch 6 step 200  loss=0.1185  (57s)
  epoch 6 step 400  loss=0.1178  (107s)
  epoch 6 step 600  loss=0.1166  (160s)
  epoch 6 step 800  loss=0.1170  (211s)
  epoch 6 step 1000  loss=0.1171  (263s)
  epoch 6 step 1200  loss=0.1169  (316s)
  epoch 6 step 1400  loss=0.1171  (372s)
  epoch 6 step 1600  loss=0.1170  (425s)
  epoch 6 step 1800  loss=0.1169  (478s)
  epoch 6 step 2000  loss=0.1167  (533s)
  epoch 6 step 2200  loss=0.1167  (588s)
  epoch 6 step 2400  loss=0.1168  (642s)
  epoch 6 step 2600  loss=0.1169  (696s)
  epoch 6 step 2800  loss=0.1168  (752s)
  epoch 6 step 3000  loss=0.1169  (807s)
  epoch 6 step 3200  loss=0.1170  (863s)
  epoch 6 step 3400  loss=0.1170  (917s)
  epoch 6 step 3600  loss=0.1170  (977s)
  epoch 6 step 3800  loss=0.1171  (1035s)
  epoch 6 step 4000  loss=0.1171  (1090s)
  epoch 6 step 4200  loss=0.1172  (1148s)
  epoch 6 step 4400  loss=0.1172  (1204s)
  epoch 6 step 4600  loss=0.1171  (1261s)
  epoch 6 step 4800  loss=0.1170  (1320s)
  epoch 6 step 5000  loss=0.1170  (1377s)
  epoch 6 step 5200  loss=0.1171  (1436s)
  epoch 6 step 5400  loss=0.1170  (1494s)
  epoch 6 step 5600  loss=0.1170  (1552s)
  epoch 6 step 5800  loss=0.1170  (1610s)
  epoch 6 step 6000  loss=0.1170  (1666s)
  epoch 6 step 6200  loss=0.1170  (1724s)
  epoch 6 step 6400  loss=0.1170  (1781s)
  epoch 6 step 6600  loss=0.1170  (1838s)
  epoch 6 step 6800  loss=0.1170  (1896s)
  epoch 6 step 7000  loss=0.1170  (1950s)
  epoch 6 step 7200  loss=0.1170  (2009s)
  epoch 6 step 7400  loss=0.1170  (2067s)
  epoch 6 step 7600  loss=0.1170  (2124s)
  epoch 6 step 7800  loss=0.1170  (2180s)
  epoch 6 step 8000  loss=0.1170  (2245s)
  epoch 6 step 8200  loss=0.1170  (2308s)
  epoch 6 step 8400  loss=0.1170  (2364s)
  epoch 6 step 8600  loss=0.1169  (2421s)
  epoch 6 step 8800  loss=0.1169  (2479s)
  epoch 6 step 9000  loss=0.1169  (2535s)
  epoch 6 step 9200  loss=0.1170  (2593s)
  epoch 6 step 9400  loss=0.1169  (2653s)
  epoch 6 step 9600  loss=0.1170  (2713s)
  epoch 6 step 9800  loss=0.1169  (2771s)
  epoch 6 step 10000  loss=0.1170  (2831s)
  epoch 6 step 10200  loss=0.1169  (2892s)
  epoch 6 step 10400  loss=0.1169  (2951s)
  epoch 6 step 10600  loss=0.1169  (3010s)
  epoch 6 step 10800  loss=0.1169  (3072s)
  epoch 6 step 11000  loss=0.1169  (3132s)
  epoch 6 step 11200  loss=0.1169  (3192s)
  epoch 6 step 11400  loss=0.1169  (3252s)
  epoch 6 step 11600  loss=0.1169  (3313s)
  epoch 6 step 11800  loss=0.1168  (3375s)
  epoch 6 step 12000  loss=0.1168  (3435s)
  epoch 6 step 12200  loss=0.1168  (3500s)
  epoch 6 step 12400  loss=0.1168  (3562s)
  epoch 6 step 12600  loss=0.1168  (3625s)
  epoch 6 step 12800  loss=0.1168  (3686s)
  epoch 6 step 13000  loss=0.1168  (3747s)
  epoch 6 step 13200  loss=0.1168  (3815s)
  epoch 6 step 13400  loss=0.1168  (3879s)
  epoch 6 step 13600  loss=0.1168  (3942s)
  epoch 6 step 13800  loss=0.1168  (4005s)
  epoch 6 step 14000  loss=0.1168  (4070s)
  epoch 6 step 14200  loss=0.1168  (4132s)
  epoch 6 step 14400  loss=0.1168  (4196s)
  epoch 6 step 14600  loss=0.1168  (4262s)
  epoch 6 step 14800  loss=0.1167  (4324s)
  epoch 6 step 15000  loss=0.1167  (4388s)
  epoch 6 step 15200  loss=0.1167  (4449s)
  epoch 6 step 15400  loss=0.1167  (4512s)
  epoch 6 step 15600  loss=0.1167  (4571s)
  epoch 6 step 15800  loss=0.1167  (4631s)
  epoch 6 step 16000  loss=0.1167  (4688s)
  epoch 6 step 16200  loss=0.1167  (4746s)
  epoch 6 step 16400  loss=0.1167  (4804s)
  epoch 6 step 16600  loss=0.1167  (4862s)
  epoch 6 step 16800  loss=0.1167  (4919s)
  epoch 6 step 17000  loss=0.1167  (4976s)
  epoch 6 step 17200  loss=0.1167  (5030s)
  epoch 6 step 17400  loss=0.1166  (5087s)
  epoch 6 step 17600  loss=0.1167  (5146s)
  epoch 6 step 17800  loss=0.1167  (5199s)
  epoch 6 step 18000  loss=0.1167  (5252s)
  epoch 6 step 18200  loss=0.1166  (5306s)
  epoch 6 step 18400  loss=0.1166  (5362s)
  epoch 6 step 18600  loss=0.1166  (5414s)
  epoch 6 step 18800  loss=0.1166  (5468s)
  epoch 6 step 19000  loss=0.1166  (5525s)
  epoch 6 step 19200  loss=0.1166  (5581s)
  epoch 6 step 19400  loss=0.1166  (5639s)
  epoch 6 step 19600  loss=0.1166  (5696s)
  epoch 6 step 19800  loss=0.1166  (5762s)
  epoch 6 step 20000  loss=0.1166  (5818s)
  epoch 6 step 20200  loss=0.1166  (5874s)
  epoch 6 step 20400  loss=0.1166  (5929s)
  epoch 6 step 20600  loss=0.1165  (5988s)
  epoch 6 step 20800  loss=0.1165  (6046s)
  epoch 6 step 21000  loss=0.1165  (6105s)
  epoch 6 step 21200  loss=0.1165  (6162s)
  epoch 6 step 21400  loss=0.1165  (6222s)
  epoch 6 step 21600  loss=0.1166  (6278s)
  epoch 6 step 21800  loss=0.1165  (6336s)
  epoch 6 step 22000  loss=0.1165  (6395s)
  epoch 6 step 22200  loss=0.1165  (6455s)
  epoch 6 step 22400  loss=0.1165  (6514s)
[epoch 6] loss=0.1165 lr=1.00e-04 train=6544s
      ai: acc=0.7654 ap=0.8715  blur: acc=0.9933 ap=0.9991  jpeg: acc=0.9990 ap=1.0000  noise: acc=0.9997 ap=1.0000
      ai AP by variant:  clean=0.9998  blur=0.8470  jpeg=0.7038  noise=0.7122
  epoch 7 step 200  loss=0.1163  (62s)
  epoch 7 step 400  loss=0.1159  (114s)
  epoch 7 step 600  loss=0.1157  (167s)
  epoch 7 step 800  loss=0.1157  (226s)
  epoch 7 step 1000  loss=0.1156  (277s)
  epoch 7 step 1200  loss=0.1159  (333s)
  epoch 7 step 1400  loss=0.1161  (385s)
  epoch 7 step 1600  loss=0.1160  (439s)
  epoch 7 step 1800  loss=0.1158  (493s)
  epoch 7 step 2000  loss=0.1159  (549s)
  epoch 7 step 2200  loss=0.1159  (604s)
  epoch 7 step 2400  loss=0.1158  (662s)
  epoch 7 step 2600  loss=0.1157  (720s)
  epoch 7 step 2800  loss=0.1156  (778s)
  epoch 7 step 3000  loss=0.1156  (835s)
  epoch 7 step 3200  loss=0.1156  (891s)
  epoch 7 step 3400  loss=0.1156  (947s)
  epoch 7 step 3600  loss=0.1155  (1003s)
  epoch 7 step 3800  loss=0.1155  (1063s)
  epoch 7 step 4000  loss=0.1155  (1118s)
  epoch 7 step 4200  loss=0.1155  (1176s)
  epoch 7 step 4400  loss=0.1155  (1230s)
  epoch 7 step 4600  loss=0.1154  (1290s)
  epoch 7 step 4800  loss=0.1154  (1347s)
  epoch 7 step 5000  loss=0.1154  (1405s)
  epoch 7 step 5200  loss=0.1155  (1460s)
  epoch 7 step 5400  loss=0.1155  (1515s)
  epoch 7 step 5600  loss=0.1155  (1573s)
  epoch 7 step 5800  loss=0.1156  (1630s)
  epoch 7 step 6000  loss=0.1156  (1688s)
  epoch 7 step 6200  loss=0.1156  (1743s)
  epoch 7 step 6400  loss=0.1155  (1801s)
  epoch 7 step 6600  loss=0.1154  (1858s)
  epoch 7 step 6800  loss=0.1154  (1916s)
  epoch 7 step 7000  loss=0.1154  (1973s)
  epoch 7 step 7200  loss=0.1154  (2029s)
  epoch 7 step 7400  loss=0.1155  (2087s)
  epoch 7 step 7600  loss=0.1154  (2144s)
  epoch 7 step 7800  loss=0.1154  (2200s)
  epoch 7 step 8000  loss=0.1154  (2255s)
  epoch 7 step 8200  loss=0.1154  (2311s)
  epoch 7 step 8400  loss=0.1155  (2368s)
  epoch 7 step 8600  loss=0.1155  (2421s)
  epoch 7 step 8800  loss=0.1155  (2479s)
  epoch 7 step 9000  loss=0.1155  (2533s)
  epoch 7 step 9200  loss=0.1155  (2586s)
  epoch 7 step 9400  loss=0.1156  (2641s)
  epoch 7 step 9600  loss=0.1156  (2697s)
  epoch 7 step 9800  loss=0.1156  (2750s)
  epoch 7 step 10000  loss=0.1155  (2804s)
  epoch 7 step 10200  loss=0.1155  (2860s)
  epoch 7 step 10400  loss=0.1155  (2916s)
  epoch 7 step 10600  loss=0.1155  (2972s)
  epoch 7 step 10800  loss=0.1155  (3026s)
  epoch 7 step 11000  loss=0.1155  (3085s)
  epoch 7 step 11200  loss=0.1155  (3143s)
  epoch 7 step 11400  loss=0.1155  (3197s)
  epoch 7 step 11600  loss=0.1154  (3255s)
  epoch 7 step 11800  loss=0.1154  (3312s)
  epoch 7 step 12000  loss=0.1154  (3370s)
  epoch 7 step 12200  loss=0.1153  (3427s)
  epoch 7 step 12400  loss=0.1153  (3487s)
  epoch 7 step 12600  loss=0.1153  (3544s)
  epoch 7 step 12800  loss=0.1153  (3601s)
  epoch 7 step 13000  loss=0.1153  (3658s)
  epoch 7 step 13200  loss=0.1153  (3718s)
  epoch 7 step 13400  loss=0.1153  (3775s)
  epoch 7 step 13600  loss=0.1153  (3833s)
  epoch 7 step 13800  loss=0.1153  (3892s)
  epoch 7 step 14000  loss=0.1153  (3950s)
  epoch 7 step 14200  loss=0.1153  (4007s)
  epoch 7 step 14400  loss=0.1153  (4066s)
  epoch 7 step 14600  loss=0.1153  (4125s)
  epoch 7 step 14800  loss=0.1152  (4182s)
  epoch 7 step 15000  loss=0.1152  (4237s)
  epoch 7 step 15200  loss=0.1152  (4292s)
  epoch 7 step 15400  loss=0.1152  (4355s)
  epoch 7 step 15600  loss=0.1152  (4412s)
  epoch 7 step 15800  loss=0.1152  (4472s)
  epoch 7 step 16000  loss=0.1152  (4533s)
  epoch 7 step 16200  loss=0.1152  (4593s)
  epoch 7 step 16400  loss=0.1152  (4653s)
  epoch 7 step 16600  loss=0.1152  (4712s)
  epoch 7 step 16800  loss=0.1152  (4775s)
  epoch 7 step 17000  loss=0.1152  (4836s)
  epoch 7 step 17200  loss=0.1152  (4899s)
  epoch 7 step 17400  loss=0.1152  (4959s)
  epoch 7 step 17600  loss=0.1152  (5022s)
  epoch 7 step 17800  loss=0.1152  (5085s)
  epoch 7 step 18000  loss=0.1151  (5146s)
  epoch 7 step 18200  loss=0.1151  (5208s)
  epoch 7 step 18400  loss=0.1151  (5269s)
  epoch 7 step 18600  loss=0.1151  (5332s)
  epoch 7 step 18800  loss=0.1151  (5394s)
  epoch 7 step 19000  loss=0.1151  (5459s)
  epoch 7 step 19200  loss=0.1151  (5523s)
  epoch 7 step 19400  loss=0.1151  (5590s)
  epoch 7 step 19600  loss=0.1151  (5657s)
  epoch 7 step 19800  loss=0.1151  (5724s)
  epoch 7 step 20000  loss=0.1151  (5788s)
  epoch 7 step 20200  loss=0.1151  (5856s)
  epoch 7 step 20400  loss=0.1151  (5922s)
  epoch 7 step 20600  loss=0.1151  (5988s)
  epoch 7 step 20800  loss=0.1151  (6057s)
  epoch 7 step 21000  loss=0.1151  (6125s)
  epoch 7 step 21200  loss=0.1151  (6193s)
  epoch 7 step 21400  loss=0.1151  (6260s)
  epoch 7 step 21600  loss=0.1151  (6327s)
  epoch 7 step 21800  loss=0.1151  (6393s)
  epoch 7 step 22000  loss=0.1150  (6461s)
  epoch 7 step 22200  loss=0.1150  (6525s)
  epoch 7 step 22400  loss=0.1150  (6591s)
[epoch 7] loss=0.1150 lr=1.00e-04 train=6623s
      ai: acc=0.7640 ap=0.8731  blur: acc=0.9923 ap=0.9992  jpeg: acc=0.9993 ap=0.9999  noise: acc=0.9996 ap=1.0000
      ai AP by variant:  clean=0.9998  blur=0.8679  jpeg=0.6995  noise=0.7075
  epoch 8 step 200  loss=0.1157  (57s)
  epoch 8 step 400  loss=0.1153  (111s)
  epoch 8 step 600  loss=0.1143  (165s)
  epoch 8 step 800  loss=0.1143  (220s)
  epoch 8 step 1000  loss=0.1146  (273s)
  epoch 8 step 1200  loss=0.1149  (326s)
  epoch 8 step 1400  loss=0.1149  (380s)
  epoch 8 step 1600  loss=0.1145  (436s)
  epoch 8 step 1800  loss=0.1147  (489s)
  epoch 8 step 2000  loss=0.1146  (544s)
  epoch 8 step 2200  loss=0.1145  (597s)
  epoch 8 step 2400  loss=0.1145  (652s)
  epoch 8 step 2600  loss=0.1145  (705s)
  epoch 8 step 2800  loss=0.1144  (761s)
  epoch 8 step 3000  loss=0.1145  (818s)
  epoch 8 step 3200  loss=0.1144  (873s)
  epoch 8 step 3400  loss=0.1144  (931s)
  epoch 8 step 3600  loss=0.1144  (990s)
  epoch 8 step 3800  loss=0.1144  (1046s)
  epoch 8 step 4000  loss=0.1144  (1105s)
  epoch 8 step 4200  loss=0.1144  (1162s)
  epoch 8 step 4400  loss=0.1143  (1220s)
  epoch 8 step 4600  loss=0.1143  (1280s)
  epoch 8 step 4800  loss=0.1143  (1340s)
  epoch 8 step 5000  loss=0.1143  (1397s)
  epoch 8 step 5200  loss=0.1143  (1456s)
  epoch 8 step 5400  loss=0.1143  (1513s)
  epoch 8 step 5600  loss=0.1142  (1570s)
  epoch 8 step 5800  loss=0.1142  (1627s)
  epoch 8 step 6000  loss=0.1142  (1683s)
  epoch 8 step 6200  loss=0.1142  (1739s)
  epoch 8 step 6400  loss=0.1142  (1800s)
  epoch 8 step 6600  loss=0.1141  (1856s)
  epoch 8 step 6800  loss=0.1141  (1918s)
  epoch 8 step 7000  loss=0.1141  (1972s)
  epoch 8 step 7200  loss=0.1141  (2030s)
  epoch 8 step 7400  loss=0.1141  (2090s)
  epoch 8 step 7600  loss=0.1141  (2204s)
  epoch 8 step 7800  loss=0.1141  (2313s)
  epoch 8 step 8000  loss=0.1141  (2369s)
  epoch 8 step 8200  loss=0.1140  (2426s)
  epoch 8 step 8400  loss=0.1141  (2482s)
  epoch 8 step 8600  loss=0.1140  (2542s)
  epoch 8 step 8800  loss=0.1140  (2600s)
  epoch 8 step 9000  loss=0.1141  (2662s)
  epoch 8 step 9200  loss=0.1141  (2719s)
  epoch 8 step 9400  loss=0.1140  (2778s)
  epoch 8 step 9600  loss=0.1140  (2836s)
  epoch 8 step 9800  loss=0.1140  (2894s)
  epoch 8 step 10000  loss=0.1140  (2952s)
  epoch 8 step 10200  loss=0.1140  (3013s)
  epoch 8 step 10400  loss=0.1140  (3074s)
  epoch 8 step 10600  loss=0.1140  (3135s)
  epoch 8 step 10800  loss=0.1140  (3195s)
  epoch 8 step 11000  loss=0.1141  (3256s)
  epoch 8 step 11200  loss=0.1141  (3315s)
  epoch 8 step 11400  loss=0.1141  (3375s)
  epoch 8 step 11600  loss=0.1141  (3434s)
  epoch 8 step 11800  loss=0.1140  (3496s)
  epoch 8 step 12000  loss=0.1140  (3558s)
  epoch 8 step 12200  loss=0.1140  (3620s)
  epoch 8 step 12400  loss=0.1140  (3681s)
  epoch 8 step 12600  loss=0.1140  (3744s)
  epoch 8 step 12800  loss=0.1140  (3807s)
  epoch 8 step 13000  loss=0.1140  (3870s)
  epoch 8 step 13200  loss=0.1140  (3933s)
  epoch 8 step 13400  loss=0.1140  (3997s)
  epoch 8 step 13600  loss=0.1139  (4063s)
  epoch 8 step 13800  loss=0.1139  (4127s)
  epoch 8 step 14000  loss=0.1139  (4191s)
  epoch 8 step 14200  loss=0.1140  (4260s)
  epoch 8 step 14400  loss=0.1139  (4323s)
  epoch 8 step 14600  loss=0.1139  (4390s)
  epoch 8 step 14800  loss=0.1140  (4456s)
  epoch 8 step 15000  loss=0.1139  (4521s)
  epoch 8 step 15200  loss=0.1139  (4587s)
  epoch 8 step 15400  loss=0.1139  (4653s)
  epoch 8 step 15600  loss=0.1139  (4717s)
  epoch 8 step 15800  loss=0.1139  (4785s)
  epoch 8 step 16000  loss=0.1139  (4848s)
  epoch 8 step 16200  loss=0.1139  (4908s)
  epoch 8 step 16400  loss=0.1139  (4968s)
  epoch 8 step 16600  loss=0.1139  (5029s)
  epoch 8 step 16800  loss=0.1139  (5091s)
  epoch 8 step 17000  loss=0.1139  (5152s)
  epoch 8 step 17200  loss=0.1139  (5212s)
  epoch 8 step 17400  loss=0.1139  (5271s)
  epoch 8 step 17600  loss=0.1139  (5331s)
  epoch 8 step 17800  loss=0.1139  (5388s)
  epoch 8 step 18000  loss=0.1139  (5444s)
  epoch 8 step 18200  loss=0.1139  (5497s)
  epoch 8 step 18400  loss=0.1139  (5554s)
  epoch 8 step 18600  loss=0.1139  (5612s)
  epoch 8 step 18800  loss=0.1139  (5667s)
  epoch 8 step 19000  loss=0.1139  (5722s)
  epoch 8 step 19200  loss=0.1139  (5776s)
  epoch 8 step 19400  loss=0.1138  (5833s)
  epoch 8 step 19600  loss=0.1139  (5887s)
  epoch 8 step 19800  loss=0.1138  (5941s)
  epoch 8 step 20000  loss=0.1138  (5995s)
  epoch 8 step 20200  loss=0.1138  (6052s)
  epoch 8 step 20400  loss=0.1138  (6108s)
  epoch 8 step 20600  loss=0.1138  (6162s)
  epoch 8 step 20800  loss=0.1138  (6217s)
  epoch 8 step 21000  loss=0.1138  (6274s)
  epoch 8 step 21200  loss=0.1138  (6331s)
  epoch 8 step 21400  loss=0.1138  (6387s)
  epoch 8 step 21600  loss=0.1138  (6443s)
  epoch 8 step 21800  loss=0.1138  (6501s)
  epoch 8 step 22000  loss=0.1138  (6557s)
  epoch 8 step 22200  loss=0.1138  (6615s)
  epoch 8 step 22400  loss=0.1138  (6672s)
[epoch 8] loss=0.1138 lr=1.00e-04 train=6702s
      ai: acc=0.7633 ap=0.8718  blur: acc=0.9939 ap=0.9992  jpeg: acc=0.9993 ap=1.0000  noise: acc=0.9997 ap=1.0000
      ai AP by variant:  clean=0.9997  blur=0.8572  jpeg=0.6920  noise=0.7093
  epoch 9 step 200  loss=0.1126  (56s)
  epoch 9 step 400  loss=0.1132  (108s)
  epoch 9 step 600  loss=0.1133  (159s)
  epoch 9 step 800  loss=0.1136  (211s)
  epoch 9 step 1000  loss=0.1129  (264s)
  epoch 9 step 1200  loss=0.1127  (315s)
  epoch 9 step 1400  loss=0.1125  (367s)
  epoch 9 step 1600  loss=0.1125  (423s)
  epoch 9 step 1800  loss=0.1127  (475s)
  epoch 9 step 2000  loss=0.1128  (530s)
  epoch 9 step 2200  loss=0.1128  (586s)
  epoch 9 step 2400  loss=0.1130  (643s)
  epoch 9 step 2600  loss=0.1130  (698s)
  epoch 9 step 2800  loss=0.1130  (751s)
  epoch 9 step 3000  loss=0.1131  (805s)
  epoch 9 step 3200  loss=0.1130  (862s)
  epoch 9 step 3400  loss=0.1130  (917s)
  epoch 9 step 3600  loss=0.1131  (973s)
  epoch 9 step 3800  loss=0.1131  (1027s)
  epoch 9 step 4000  loss=0.1130  (1085s)
  epoch 9 step 4200  loss=0.1130  (1142s)
  epoch 9 step 4400  loss=0.1129  (1198s)
  epoch 9 step 4600  loss=0.1129  (1253s)
  epoch 9 step 4800  loss=0.1130  (1309s)
  epoch 9 step 5000  loss=0.1131  (1366s)
  epoch 9 step 5200  loss=0.1131  (1421s)
  epoch 9 step 5400  loss=0.1131  (1478s)
  epoch 9 step 5600  loss=0.1131  (1534s)
  epoch 9 step 5800  loss=0.1131  (1591s)
  epoch 9 step 6000  loss=0.1131  (1649s)
  epoch 9 step 6200  loss=0.1131  (1704s)
  epoch 9 step 6400  loss=0.1131  (1760s)
  epoch 9 step 6600  loss=0.1131  (1817s)
  epoch 9 step 6800  loss=0.1130  (1872s)
  epoch 9 step 7000  loss=0.1130  (1927s)
  epoch 9 step 7200  loss=0.1130  (1983s)
  epoch 9 step 7400  loss=0.1130  (2040s)
  epoch 9 step 7600  loss=0.1130  (2097s)
  epoch 9 step 7800  loss=0.1130  (2154s)
  epoch 9 step 8000  loss=0.1130  (2211s)
  epoch 9 step 8200  loss=0.1130  (2269s)
  epoch 9 step 8400  loss=0.1129  (2325s)
  epoch 9 step 8600  loss=0.1130  (2382s)
  epoch 9 step 8800  loss=0.1130  (2440s)
  epoch 9 step 9000  loss=0.1130  (2496s)
  epoch 9 step 9200  loss=0.1131  (2554s)
  epoch 9 step 9400  loss=0.1131  (2610s)
  epoch 9 step 9600  loss=0.1131  (2668s)
  epoch 9 step 9800  loss=0.1131  (2726s)
  epoch 9 step 10000  loss=0.1131  (2781s)
  epoch 9 step 10200  loss=0.1131  (2836s)
  epoch 9 step 10400  loss=0.1131  (2890s)
  epoch 9 step 10600  loss=0.1130  (2943s)
  epoch 9 step 10800  loss=0.1130  (2996s)
  epoch 9 step 11000  loss=0.1130  (3050s)
  epoch 9 step 11200  loss=0.1130  (3104s)
  epoch 9 step 11400  loss=0.1129  (3159s)
  epoch 9 step 11600  loss=0.1130  (3214s)
  epoch 9 step 11800  loss=0.1130  (3271s)
  epoch 9 step 12000  loss=0.1129  (3324s)
  epoch 9 step 12200  loss=0.1130  (3382s)
  epoch 9 step 12400  loss=0.1130  (3439s)
  epoch 9 step 12600  loss=0.1129  (3495s)
  epoch 9 step 12800  loss=0.1130  (3553s)
  epoch 9 step 13000  loss=0.1129  (3607s)
  epoch 9 step 13200  loss=0.1130  (3665s)
  epoch 9 step 13400  loss=0.1129  (3724s)
  epoch 9 step 13600  loss=0.1129  (3779s)
  epoch 9 step 13800  loss=0.1129  (3838s)
  epoch 9 step 14000  loss=0.1129  (3896s)
  epoch 9 step 14200  loss=0.1129  (3952s)
  epoch 9 step 14400  loss=0.1129  (4012s)
  epoch 9 step 14600  loss=0.1129  (4069s)
  epoch 9 step 14800  loss=0.1129  (4126s)
  epoch 9 step 15000  loss=0.1128  (4182s)
  epoch 9 step 15200  loss=0.1128  (4242s)
  epoch 9 step 15400  loss=0.1128  (4300s)
  epoch 9 step 15600  loss=0.1129  (4358s)
  epoch 9 step 15800  loss=0.1129  (4415s)
  epoch 9 step 16000  loss=0.1129  (4474s)
  epoch 9 step 16200  loss=0.1129  (4531s)
  epoch 9 step 16400  loss=0.1129  (4598s)
  epoch 9 step 16600  loss=0.1128  (4659s)
  epoch 9 step 16800  loss=0.1128  (4718s)
  epoch 9 step 17000  loss=0.1128  (4779s)
  epoch 9 step 17200  loss=0.1128  (4839s)
  epoch 9 step 17400  loss=0.1128  (4898s)
  epoch 9 step 17600  loss=0.1128  (4956s)
  epoch 9 step 17800  loss=0.1128  (5018s)
  epoch 9 step 18000  loss=0.1128  (5079s)
  epoch 9 step 18200  loss=0.1128  (5138s)
  epoch 9 step 18400  loss=0.1128  (5201s)
  epoch 9 step 18600  loss=0.1128  (5262s)
  epoch 9 step 18800  loss=0.1127  (5326s)
  epoch 9 step 19000  loss=0.1127  (5387s)
  epoch 9 step 19200  loss=0.1127  (5447s)
  epoch 9 step 19400  loss=0.1127  (5509s)
  epoch 9 step 19600  loss=0.1128  (5572s)
  epoch 9 step 19800  loss=0.1128  (5636s)
  epoch 9 step 20000  loss=0.1128  (5700s)
  epoch 9 step 20200  loss=0.1128  (5764s)
  epoch 9 step 20400  loss=0.1128  (5830s)
  epoch 9 step 20600  loss=0.1127  (5895s)
  epoch 9 step 20800  loss=0.1127  (5961s)
  epoch 9 step 21000  loss=0.1127  (6027s)
  epoch 9 step 21200  loss=0.1127  (6092s)
  epoch 9 step 21400  loss=0.1127  (6159s)
  epoch 9 step 21600  loss=0.1127  (6222s)
  epoch 9 step 21800  loss=0.1127  (6288s)
  epoch 9 step 22000  loss=0.1127  (6355s)
  epoch 9 step 22200  loss=0.1127  (6423s)
  epoch 9 step 22400  loss=0.1127  (6491s)
[epoch 9] loss=0.1127 lr=1.00e-04 train=6526s
      ai: acc=0.7667 ap=0.8785  blur: acc=0.9945 ap=0.9994  jpeg: acc=0.9993 ap=1.0000  noise: acc=0.9998 ap=1.0000
      ai AP by variant:  clean=0.9998  blur=0.8649  jpeg=0.7111  noise=0.7265
  epoch 10 step 200  loss=0.1128  (56s)
  epoch 10 step 400  loss=0.1135  (107s)
  epoch 10 step 600  loss=0.1137  (161s)
  epoch 10 step 800  loss=0.1134  (212s)
  epoch 10 step 1000  loss=0.1134  (279s)
  epoch 10 step 1200  loss=0.1130  (334s)
  epoch 10 step 1400  loss=0.1127  (388s)
  epoch 10 step 1600  loss=0.1126  (442s)
  epoch 10 step 1800  loss=0.1125  (493s)
  epoch 10 step 2000  loss=0.1123  (547s)
  epoch 10 step 2200  loss=0.1124  (604s)
  epoch 10 step 2400  loss=0.1123  (661s)
  epoch 10 step 2600  loss=0.1122  (716s)
  epoch 10 step 2800  loss=0.1122  (771s)
  epoch 10 step 3000  loss=0.1122  (825s)
  epoch 10 step 3200  loss=0.1123  (882s)
  epoch 10 step 3400  loss=0.1121  (937s)
  epoch 10 step 3600  loss=0.1122  (991s)
  epoch 10 step 3800  loss=0.1123  (1051s)
  epoch 10 step 4000  loss=0.1123  (1106s)
  epoch 10 step 4200  loss=0.1123  (1168s)
  epoch 10 step 4400  loss=0.1123  (1226s)
  epoch 10 step 4600  loss=0.1123  (1284s)
  epoch 10 step 4800  loss=0.1122  (1341s)
  epoch 10 step 5000  loss=0.1122  (1399s)
  epoch 10 step 5200  loss=0.1122  (1458s)
  epoch 10 step 5400  loss=0.1122  (1520s)
  epoch 10 step 5600  loss=0.1122  (1578s)
  epoch 10 step 5800  loss=0.1123  (1636s)
  epoch 10 step 6000  loss=0.1123  (1691s)
  epoch 10 step 6200  loss=0.1123  (1749s)
  epoch 10 step 6400  loss=0.1123  (1804s)
  epoch 10 step 6600  loss=0.1122  (1862s)
  epoch 10 step 6800  loss=0.1122  (1918s)
  epoch 10 step 7000  loss=0.1122  (1975s)
  epoch 10 step 7200  loss=0.1123  (2033s)
  epoch 10 step 7400  loss=0.1122  (2090s)
  epoch 10 step 7600  loss=0.1122  (2147s)
  epoch 10 step 7800  loss=0.1122  (2205s)
  epoch 10 step 8000  loss=0.1122  (2263s)
  epoch 10 step 8200  loss=0.1122  (2320s)
  epoch 10 step 8400  loss=0.1121  (2380s)
  epoch 10 step 8600  loss=0.1121  (2440s)
  epoch 10 step 8800  loss=0.1121  (2494s)
  epoch 10 step 9000  loss=0.1120  (2550s)
  epoch 10 step 9200  loss=0.1121  (2607s)
  epoch 10 step 9400  loss=0.1121  (2665s)
  epoch 10 step 9600  loss=0.1121  (2724s)
  epoch 10 step 9800  loss=0.1121  (2780s)
  epoch 10 step 10000  loss=0.1121  (2839s)
  epoch 10 step 10200  loss=0.1121  (2899s)
  epoch 10 step 10400  loss=0.1121  (2959s)
  epoch 10 step 10600  loss=0.1122  (3017s)
  epoch 10 step 10800  loss=0.1121  (3076s)
  epoch 10 step 11000  loss=0.1122  (3137s)
  epoch 10 step 11200  loss=0.1122  (3206s)
  epoch 10 step 11400  loss=0.1121  (3266s)
  epoch 10 step 11600  loss=0.1121  (3330s)
  epoch 10 step 11800  loss=0.1121  (3388s)
  epoch 10 step 12000  loss=0.1121  (3449s)
  epoch 10 step 12200  loss=0.1121  (3509s)
  epoch 10 step 12400  loss=0.1121  (3570s)
  epoch 10 step 12600  loss=0.1121  (3631s)
  epoch 10 step 12800  loss=0.1121  (3693s)
  epoch 10 step 13000  loss=0.1121  (3755s)
  epoch 10 step 13200  loss=0.1120  (3818s)
  epoch 10 step 13400  loss=0.1121  (3880s)
  epoch 10 step 13600  loss=0.1121  (3943s)
  epoch 10 step 13800  loss=0.1120  (4005s)
  epoch 10 step 14000  loss=0.1121  (4069s)
  epoch 10 step 14200  loss=0.1120  (4132s)
  epoch 10 step 14400  loss=0.1120  (4197s)
  epoch 10 step 14600  loss=0.1120  (4261s)
  epoch 10 step 14800  loss=0.1121  (4326s)
  epoch 10 step 15000  loss=0.1120  (4391s)
  epoch 10 step 15200  loss=0.1120  (4454s)
  epoch 10 step 15400  loss=0.1120  (4521s)
  epoch 10 step 15600  loss=0.1120  (4586s)
  epoch 10 step 15800  loss=0.1120  (4652s)
  epoch 10 step 16000  loss=0.1120  (4719s)
  epoch 10 step 16200  loss=0.1120  (4787s)
  epoch 10 step 16400  loss=0.1120  (4851s)
  epoch 10 step 16600  loss=0.1120  (4916s)
  epoch 10 step 16800  loss=0.1120  (4981s)
  epoch 10 step 17000  loss=0.1119  (5046s)
  epoch 10 step 17200  loss=0.1119  (5108s)
  epoch 10 step 17400  loss=0.1119  (5170s)
  epoch 10 step 17600  loss=0.1119  (5231s)
  epoch 10 step 17800  loss=0.1119  (5290s)
  epoch 10 step 18000  loss=0.1119  (5349s)
  epoch 10 step 18200  loss=0.1119  (5407s)
  epoch 10 step 18400  loss=0.1119  (5465s)
  epoch 10 step 18600  loss=0.1119  (5523s)
  epoch 10 step 18800  loss=0.1119  (5580s)
  epoch 10 step 19000  loss=0.1119  (5637s)
  epoch 10 step 19200  loss=0.1119  (5692s)
  epoch 10 step 19400  loss=0.1118  (5747s)
  epoch 10 step 19600  loss=0.1118  (5801s)
  epoch 10 step 19800  loss=0.1118  (5854s)
  epoch 10 step 20000  loss=0.1118  (5908s)
  epoch 10 step 20200  loss=0.1118  (5960s)
  epoch 10 step 20400  loss=0.1119  (6015s)
  epoch 10 step 20600  loss=0.1119  (6069s)
  epoch 10 step 20800  loss=0.1119  (6125s)
  epoch 10 step 21000  loss=0.1119  (6181s)
  epoch 10 step 21200  loss=0.1118  (6236s)
  epoch 10 step 21400  loss=0.1118  (6291s)
  epoch 10 step 21600  loss=0.1118  (6346s)
  epoch 10 step 21800  loss=0.1118  (6401s)
  epoch 10 step 22000  loss=0.1119  (6459s)
  epoch 10 step 22200  loss=0.1119  (6515s)
  epoch 10 step 22400  loss=0.1118  (6571s)
[epoch 10] loss=0.1118 lr=1.00e-04 train=6600s
      ai: acc=0.7712 ap=0.8782  blur: acc=0.9952 ap=0.9995  jpeg: acc=0.9993 ap=0.9999  noise: acc=0.9993 ap=1.0000
      ai AP by variant:  clean=0.9998  blur=0.8691  jpeg=0.7141  noise=0.7157
  epoch 11 step 200  loss=0.1116  (56s)
  epoch 11 step 400  loss=0.1114  (109s)
  epoch 11 step 600  loss=0.1112  (160s)
  epoch 11 step 800  loss=0.1115  (213s)
  epoch 11 step 1000  loss=0.1113  (265s)
  epoch 11 step 1200  loss=0.1113  (329s)
  epoch 11 step 1400  loss=0.1113  (383s)
  epoch 11 step 1600  loss=0.1112  (436s)
  epoch 11 step 1800  loss=0.1113  (489s)
  epoch 11 step 2000  loss=0.1112  (544s)
  epoch 11 step 2200  loss=0.1113  (597s)
  epoch 11 step 2400  loss=0.1114  (650s)
  epoch 11 step 2600  loss=0.1113  (707s)
  epoch 11 step 2800  loss=0.1113  (763s)
  epoch 11 step 3000  loss=0.1114  (818s)
  epoch 11 step 3200  loss=0.1115  (874s)
  epoch 11 step 3400  loss=0.1114  (933s)
  epoch 11 step 3600  loss=0.1114  (990s)
  epoch 11 step 3800  loss=0.1113  (1047s)
  epoch 11 step 4000  loss=0.1112  (1101s)
  epoch 11 step 4200  loss=0.1112  (1156s)
  epoch 11 step 4400  loss=0.1114  (1211s)
  epoch 11 step 4600  loss=0.1114  (1268s)
  epoch 11 step 4800  loss=0.1114  (1323s)
  epoch 11 step 5000  loss=0.1113  (1378s)
  epoch 11 step 5200  loss=0.1113  (1435s)
  epoch 11 step 5400  loss=0.1112  (1492s)
  epoch 11 step 5600  loss=0.1112  (1548s)
  epoch 11 step 5800  loss=0.1113  (1605s)
  epoch 11 step 6000  loss=0.1112  (1662s)
  epoch 11 step 6200  loss=0.1112  (1718s)
  epoch 11 step 6400  loss=0.1112  (1773s)
  epoch 11 step 6600  loss=0.1112  (1829s)
  epoch 11 step 6800  loss=0.1112  (1887s)
  epoch 11 step 7000  loss=0.1113  (1943s)
  epoch 11 step 7200  loss=0.1113  (2001s)
  epoch 11 step 7400  loss=0.1113  (2060s)
  epoch 11 step 7600  loss=0.1114  (2118s)
  epoch 11 step 7800  loss=0.1113  (2175s)
  epoch 11 step 8000  loss=0.1113  (2236s)
  epoch 11 step 8200  loss=0.1113  (2294s)
  epoch 11 step 8400  loss=0.1113  (2351s)
  epoch 11 step 8600  loss=0.1113  (2419s)
  epoch 11 step 8800  loss=0.1113  (2477s)
  epoch 11 step 9000  loss=0.1113  (2536s)
  epoch 11 step 9200  loss=0.1113  (2594s)
  epoch 11 step 9400  loss=0.1113  (2652s)
  epoch 11 step 9600  loss=0.1113  (2711s)
  epoch 11 step 9800  loss=0.1113  (2769s)
  epoch 11 step 10000  loss=0.1113  (2827s)
  epoch 11 step 10200  loss=0.1113  (2886s)
  epoch 11 step 10400  loss=0.1112  (2945s)
  epoch 11 step 10600  loss=0.1113  (3001s)
  epoch 11 step 10800  loss=0.1113  (3059s)
  epoch 11 step 11000  loss=0.1112  (3115s)
  epoch 11 step 11200  loss=0.1112  (3170s)
  epoch 11 step 11400  loss=0.1112  (3229s)
  epoch 11 step 11600  loss=0.1112  (3284s)
  epoch 11 step 11800  loss=0.1112  (3341s)
  epoch 11 step 12000  loss=0.1111  (3395s)
  epoch 11 step 12200  loss=0.1111  (3450s)
  epoch 11 step 12400  loss=0.1112  (3503s)
  epoch 11 step 12600  loss=0.1112  (3557s)
  epoch 11 step 12800  loss=0.1111  (3613s)
  epoch 11 step 13000  loss=0.1111  (3668s)
  epoch 11 step 13200  loss=0.1111  (3727s)
  epoch 11 step 13400  loss=0.1111  (3786s)
  epoch 11 step 13600  loss=0.1112  (3876s)
  epoch 11 step 13800  loss=0.1111  (4047s)
  epoch 11 step 14000  loss=0.1111  (4121s)
  epoch 11 step 14200  loss=0.1111  (4192s)
  epoch 11 step 14400  loss=0.1111  (4262s)
  epoch 11 step 14600  loss=0.1111  (4329s)
  epoch 11 step 14800  loss=0.1111  (4394s)
  epoch 11 step 15000  loss=0.1111  (4460s)
  epoch 11 step 15200  loss=0.1111  (4529s)
  epoch 11 step 15400  loss=0.1111  (4595s)
  epoch 11 step 15600  loss=0.1111  (4660s)
  epoch 11 step 15800  loss=0.1111  (4723s)
  epoch 11 step 16000  loss=0.1111  (4787s)
  epoch 11 step 16200  loss=0.1111  (4852s)
  epoch 11 step 16400  loss=0.1111  (4917s)
  epoch 11 step 16600  loss=0.1111  (4981s)
  epoch 11 step 16800  loss=0.1111  (5046s)
  epoch 11 step 17000  loss=0.1111  (5114s)
  epoch 11 step 17200  loss=0.1111  (5181s)
  epoch 11 step 17400  loss=0.1112  (5252s)
  epoch 11 step 17600  loss=0.1111  (5328s)
  epoch 11 step 17800  loss=0.1111  (5394s)
  epoch 11 step 18000  loss=0.1111  (5462s)
  epoch 11 step 18200  loss=0.1111  (5530s)
  epoch 11 step 18400  loss=0.1111  (5598s)
  epoch 11 step 18600  loss=0.1111  (5668s)
  epoch 11 step 18800  loss=0.1112  (5740s)
  epoch 11 step 19000  loss=0.1111  (5815s)
  epoch 11 step 19200  loss=0.1111  (5884s)
  epoch 11 step 19400  loss=0.1111  (5952s)
  epoch 11 step 19600  loss=0.1111  (6021s)
  epoch 11 step 19800  loss=0.1111  (6088s)
  epoch 11 step 20000  loss=0.1111  (6155s)
  epoch 11 step 20200  loss=0.1111  (6224s)
  epoch 11 step 20400  loss=0.1111  (6288s)
  epoch 11 step 20600  loss=0.1111  (6350s)
  epoch 11 step 20800  loss=0.1111  (6414s)
  epoch 11 step 21000  loss=0.1111  (6478s)
  epoch 11 step 21200  loss=0.1111  (6538s)
  epoch 11 step 21400  loss=0.1111  (6615s)
  epoch 11 step 21600  loss=0.1111  (6692s)
  epoch 11 step 21800  loss=0.1111  (6757s)
  epoch 11 step 22000  loss=0.1111  (6820s)
  epoch 11 step 22200  loss=0.1111  (6884s)
  epoch 11 step 22400  loss=0.1111  (6946s)
[epoch 11] loss=0.1111 lr=1.00e-04 train=6980s
      ai: acc=0.7700 ap=0.8767  blur: acc=0.9925 ap=0.9993  jpeg: acc=0.9993 ap=0.9999  noise: acc=0.9997 ap=1.0000
      ai AP by variant:  clean=0.9997  blur=0.8718  jpeg=0.7059  noise=0.7174
  epoch 12 step 200  loss=0.1117  (65s)
  epoch 12 step 400  loss=0.1110  (127s)
  epoch 12 step 600  loss=0.1113  (189s)
  epoch 12 step 800  loss=0.1108  (253s)
  epoch 12 step 1000  loss=0.1108  (335s)
  epoch 12 step 1200  loss=0.1109  (399s)
  epoch 12 step 1400  loss=0.1111  (461s)
  epoch 12 step 1600  loss=0.1111  (525s)
  epoch 12 step 1800  loss=0.1112  (585s)
  epoch 12 step 2000  loss=0.1111  (653s)
  epoch 12 step 2200  loss=0.1110  (727s)
  epoch 12 step 2400  loss=0.1108  (793s)
  epoch 12 step 2600  loss=0.1107  (860s)
  epoch 12 step 2800  loss=0.1109  (922s)
  epoch 12 step 3000  loss=0.1108  (985s)
  epoch 12 step 3200  loss=0.1109  (1049s)
  epoch 12 step 3400  loss=0.1108  (1112s)
  epoch 12 step 3600  loss=0.1108  (1180s)
  epoch 12 step 3800  loss=0.1108  (1245s)
  epoch 12 step 4000  loss=0.1108  (1307s)
  epoch 12 step 4200  loss=0.1108  (1373s)
  epoch 12 step 4400  loss=0.1107  (1438s)
  epoch 12 step 4600  loss=0.1108  (1504s)
  epoch 12 step 4800  loss=0.1107  (1565s)
  epoch 12 step 5000  loss=0.1108  (1628s)
  epoch 12 step 5200  loss=0.1107  (1693s)
  epoch 12 step 5400  loss=0.1107  (1758s)
  epoch 12 step 5600  loss=0.1107  (1820s)
  epoch 12 step 5800  loss=0.1107  (1883s)
  epoch 12 step 6000  loss=0.1107  (1946s)
  epoch 12 step 6200  loss=0.1107  (2012s)
  epoch 12 step 6400  loss=0.1107  (2073s)
  epoch 12 step 6600  loss=0.1107  (2146s)
  epoch 12 step 6800  loss=0.1107  (2209s)
  epoch 12 step 7000  loss=0.1107  (2272s)
  epoch 12 step 7200  loss=0.1107  (2350s)
  epoch 12 step 7400  loss=0.1107  (2417s)
  epoch 12 step 7600  loss=0.1107  (2476s)
  epoch 12 step 7800  loss=0.1107  (2537s)
  epoch 12 step 8000  loss=0.1107  (2599s)
  epoch 12 step 8200  loss=0.1107  (2661s)
  epoch 12 step 8400  loss=0.1107  (2724s)
  epoch 12 step 8600  loss=0.1107  (2786s)
  epoch 12 step 8800  loss=0.1107  (2846s)
  epoch 12 step 9000  loss=0.1107  (2906s)
  epoch 12 step 9200  loss=0.1106  (2968s)
  epoch 12 step 9400  loss=0.1107  (3031s)
  epoch 12 step 9600  loss=0.1107  (3094s)
  epoch 12 step 9800  loss=0.1107  (3156s)
  epoch 12 step 10000  loss=0.1106  (3220s)
  epoch 12 step 10200  loss=0.1107  (3285s)
  epoch 12 step 10400  loss=0.1107  (3351s)
  epoch 12 step 10600  loss=0.1107  (3413s)
  epoch 12 step 10800  loss=0.1107  (3477s)
  epoch 12 step 11000  loss=0.1106  (3541s)
  epoch 12 step 11200  loss=0.1106  (3609s)
  epoch 12 step 11400  loss=0.1106  (3672s)
  epoch 12 step 11600  loss=0.1106  (3736s)
  epoch 12 step 11800  loss=0.1106  (3800s)
  epoch 12 step 12000  loss=0.1106  (3867s)
  epoch 12 step 12200  loss=0.1106  (3934s)
  epoch 12 step 12400  loss=0.1106  (4000s)
  epoch 12 step 12600  loss=0.1106  (4067s)
  epoch 12 step 12800  loss=0.1106  (4130s)
  epoch 12 step 13000  loss=0.1106  (4194s)
  epoch 12 step 13200  loss=0.1106  (4257s)
  epoch 12 step 13400  loss=0.1106  (4320s)
  epoch 12 step 13600  loss=0.1106  (4381s)
  epoch 12 step 13800  loss=0.1106  (4443s)
  epoch 12 step 14000  loss=0.1106  (4504s)
  epoch 12 step 14200  loss=0.1106  (4563s)
  epoch 12 step 14400  loss=0.1106  (4623s)
  epoch 12 step 14600  loss=0.1106  (4682s)
  epoch 12 step 14800  loss=0.1105  (4741s)
  epoch 12 step 15000  loss=0.1105  (4799s)
  epoch 12 step 15200  loss=0.1105  (4862s)
  epoch 12 step 15400  loss=0.1105  (4936s)
  epoch 12 step 15600  loss=0.1105  (4995s)
  epoch 12 step 15800  loss=0.1105  (5055s)
  epoch 12 step 16000  loss=0.1105  (5116s)
  epoch 12 step 16200  loss=0.1105  (5176s)
  epoch 12 step 16400  loss=0.1105  (5243s)
  epoch 12 step 16600  loss=0.1105  (5303s)
  epoch 12 step 16800  loss=0.1105  (5363s)
  epoch 12 step 17000  loss=0.1105  (5424s)
  epoch 12 step 17200  loss=0.1106  (5485s)
  epoch 12 step 17400  loss=0.1105  (5549s)
  epoch 12 step 17600  loss=0.1105  (5607s)
  epoch 12 step 17800  loss=0.1106  (5672s)
  epoch 12 step 18000  loss=0.1105  (5735s)
  epoch 12 step 18200  loss=0.1105  (5797s)
  epoch 12 step 18400  loss=0.1105  (5860s)
  epoch 12 step 18600  loss=0.1105  (5925s)
  epoch 12 step 18800  loss=0.1105  (5988s)
  epoch 12 step 19000  loss=0.1105  (6057s)
  epoch 12 step 19200  loss=0.1105  (6125s)
  epoch 12 step 19400  loss=0.1105  (6192s)
  epoch 12 step 19600  loss=0.1105  (6256s)
  epoch 12 step 19800  loss=0.1105  (6323s)
  epoch 12 step 20000  loss=0.1105  (6391s)
  epoch 12 step 20200  loss=0.1105  (6459s)
  epoch 12 step 20400  loss=0.1105  (6523s)
  epoch 12 step 20600  loss=0.1106  (6590s)
  epoch 12 step 20800  loss=0.1105  (6654s)
  epoch 12 step 21000  loss=0.1106  (6720s)
  epoch 12 step 21200  loss=0.1105  (6789s)
  epoch 12 step 21400  loss=0.1105  (6858s)
  epoch 12 step 21600  loss=0.1105  (6926s)
  epoch 12 step 21800  loss=0.1105  (6992s)
  epoch 12 step 22000  loss=0.1105  (7062s)
  epoch 12 step 22200  loss=0.1105  (7132s)
  epoch 12 step 22400  loss=0.1105  (7197s)
[epoch 12] loss=0.1105 lr=1.00e-04 train=7233s
      ai: acc=0.7791 ap=0.8826  blur: acc=0.9946 ap=0.9995  jpeg: acc=0.9990 ap=1.0000  noise: acc=0.9995 ap=1.0000
      ai AP by variant:  clean=0.9998  blur=0.8785  jpeg=0.7057  noise=0.7340
  epoch 13 step 200  loss=0.1104  (66s)
  epoch 13 step 400  loss=0.1104  (130s)
  epoch 13 step 600  loss=0.1093  (193s)
  epoch 13 step 800  loss=0.1097  (258s)
  epoch 13 step 1000  loss=0.1097  (324s)
  epoch 13 step 1200  loss=0.1097  (391s)
  epoch 13 step 1400  loss=0.1097  (456s)
  epoch 13 step 1600  loss=0.1099  (519s)
  epoch 13 step 1800  loss=0.1101  (583s)
  epoch 13 step 2000  loss=0.1102  (649s)
  epoch 13 step 2200  loss=0.1101  (717s)
  epoch 13 step 2400  loss=0.1100  (784s)
  epoch 13 step 2600  loss=0.1100  (853s)
  epoch 13 step 2800  loss=0.1099  (919s)
  epoch 13 step 3000  loss=0.1098  (1000s)
  epoch 13 step 3200  loss=0.1100  (1067s)
  epoch 13 step 3400  loss=0.1100  (1137s)
  epoch 13 step 3600  loss=0.1099  (1221s)
  epoch 13 step 3800  loss=0.1098  (1322s)
  epoch 13 step 4000  loss=0.1099  (1421s)
  epoch 13 step 4200  loss=0.1099  (1516s)
  epoch 13 step 4400  loss=0.1099  (1614s)
  epoch 13 step 4600  loss=0.1098  (1706s)
  epoch 13 step 4800  loss=0.1097  (1804s)
  epoch 13 step 5000  loss=0.1097  (1901s)
  epoch 13 step 5200  loss=0.1097  (1999s)
  epoch 13 step 5400  loss=0.1098  (2099s)
  epoch 13 step 5600  loss=0.1098  (2199s)
  epoch 13 step 5800  loss=0.1098  (2294s)
  epoch 13 step 6000  loss=0.1098  (2395s)
  epoch 13 step 6200  loss=0.1098  (2493s)
  epoch 13 step 6400  loss=0.1098  (2593s)
  epoch 13 step 6600  loss=0.1098  (2687s)
  epoch 13 step 6800  loss=0.1098  (2791s)
  epoch 13 step 7000  loss=0.1098  (2892s)
  epoch 13 step 7200  loss=0.1097  (2987s)
  epoch 13 step 7400  loss=0.1097  (3102s)
  epoch 13 step 7600  loss=0.1097  (3199s)
  epoch 13 step 7800  loss=0.1097  (3293s)
  epoch 13 step 8000  loss=0.1097  (3388s)
  epoch 13 step 8200  loss=0.1097  (3482s)
  epoch 13 step 8400  loss=0.1097  (3575s)
  epoch 13 step 8600  loss=0.1096  (3668s)
  epoch 13 step 8800  loss=0.1096  (3762s)
  epoch 13 step 9000  loss=0.1096  (3854s)
  epoch 13 step 9200  loss=0.1097  (3945s)
  epoch 13 step 9400  loss=0.1097  (4038s)
  epoch 13 step 9600  loss=0.1096  (4132s)
  epoch 13 step 9800  loss=0.1096  (4222s)
  epoch 13 step 10000  loss=0.1096  (4314s)
  epoch 13 step 10200  loss=0.1096  (4407s)
  epoch 13 step 10400  loss=0.1096  (4499s)
  epoch 13 step 10600  loss=0.1096  (4589s)
  epoch 13 step 10800  loss=0.1096  (4680s)
  epoch 13 step 11000  loss=0.1096  (4771s)
  epoch 13 step 11200  loss=0.1096  (4860s)
  epoch 13 step 11400  loss=0.1095  (4948s)
  epoch 13 step 11600  loss=0.1096  (5036s)
  epoch 13 step 11800  loss=0.1096  (5126s)
  epoch 13 step 12000  loss=0.1096  (5213s)
  epoch 13 step 12200  loss=0.1096  (5303s)
  epoch 13 step 12400  loss=0.1096  (5391s)
  epoch 13 step 12600  loss=0.1096  (5476s)
  epoch 13 step 12800  loss=0.1096  (5565s)
  epoch 13 step 13000  loss=0.1096  (5654s)
  epoch 13 step 13200  loss=0.1096  (5738s)
  epoch 13 step 13400  loss=0.1096  (5828s)
  epoch 13 step 13600  loss=0.1096  (5920s)
  epoch 13 step 13800  loss=0.1096  (6011s)
  epoch 13 step 14000  loss=0.1096  (6109s)
  epoch 13 step 14200  loss=0.1096  (6195s)
  epoch 13 step 14400  loss=0.1096  (6284s)
  epoch 13 step 14600  loss=0.1096  (6373s)
  epoch 13 step 14800  loss=0.1096  (6459s)
  epoch 13 step 15000  loss=0.1096  (6552s)
  epoch 13 step 15200  loss=0.1096  (6639s)
  epoch 13 step 15400  loss=0.1096  (6726s)
  epoch 13 step 15600  loss=0.1096  (6812s)
  epoch 13 step 15800  loss=0.1096  (6899s)
  epoch 13 step 16000  loss=0.1096  (6989s)
  epoch 13 step 16200  loss=0.1096  (7078s)
  epoch 13 step 16400  loss=0.1096  (7166s)
  epoch 13 step 16600  loss=0.1096  (7255s)
  epoch 13 step 16800  loss=0.1096  (7344s)
  epoch 13 step 17000  loss=0.1096  (7429s)
  epoch 13 step 17200  loss=0.1096  (7534s)
  epoch 13 step 17400  loss=0.1096  (7621s)
  epoch 13 step 17600  loss=0.1096  (7706s)
  epoch 13 step 17800  loss=0.1096  (7793s)
  epoch 13 step 18000  loss=0.1096  (7890s)
  epoch 13 step 18200  loss=0.1096  (7978s)
  epoch 13 step 18400  loss=0.1096  (8066s)
  epoch 13 step 18600  loss=0.1096  (8156s)
  epoch 13 step 18800  loss=0.1096  (8249s)
  epoch 13 step 19000  loss=0.1096  (8337s)
  epoch 13 step 19200  loss=0.1096  (8422s)
  epoch 13 step 19400  loss=0.1096  (8505s)
  epoch 13 step 19600  loss=0.1097  (8590s)
  epoch 13 step 19800  loss=0.1096  (8679s)
  epoch 13 step 20000  loss=0.1097  (8766s)
  epoch 13 step 20200  loss=0.1096  (8857s)
  epoch 13 step 20400  loss=0.1097  (8960s)
  epoch 13 step 20600  loss=0.1097  (9052s)
  epoch 13 step 20800  loss=0.1096  (9137s)
  epoch 13 step 21000  loss=0.1096  (9231s)
  epoch 13 step 21200  loss=0.1096  (9323s)
  epoch 13 step 21400  loss=0.1096  (9408s)
  epoch 13 step 21600  loss=0.1096  (9498s)
  epoch 13 step 21800  loss=0.1096  (9585s)
  epoch 13 step 22000  loss=0.1096  (9670s)
  epoch 13 step 22200  loss=0.1096  (9753s)
  epoch 13 step 22400  loss=0.1096  (9840s)
[epoch 13] loss=0.1096 lr=1.00e-04 train=9882s
      ai: acc=0.7753 ap=0.8831  blur: acc=0.9946 ap=0.9995  jpeg: acc=0.9994 ap=1.0000  noise: acc=0.9996 ap=1.0000
      ai AP by variant:  clean=0.9998  blur=0.8767  jpeg=0.7084  noise=0.7267
  epoch 14 step 200  loss=0.1091  (94s)
  epoch 14 step 400  loss=0.1101  (180s)
  epoch 14 step 600  loss=0.1099  (266s)
  epoch 14 step 800  loss=0.1100  (353s)
  epoch 14 step 1000  loss=0.1097  (441s)
  epoch 14 step 1200  loss=0.1098  (531s)
  epoch 14 step 1400  loss=0.1097  (616s)
  epoch 14 step 1600  loss=0.1097  (700s)
  epoch 14 step 1800  loss=0.1098  (783s)
  epoch 14 step 2000  loss=0.1097  (868s)
  epoch 14 step 2200  loss=0.1098  (956s)
  epoch 14 step 2400  loss=0.1097  (1038s)
  epoch 14 step 2600  loss=0.1097  (1122s)
  epoch 14 step 2800  loss=0.1096  (1209s)
  epoch 14 step 3000  loss=0.1095  (1293s)
  epoch 14 step 3200  loss=0.1095  (1490s)
  epoch 14 step 3400  loss=0.1095  (1576s)
  epoch 14 step 3600  loss=0.1095  (1661s)
  epoch 14 step 3800  loss=0.1095  (1746s)
  epoch 14 step 4000  loss=0.1095  (1833s)
  epoch 14 step 4200  loss=0.1095  (1916s)
  epoch 14 step 4400  loss=0.1095  (2005s)
  epoch 14 step 4600  loss=0.1096  (2091s)
