
TRAIN: 360040 sources x 4 variants = 1440160 samples
  categories: 20  sources/category: [18002]
  real sources: 180020   fake sources: 180020
  per category/label, each of clean|blur|jpeg|noise gets exactly 9001 samples
  severity levels (index 0/1/2) over all sources: 120040 / 120000 / 120000
  max level imbalance within any category/label group: 1 sample(s)  [40 groups]

VAL: 8000 sources x 4 variants = 32000 samples
  categories: 20  sources/category: [400]
  real sources: 4000   fake sources: 4000
  per category/label, each of clean|blur|jpeg|noise gets exactly 200 samples
  severity levels (index 0/1/2) over all sources: 2680 / 2680 / 2640
  max level imbalance within any category/label group: 1 sample(s)  [40 groups]
  epoch 10 step 200  loss=0.1092  (101s)
  epoch 10 step 400  loss=0.1091  (195s)
  epoch 10 step 600  loss=0.1085  (287s)
  epoch 10 step 800  loss=0.1083  (385s)
  epoch 10 step 1000  loss=0.1086  (480s)
  epoch 10 step 1200  loss=0.1084  (577s)
  epoch 10 step 1400  loss=0.1086  (672s)
  epoch 10 step 1600  loss=0.1083  (768s)
  epoch 10 step 1800  loss=0.1083  (861s)
  epoch 10 step 2000  loss=0.1083  (958s)
  epoch 10 step 2200  loss=0.1082  (1054s)
  epoch 10 step 2400  loss=0.1081  (1160s)
  epoch 10 step 2600  loss=0.1081  (1256s)
  epoch 10 step 2800  loss=0.1081  (1353s)
  epoch 10 step 3000  loss=0.1080  (1450s)
  epoch 10 step 3200  loss=0.1080  (1549s)
  epoch 10 step 3400  loss=0.1079  (1652s)
  epoch 10 step 3600  loss=0.1079  (1750s)
  epoch 10 step 3800  loss=0.1079  (1846s)
  epoch 10 step 4000  loss=0.1079  (1942s)
  epoch 10 step 4200  loss=0.1080  (2038s)
  epoch 10 step 4400  loss=0.1079  (2133s)
  epoch 10 step 4600  loss=0.1079  (2233s)
  epoch 10 step 4800  loss=0.1078  (2336s)
  epoch 10 step 5000  loss=0.1078  (2450s)
  epoch 10 step 5200  loss=0.1078  (2564s)
  epoch 10 step 5400  loss=0.1078  (2664s)
  epoch 10 step 5600  loss=0.1078  (2762s)
  epoch 10 step 5800  loss=0.1078  (2868s)
  epoch 10 step 6000  loss=0.1077  (2972s)
  epoch 10 step 6200  loss=0.1077  (3074s)
  epoch 10 step 6400  loss=0.1076  (3178s)
  epoch 10 step 6600  loss=0.1076  (3300s)
  epoch 10 step 6800  loss=0.1076  (3402s)
  epoch 10 step 7000  loss=0.1075  (3503s)
  epoch 10 step 7200  loss=0.1075  (3620s)
  epoch 10 step 7400  loss=0.1075  (3728s)
  epoch 10 step 7600  loss=0.1074  (3833s)
  epoch 10 step 7800  loss=0.1074  (3938s)
  epoch 10 step 8000  loss=0.1074  (4045s)
  epoch 10 step 8200  loss=0.1074  (4152s)
  epoch 10 step 8400  loss=0.1074  (4260s)
  epoch 10 step 8600  loss=0.1075  (4367s)
  epoch 10 step 8800  loss=0.1075  (4474s)
  epoch 10 step 9000  loss=0.1074  (4577s)
  epoch 10 step 9200  loss=0.1074  (4681s)
  epoch 10 step 9400  loss=0.1074  (4783s)
  epoch 10 step 9600  loss=0.1073  (4885s)
  epoch 10 step 9800  loss=0.1073  (4979s)
  epoch 10 step 10000  loss=0.1074  (5086s)
  epoch 10 step 10200  loss=0.1074  (5182s)
  epoch 10 step 10400  loss=0.1074  (5301s)
  epoch 10 step 10600  loss=0.1073  (5397s)
  epoch 10 step 10800  loss=0.1073  (5494s)
  epoch 10 step 11000  loss=0.1073  (5589s)
  epoch 10 step 11200  loss=0.1073  (5686s)
  epoch 10 step 11400  loss=0.1073  (5784s)
  epoch 10 step 11600  loss=0.1073  (5878s)
  epoch 10 step 11800  loss=0.1073  (5977s)
  epoch 10 step 12000  loss=0.1073  (6072s)
  epoch 10 step 12200  loss=0.1073  (6172s)
  epoch 10 step 12400  loss=0.1073  (6270s)
  epoch 10 step 12600  loss=0.1073  (6369s)
  epoch 10 step 12800  loss=0.1073  (6467s)
  epoch 10 step 13000  loss=0.1073  (6571s)
  epoch 10 step 13200  loss=0.1073  (6671s)
  epoch 10 step 13400  loss=0.1073  (6774s)
  epoch 10 step 13600  loss=0.1073  (6879s)
  epoch 10 step 13800  loss=0.1073  (6980s)
  epoch 10 step 14000  loss=0.1073  (7080s)
  epoch 10 step 14200  loss=0.1073  (7178s)
  epoch 10 step 14400  loss=0.1073  (7274s)
  epoch 10 step 14600  loss=0.1073  (7369s)
  epoch 10 step 14800  loss=0.1073  (7464s)
  epoch 10 step 15000  loss=0.1073  (7557s)
  epoch 10 step 15200  loss=0.1073  (7653s)
  epoch 10 step 15400  loss=0.1073  (7745s)
  epoch 10 step 15600  loss=0.1073  (7853s)
  epoch 10 step 15800  loss=0.1073  (7950s)
  epoch 10 step 16000  loss=0.1073  (8045s)
  epoch 10 step 16200  loss=0.1073  (8142s)
  epoch 10 step 16400  loss=0.1073  (8234s)
  epoch 10 step 16600  loss=0.1073  (8326s)
  epoch 10 step 16800  loss=0.1073  (8421s)
  epoch 10 step 17000  loss=0.1073  (8517s)
  epoch 10 step 17200  loss=0.1073  (8615s)
  epoch 10 step 17400  loss=0.1073  (8711s)
  epoch 10 step 17600  loss=0.1073  (8808s)
  epoch 10 step 17800  loss=0.1073  (8908s)
  epoch 10 step 18000  loss=0.1073  (9008s)
  epoch 10 step 18200  loss=0.1073  (9110s)
  epoch 10 step 18400  loss=0.1074  (9212s)
  epoch 10 step 18600  loss=0.1074  (9316s)
  epoch 10 step 18800  loss=0.1074  (9421s)
  epoch 10 step 19000  loss=0.1074  (9520s)
  epoch 10 step 19200  loss=0.1074  (9624s)
  epoch 10 step 19400  loss=0.1074  (9727s)
  epoch 10 step 19600  loss=0.1074  (9831s)
  epoch 10 step 19800  loss=0.1074  (9936s)
  epoch 10 step 20000  loss=0.1074  (10042s)
  epoch 10 step 20200  loss=0.1073  (10143s)
  epoch 10 step 20400  loss=0.1073  (10247s)
  epoch 10 step 20600  loss=0.1073  (10352s)
  epoch 10 step 20800  loss=0.1073  (10455s)
  epoch 10 step 21000  loss=0.1073  (10560s)
  epoch 10 step 21200  loss=0.1073  (10665s)
  epoch 10 step 21400  loss=0.1073  (10773s)
  epoch 10 step 21600  loss=0.1073  (10879s)
  epoch 10 step 21800  loss=0.1073  (10985s)
  epoch 10 step 22000  loss=0.1073  (11090s)
  epoch 10 step 22200  loss=0.1073  (11201s)
  epoch 10 step 22400  loss=0.1073  (11318s)
[epoch 10] loss=0.1073 lr=1.00e-05 train=11374s
      ai: acc=0.7789 ap=0.8849  blur: acc=0.9963 ap=0.9996  jpeg: acc=0.9996 ap=1.0000  noise: acc=0.9998 ap=1.0000
      ai AP by variant:  clean=0.9998  blur=0.8764  jpeg=0.7158  noise=0.7374
  epoch 11 step 200  loss=0.1061  (160s)
  epoch 11 step 400  loss=0.1063  (315s)
  epoch 11 step 600  loss=0.1058  (467s)
  epoch 11 step 800  loss=0.1059  (621s)
  epoch 11 step 1000  loss=0.1058  (777s)
  epoch 11 step 1200  loss=0.1060  (936s)
  epoch 11 step 1400  loss=0.1060  (1094s)
  epoch 11 step 1600  loss=0.1060  (1248s)
  epoch 11 step 1800  loss=0.1062  (1405s)
  epoch 11 step 2000  loss=0.1063  (1564s)
  epoch 11 step 2200  loss=0.1064  (1732s)
  epoch 11 step 2400  loss=0.1064  (1890s)
  epoch 11 step 2600  loss=0.1065  (2040s)
  epoch 11 step 2800  loss=0.1065  (2188s)
  epoch 11 step 3000  loss=0.1066  (2335s)
  epoch 11 step 3200  loss=0.1066  (2481s)
  epoch 11 step 3400  loss=0.1066  (2626s)
  epoch 11 step 3600  loss=0.1066  (2773s)
  epoch 11 step 3800  loss=0.1067  (2917s)
  epoch 11 step 4000  loss=0.1066  (3063s)
  epoch 11 step 4200  loss=0.1065  (3209s)
  epoch 11 step 4400  loss=0.1065  (3352s)
  epoch 11 step 4600  loss=0.1064  (3495s)
  epoch 11 step 4800  loss=0.1064  (3634s)
  epoch 11 step 5000  loss=0.1065  (3774s)
  epoch 11 step 5200  loss=0.1064  (3916s)
  epoch 11 step 5400  loss=0.1064  (4058s)
  epoch 11 step 5600  loss=0.1065  (4197s)
  epoch 11 step 5800  loss=0.1065  (4336s)
  epoch 11 step 6000  loss=0.1065  (4477s)
  epoch 11 step 6200  loss=0.1065  (4621s)
  epoch 11 step 6400  loss=0.1065  (4774s)
  epoch 11 step 6600  loss=0.1065  (4911s)
  epoch 11 step 6800  loss=0.1065  (5049s)
  epoch 11 step 7000  loss=0.1065  (5189s)
  epoch 11 step 7200  loss=0.1065  (5331s)
  epoch 11 step 7400  loss=0.1065  (5470s)
  epoch 11 step 7600  loss=0.1065  (5608s)
  epoch 11 step 7800  loss=0.1065  (5743s)
  epoch 11 step 8000  loss=0.1064  (5887s)
  epoch 11 step 8200  loss=0.1065  (6029s)
  epoch 11 step 8400  loss=0.1065  (6184s)
  epoch 11 step 8600  loss=0.1065  (6323s)
  epoch 11 step 8800  loss=0.1065  (6460s)
  epoch 11 step 9000  loss=0.1064  (6603s)
  epoch 11 step 9200  loss=0.1064  (6742s)
  epoch 11 step 9400  loss=0.1065  (6887s)
  epoch 11 step 9600  loss=0.1064  (7030s)
  epoch 11 step 9800  loss=0.1064  (7167s)
  epoch 11 step 10000  loss=0.1064  (7305s)
  epoch 11 step 10200  loss=0.1064  (7442s)
  epoch 11 step 10400  loss=0.1064  (7580s)
  epoch 11 step 10600  loss=0.1064  (7732s)
  epoch 11 step 10800  loss=0.1064  (7881s)
  epoch 11 step 11000  loss=0.1064  (8021s)
  epoch 11 step 11200  loss=0.1064  (8159s)
  epoch 11 step 11400  loss=0.1064  (8299s)
  epoch 11 step 11600  loss=0.1065  (8434s)
  epoch 11 step 11800  loss=0.1065  (8571s)
  epoch 11 step 12000  loss=0.1065  (8711s)
  epoch 11 step 12200  loss=0.1065  (8856s)
  epoch 11 step 12400  loss=0.1065  (8995s)
  epoch 11 step 12600  loss=0.1065  (9136s)
  epoch 11 step 12800  loss=0.1065  (9278s)
  epoch 11 step 13000  loss=0.1065  (9411s)
  epoch 11 step 13200  loss=0.1065  (9546s)
  epoch 11 step 13400  loss=0.1065  (9682s)
  epoch 11 step 13600  loss=0.1065  (9816s)
  epoch 11 step 13800  loss=0.1065  (9952s)
  epoch 11 step 14000  loss=0.1065  (10198s)
  epoch 11 step 14200  loss=0.1066  (10334s)
  epoch 11 step 14400  loss=0.1065  (10468s)
  epoch 11 step 14600  loss=0.1065  (10604s)
  epoch 11 step 14800  loss=0.1065  (10741s)
  epoch 11 step 15000  loss=0.1065  (10876s)
  epoch 11 step 15200  loss=0.1065  (11006s)
  epoch 11 step 15400  loss=0.1065  (11133s)
  epoch 11 step 15600  loss=0.1065  (11253s)
  epoch 11 step 15800  loss=0.1065  (11370s)
  epoch 11 step 16000  loss=0.1065  (11488s)
  epoch 11 step 16200  loss=0.1065  (11602s)
  epoch 11 step 16400  loss=0.1065  (11714s)
  epoch 11 step 16600  loss=0.1065  (11822s)
  epoch 11 step 16800  loss=0.1065  (11927s)
  epoch 11 step 17000  loss=0.1065  (12030s)
  epoch 11 step 17200  loss=0.1065  (12134s)
  epoch 11 step 17400  loss=0.1065  (12233s)
  epoch 11 step 17600  loss=0.1065  (12332s)
  epoch 11 step 17800  loss=0.1065  (12428s)
  epoch 11 step 18000  loss=0.1065  (12524s)
  epoch 11 step 18200  loss=0.1065  (12616s)
  epoch 11 step 18400  loss=0.1065  (12705s)
  epoch 11 step 18600  loss=0.1065  (12793s)
  epoch 11 step 18800  loss=0.1065  (12881s)
  epoch 11 step 19000  loss=0.1065  (12966s)
  epoch 11 step 19200  loss=0.1065  (13052s)
  epoch 11 step 19400  loss=0.1065  (13134s)
  epoch 11 step 19600  loss=0.1065  (13217s)
  epoch 11 step 19800  loss=0.1066  (13297s)
  epoch 11 step 20000  loss=0.1065  (13378s)
  epoch 11 step 20200  loss=0.1065  (13460s)
  epoch 11 step 20400  loss=0.1065  (13543s)
  epoch 11 step 20600  loss=0.1066  (13623s)
  epoch 11 step 20800  loss=0.1066  (13704s)
  epoch 11 step 21000  loss=0.1066  (13784s)
  epoch 11 step 21200  loss=0.1066  (13866s)
  epoch 11 step 21400  loss=0.1066  (13945s)
  epoch 11 step 21600  loss=0.1066  (14027s)
  epoch 11 step 21800  loss=0.1066  (14109s)
  epoch 11 step 22000  loss=0.1065  (14189s)
  epoch 11 step 22200  loss=0.1065  (14267s)
  epoch 11 step 22400  loss=0.1066  (14348s)
[epoch 11] loss=0.1066 lr=9.00e-06 train=14387s
      ai: acc=0.7810 ap=0.8872  blur: acc=0.9957 ap=0.9997  jpeg: acc=0.9994 ap=1.0000  noise: acc=0.9996 ap=1.0000
      ai AP by variant:  clean=0.9998  blur=0.8815  jpeg=0.7192  noise=0.7411
  epoch 12 step 200  loss=0.1049  (81s)

TRAIN: 360040 sources x 4 variants = 1440160 samples
  categories: 20  sources/category: [18002]
  real sources: 180020   fake sources: 180020
  per category/label, each of clean|blur|jpeg|noise gets exactly 9001 samples
  severity levels (index 0/1/2) over all sources: 120040 / 120000 / 120000
  max level imbalance within any category/label group: 1 sample(s)  [40 groups]

VAL: 8000 sources x 4 variants = 32000 samples
  categories: 20  sources/category: [400]
  real sources: 4000   fake sources: 4000
  per category/label, each of clean|blur|jpeg|noise gets exactly 200 samples
  severity levels (index 0/1/2) over all sources: 2680 / 2680 / 2640
  max level imbalance within any category/label group: 1 sample(s)  [40 groups]
  epoch 12 step 200  loss=0.1066  (75s)
  epoch 12 step 400  loss=0.1066  (121s)
  epoch 12 step 600  loss=0.1063  (170s)
  epoch 12 step 800  loss=0.1060  (215s)
  epoch 12 step 1000  loss=0.1063  (328s)
  epoch 12 step 1200  loss=0.1064  (1687s)
  epoch 12 step 1400  loss=0.1065  (1742s)
  epoch 12 step 1600  loss=0.1064  (1787s)
  epoch 12 step 1800  loss=0.1063  (1837s)
  epoch 12 step 2000  loss=0.1063  (1884s)
  epoch 12 step 2200  loss=0.1063  (1930s)
  epoch 12 step 2400  loss=0.1062  (1975s)
  epoch 12 step 2600  loss=0.1062  (2017s)
  epoch 12 step 2800  loss=0.1062  (2058s)
  epoch 12 step 3000  loss=0.1062  (2098s)
  epoch 12 step 3200  loss=0.1062  (2141s)
  epoch 12 step 3400  loss=0.1062  (2180s)
  epoch 12 step 3600  loss=0.1063  (2216s)
  epoch 12 step 3800  loss=0.1062  (2253s)
  epoch 12 step 4000  loss=0.1062  (2292s)
  epoch 12 step 4200  loss=0.1064  (2327s)
  epoch 12 step 4400  loss=0.1064  (2362s)
  epoch 12 step 4600  loss=0.1063  (2396s)
  epoch 12 step 4800  loss=0.1063  (2428s)
  epoch 12 step 5000  loss=0.1063  (2459s)
  epoch 12 step 5200  loss=0.1063  (2490s)
  epoch 12 step 5400  loss=0.1063  (2519s)
  epoch 12 step 5600  loss=0.1063  (2548s)
  epoch 12 step 5800  loss=0.1063  (2578s)
  epoch 12 step 6000  loss=0.1062  (2605s)
  epoch 12 step 6200  loss=0.1062  (2633s)
  epoch 12 step 6400  loss=0.1062  (2659s)
  epoch 12 step 6600  loss=0.1062  (2689s)
  epoch 12 step 6800  loss=0.1061  (2714s)
  epoch 12 step 7000  loss=0.1061  (2739s)
  epoch 12 step 7200  loss=0.1061  (2762s)
  epoch 12 step 7400  loss=0.1061  (2786s)
  epoch 12 step 7600  loss=0.1060  (2811s)
  epoch 12 step 7800  loss=0.1061  (2833s)
  epoch 12 step 8000  loss=0.1060  (2855s)
  epoch 12 step 8200  loss=0.1060  (2874s)
  epoch 12 step 8400  loss=0.1061  (2895s)
  epoch 12 step 8600  loss=0.1061  (2918s)
  epoch 12 step 8800  loss=0.1061  (2938s)
  epoch 12 step 9000  loss=0.1061  (2959s)
  epoch 12 step 9200  loss=0.1061  (2978s)
  epoch 12 step 9400  loss=0.1061  (2997s)
  epoch 12 step 9600  loss=0.1061  (3017s)
  epoch 12 step 9800  loss=0.1061  (3037s)
  epoch 12 step 10000  loss=0.1062  (3058s)
  epoch 12 step 10200  loss=0.1062  (3078s)
  epoch 12 step 10400  loss=0.1062  (3098s)
  epoch 12 step 10600  loss=0.1061  (3118s)
  epoch 12 step 10800  loss=0.1062  (3138s)
  epoch 12 step 11000  loss=0.1061  (3159s)
  epoch 12 step 11200  loss=0.1061  (3178s)
  epoch 12 step 11400  loss=0.1062  (3197s)
  epoch 12 step 11600  loss=0.1062  (3220s)
  epoch 12 step 11800  loss=0.1062  (3239s)
  epoch 12 step 12000  loss=0.1062  (3258s)
  epoch 12 step 12200  loss=0.1062  (3278s)
  epoch 12 step 12400  loss=0.1062  (3299s)
  epoch 12 step 12600  loss=0.1062  (3320s)
  epoch 12 step 12800  loss=0.1062  (3341s)
  epoch 12 step 13000  loss=0.1062  (3361s)
  epoch 12 step 13200  loss=0.1062  (3391s)
  epoch 12 step 13400  loss=0.1062  (3414s)
  epoch 12 step 13600  loss=0.1062  (3436s)
  epoch 12 step 13800  loss=0.1062  (3456s)
  epoch 12 step 14000  loss=0.1062  (3476s)
  epoch 12 step 14200  loss=0.1062  (3496s)
  epoch 12 step 14400  loss=0.1062  (3517s)
  epoch 12 step 14600  loss=0.1062  (3541s)
  epoch 12 step 14800  loss=0.1062  (3561s)
  epoch 12 step 15000  loss=0.1062  (3582s)
  epoch 12 step 15200  loss=0.1062  (3603s)
  epoch 12 step 15400  loss=0.1062  (3621s)
  epoch 12 step 15600  loss=0.1062  (3641s)
  epoch 12 step 15800  loss=0.1062  (3661s)
  epoch 12 step 16000  loss=0.1062  (3682s)
  epoch 12 step 16200  loss=0.1062  (3703s)
  epoch 12 step 16400  loss=0.1062  (3724s)
  epoch 12 step 16600  loss=0.1062  (3746s)
  epoch 12 step 16800  loss=0.1062  (3767s)
  epoch 12 step 17000  loss=0.1062  (3788s)
  epoch 12 step 17200  loss=0.1062  (3812s)
  epoch 12 step 17400  loss=0.1062  (3836s)
  epoch 12 step 17600  loss=0.1062  (3860s)
  epoch 12 step 17800  loss=0.1062  (3885s)
  epoch 12 step 18000  loss=0.1062  (3908s)
  epoch 12 step 18200  loss=0.1062  (3932s)
  epoch 12 step 18400  loss=0.1062  (3960s)
  epoch 12 step 18600  loss=0.1063  (3984s)
  epoch 12 step 18800  loss=0.1063  (4011s)
  epoch 12 step 19000  loss=0.1063  (4036s)
  epoch 12 step 19200  loss=0.1063  (4060s)
  epoch 12 step 19400  loss=0.1063  (4084s)
  epoch 12 step 19600  loss=0.1063  (4109s)
  epoch 12 step 19800  loss=0.1063  (4132s)
  epoch 12 step 20000  loss=0.1063  (4158s)
  epoch 12 step 20200  loss=0.1062  (4182s)
  epoch 12 step 20400  loss=0.1062  (4205s)
  epoch 12 step 20600  loss=0.1062  (4226s)
  epoch 12 step 20800  loss=0.1062  (4249s)
  epoch 12 step 21000  loss=0.1062  (4272s)
  epoch 12 step 21200  loss=0.1062  (4292s)
  epoch 12 step 21400  loss=0.1062  (4313s)
  epoch 12 step 21600  loss=0.1062  (4334s)
  epoch 12 step 21800  loss=0.1062  (4354s)
  epoch 12 step 22000  loss=0.1062  (4373s)
  epoch 12 step 22200  loss=0.1062  (4391s)
  epoch 12 step 22400  loss=0.1062  (4411s)
[epoch 12] loss=0.1062 lr=8.10e-06 train=4421s
      ai: acc=0.7820 ap=0.8874  blur: acc=0.9963 ap=0.9997  jpeg: acc=0.9994 ap=1.0000  noise: acc=0.9998 ap=1.0000
      ai AP by variant:  clean=0.9998  blur=0.8796  jpeg=0.7200  noise=0.7422
  epoch 13 step 200  loss=0.1061  (73s)
  epoch 13 step 400  loss=0.1056  (142s)
  epoch 13 step 600  loss=0.1049  (208s)
  epoch 13 step 800  loss=0.1051  (271s)
  epoch 13 step 1000  loss=0.1051  (336s)
  epoch 13 step 1200  loss=0.1052  (398s)
  epoch 13 step 1400  loss=0.1052  (459s)
  epoch 13 step 1600  loss=0.1053  (520s)
  epoch 13 step 1800  loss=0.1054  (582s)
  epoch 13 step 2000  loss=0.1054  (646s)
  epoch 13 step 2200  loss=0.1056  (709s)
  epoch 13 step 2400  loss=0.1056  (773s)
  epoch 13 step 2600  loss=0.1057  (835s)
  epoch 13 step 2800  loss=0.1057  (894s)
  epoch 13 step 3000  loss=0.1058  (958s)
  epoch 13 step 3200  loss=0.1059  (1020s)
  epoch 13 step 3400  loss=0.1058  (1079s)
  epoch 13 step 3600  loss=0.1058  (1142s)
  epoch 13 step 3800  loss=0.1058  (1205s)
  epoch 13 step 4000  loss=0.1058  (1266s)
  epoch 13 step 4200  loss=0.1057  (1326s)
  epoch 13 step 4400  loss=0.1057  (1389s)
  epoch 13 step 4600  loss=0.1056  (1450s)
  epoch 13 step 4800  loss=0.1055  (1513s)
  epoch 13 step 5000  loss=0.1055  (1573s)
  epoch 13 step 5200  loss=0.1055  (1636s)
  epoch 13 step 5400  loss=0.1055  (1698s)
  epoch 13 step 5600  loss=0.1056  (1758s)
  epoch 13 step 5800  loss=0.1056  (1819s)
  epoch 13 step 6000  loss=0.1056  (1881s)
  epoch 13 step 6200  loss=0.1057  (1943s)
  epoch 13 step 6400  loss=0.1056  (2007s)
  epoch 13 step 6600  loss=0.1056  (2070s)
  epoch 13 step 6800  loss=0.1056  (2134s)
  epoch 13 step 7000  loss=0.1056  (2196s)
  epoch 13 step 7200  loss=0.1056  (2258s)
  epoch 13 step 7400  loss=0.1056  (2320s)
  epoch 13 step 7600  loss=0.1057  (2381s)
  epoch 13 step 7800  loss=0.1056  (2443s)
  epoch 13 step 8000  loss=0.1056  (2507s)
  epoch 13 step 8200  loss=0.1056  (2567s)
  epoch 13 step 8400  loss=0.1056  (2630s)
  epoch 13 step 8600  loss=0.1057  (2690s)
  epoch 13 step 8800  loss=0.1057  (2752s)
  epoch 13 step 9000  loss=0.1057  (2812s)
  epoch 13 step 9200  loss=0.1057  (2875s)
  epoch 13 step 9400  loss=0.1057  (2938s)
  epoch 13 step 9600  loss=0.1057  (2999s)
  epoch 13 step 9800  loss=0.1057  (3057s)
  epoch 13 step 10000  loss=0.1057  (3117s)
  epoch 13 step 10200  loss=0.1057  (3179s)
  epoch 13 step 10400  loss=0.1057  (3237s)
  epoch 13 step 10600  loss=0.1057  (3295s)
  epoch 13 step 10800  loss=0.1057  (3353s)
  epoch 13 step 11000  loss=0.1057  (3413s)
  epoch 13 step 11200  loss=0.1057  (3471s)
  epoch 13 step 11400  loss=0.1057  (3531s)
  epoch 13 step 11600  loss=0.1057  (3590s)
  epoch 13 step 11800  loss=0.1057  (3648s)
  epoch 13 step 12000  loss=0.1057  (3706s)
  epoch 13 step 12200  loss=0.1057  (3764s)
  epoch 13 step 12400  loss=0.1058  (3823s)
  epoch 13 step 12600  loss=0.1058  (3881s)
  epoch 13 step 12800  loss=0.1058  (3938s)
  epoch 13 step 13000  loss=0.1058  (3997s)
  epoch 13 step 13200  loss=0.1058  (4057s)
  epoch 13 step 13400  loss=0.1058  (4114s)
  epoch 13 step 13600  loss=0.1058  (4173s)
  epoch 13 step 13800  loss=0.1058  (4231s)
  epoch 13 step 14000  loss=0.1058  (4292s)
  epoch 13 step 14200  loss=0.1058  (4350s)
  epoch 13 step 14400  loss=0.1058  (4409s)
  epoch 13 step 14600  loss=0.1059  (4469s)
  epoch 13 step 14800  loss=0.1059  (4531s)
  epoch 13 step 15000  loss=0.1058  (4592s)
  epoch 13 step 15200  loss=0.1058  (4655s)
  epoch 13 step 15400  loss=0.1058  (4717s)
  epoch 13 step 15600  loss=0.1058  (4781s)
  epoch 13 step 15800  loss=0.1059  (4841s)
  epoch 13 step 16000  loss=0.1059  (4904s)
  epoch 13 step 16200  loss=0.1058  (4965s)
  epoch 13 step 16400  loss=0.1058  (5025s)
  epoch 13 step 16600  loss=0.1058  (5082s)
  epoch 13 step 16800  loss=0.1058  (5142s)
  epoch 13 step 17000  loss=0.1058  (5199s)
  epoch 13 step 17200  loss=0.1058  (5258s)
  epoch 13 step 17400  loss=0.1058  (5317s)
  epoch 13 step 17600  loss=0.1058  (5376s)
  epoch 13 step 17800  loss=0.1058  (5437s)
  epoch 13 step 18000  loss=0.1058  (5496s)
  epoch 13 step 18200  loss=0.1058  (5557s)
  epoch 13 step 18400  loss=0.1058  (5622s)
  epoch 13 step 18600  loss=0.1058  (5685s)
  epoch 13 step 18800  loss=0.1058  (5747s)
  epoch 13 step 19000  loss=0.1058  (5810s)
  epoch 13 step 19200  loss=0.1058  (5877s)
  epoch 13 step 19400  loss=0.1058  (5942s)
  epoch 13 step 19600  loss=0.1058  (6009s)
  epoch 13 step 19800  loss=0.1059  (6075s)
  epoch 13 step 20000  loss=0.1059  (6140s)
  epoch 13 step 20200  loss=0.1059  (6209s)
  epoch 13 step 20400  loss=0.1059  (6282s)
  epoch 13 step 20600  loss=0.1059  (6350s)
  epoch 13 step 20800  loss=0.1059  (6417s)
  epoch 13 step 21000  loss=0.1059  (6488s)
  epoch 13 step 21200  loss=0.1059  (6556s)
  epoch 13 step 21400  loss=0.1059  (6623s)
  epoch 13 step 21600  loss=0.1059  (6692s)
  epoch 13 step 21800  loss=0.1059  (6759s)
  epoch 13 step 22000  loss=0.1059  (6828s)
  epoch 13 step 22200  loss=0.1059  (6897s)
  epoch 13 step 22400  loss=0.1059  (6965s)
[epoch 13] loss=0.1059 lr=7.29e-06 train=6999s
      ai: acc=0.7804 ap=0.8877  blur: acc=0.9959 ap=0.9997  jpeg: acc=0.9995 ap=1.0000  noise: acc=0.9996 ap=1.0000
      ai AP by variant:  clean=0.9998  blur=0.8809  jpeg=0.7225  noise=0.7446
  epoch 14 step 200  loss=0.1050  (63s)
  epoch 14 step 400  loss=0.1049  (119s)
  epoch 14 step 600  loss=0.1055  (175s)
  epoch 14 step 800  loss=0.1058  (233s)
  epoch 14 step 1000  loss=0.1058  (290s)
  epoch 14 step 1200  loss=0.1059  (346s)
  epoch 14 step 1400  loss=0.1060  (409s)
  epoch 14 step 1600  loss=0.1062  (467s)
  epoch 14 step 1800  loss=0.1061  (525s)
  epoch 14 step 2000  loss=0.1061  (581s)
  epoch 14 step 2200  loss=0.1061  (641s)
  epoch 14 step 2400  loss=0.1061  (699s)
  epoch 14 step 2600  loss=0.1061  (758s)
  epoch 14 step 2800  loss=0.1061  (816s)
  epoch 14 step 3000  loss=0.1061  (874s)
  epoch 14 step 3200  loss=0.1062  (934s)
  epoch 14 step 3400  loss=0.1062  (993s)
  epoch 14 step 3600  loss=0.1062  (1056s)
  epoch 14 step 3800  loss=0.1062  (1115s)
  epoch 14 step 4000  loss=0.1062  (1175s)
  epoch 14 step 4200  loss=0.1062  (1237s)
  epoch 14 step 4400  loss=0.1061  (1300s)
  epoch 14 step 4600  loss=0.1061  (1361s)
  epoch 14 step 4800  loss=0.1061  (1421s)
  epoch 14 step 5000  loss=0.1061  (1482s)
  epoch 14 step 5200  loss=0.1061  (1547s)
  epoch 14 step 5400  loss=0.1060  (1607s)
  epoch 14 step 5600  loss=0.1061  (1668s)
  epoch 14 step 5800  loss=0.1060  (1728s)
  epoch 14 step 6000  loss=0.1060  (1789s)
  epoch 14 step 6200  loss=0.1060  (1848s)
  epoch 14 step 6400  loss=0.1060  (1905s)
  epoch 14 step 6600  loss=0.1060  (1969s)
  epoch 14 step 6800  loss=0.1060  (2049s)
  epoch 14 step 7000  loss=0.1060  (2113s)
  epoch 14 step 7200  loss=0.1060  (2173s)
  epoch 14 step 7400  loss=0.1059  (2232s)
  epoch 14 step 7600  loss=0.1059  (2292s)
  epoch 14 step 7800  loss=0.1059  (2354s)
  epoch 14 step 8000  loss=0.1059  (2414s)
  epoch 14 step 8200  loss=0.1059  (2473s)
  epoch 14 step 8400  loss=0.1059  (2533s)
  epoch 14 step 8600  loss=0.1060  (2594s)
  epoch 14 step 8800  loss=0.1060  (2656s)
  epoch 14 step 9000  loss=0.1060  (2715s)
  epoch 14 step 9200  loss=0.1060  (2777s)
  epoch 14 step 9400  loss=0.1060  (2840s)
  epoch 14 step 9600  loss=0.1060  (2901s)
  epoch 14 step 9800  loss=0.1059  (2966s)
  epoch 14 step 10000  loss=0.1059  (3027s)
  epoch 14 step 10200  loss=0.1059  (3087s)
  epoch 14 step 10400  loss=0.1059  (3150s)
  epoch 14 step 10600  loss=0.1059  (3211s)
  epoch 14 step 10800  loss=0.1059  (3271s)
  epoch 14 step 11000  loss=0.1059  (3334s)
  epoch 14 step 11200  loss=0.1060  (3397s)
  epoch 14 step 11400  loss=0.1059  (3462s)
  epoch 14 step 11600  loss=0.1059  (3524s)
  epoch 14 step 11800  loss=0.1059  (3589s)
  epoch 14 step 12000  loss=0.1059  (3654s)
  epoch 14 step 12200  loss=0.1059  (3717s)
  epoch 14 step 12400  loss=0.1059  (3781s)
  epoch 14 step 12600  loss=0.1058  (3849s)
  epoch 14 step 12800  loss=0.1058  (3913s)
  epoch 14 step 13000  loss=0.1058  (3980s)
  epoch 14 step 13200  loss=0.1058  (4045s)
  epoch 14 step 13400  loss=0.1058  (4110s)
  epoch 14 step 13600  loss=0.1058  (4175s)
  epoch 14 step 13800  loss=0.1058  (4242s)
  epoch 14 step 14000  loss=0.1058  (4308s)
  epoch 14 step 14200  loss=0.1057  (4374s)
  epoch 14 step 14400  loss=0.1058  (4440s)
  epoch 14 step 14600  loss=0.1058  (4508s)
  epoch 14 step 14800  loss=0.1058  (4577s)
  epoch 14 step 15000  loss=0.1058  (4644s)
  epoch 14 step 15200  loss=0.1058  (4711s)
  epoch 14 step 15400  loss=0.1057  (4780s)
  epoch 14 step 15600  loss=0.1058  (4849s)
  epoch 14 step 15800  loss=0.1058  (4917s)
  epoch 14 step 16000  loss=0.1058  (4986s)
  epoch 14 step 16200  loss=0.1058  (5053s)
  epoch 14 step 16400  loss=0.1058  (5119s)
  epoch 14 step 16600  loss=0.1058  (5184s)
  epoch 14 step 16800  loss=0.1058  (5247s)
  epoch 14 step 17000  loss=0.1058  (5308s)
  epoch 14 step 17200  loss=0.1058  (5371s)
  epoch 14 step 17400  loss=0.1058  (5430s)
  epoch 14 step 17600  loss=0.1058  (5490s)
  epoch 14 step 17800  loss=0.1058  (5628s)
  epoch 14 step 18000  loss=0.1058  (5713s)
  epoch 14 step 18200  loss=0.1059  (5770s)
  epoch 14 step 18400  loss=0.1058  (5828s)
  epoch 14 step 18600  loss=0.1058  (5889s)
  epoch 14 step 18800  loss=0.1059  (5945s)
  epoch 14 step 19000  loss=0.1058  (6002s)
  epoch 14 step 19200  loss=0.1059  (6060s)
  epoch 14 step 19400  loss=0.1058  (6119s)
  epoch 14 step 19600  loss=0.1059  (6179s)
  epoch 14 step 19800  loss=0.1058  (6239s)
  epoch 14 step 20000  loss=0.1058  (6299s)
  epoch 14 step 20200  loss=0.1058  (6356s)
  epoch 14 step 20400  loss=0.1058  (6413s)
  epoch 14 step 20600  loss=0.1058  (6471s)
  epoch 14 step 20800  loss=0.1058  (6530s)
  epoch 14 step 21000  loss=0.1058  (6590s)
  epoch 14 step 21200  loss=0.1058  (6750s)
  epoch 14 step 21400  loss=0.1058  (6812s)
  epoch 14 step 21600  loss=0.1058  (6871s)
  epoch 14 step 21800  loss=0.1058  (6934s)
  epoch 14 step 22000  loss=0.1058  (6992s)
  epoch 14 step 22200  loss=0.1058  (7052s)
  epoch 14 step 22400  loss=0.1059  (7112s)
[epoch 14] loss=0.1059 lr=6.56e-06 train=7141s
      ai: acc=0.7800 ap=0.8868  blur: acc=0.9961 ap=0.9996  jpeg: acc=0.9995 ap=1.0000  noise: acc=0.9996 ap=1.0000
      ai AP by variant:  clean=0.9998  blur=0.8796  jpeg=0.7184  noise=0.7413
