Device: cuda (NVIDIA GeForce RTX 4090) | arch: resnet18 | steps: 200 | crop: 224 | batch: 16 | workers: 8 | amp: True
Running 8 config(s): ['baseline_2x2', 'texsplit_2x2', 'texsplit_2x2_diff', 'multiwindow_multiscale_aligned', 'baseline_train_blur', 'baseline_train_jpeg', 'texsplit_2x2_train_jpeg', 'color_joint_2x2']

=== [1/8] baseline_2x2 : {'window_sizes': [2], 'scales': [1.0, 0.5, 0.25]} ===
  [baseline_2x2] step 20/200  loss=0.5087  (12s)
  [baseline_2x2] step 40/200  loss=0.6216  (12s)
  [baseline_2x2] step 60/200  loss=0.6460  (13s)
  [baseline_2x2] step 80/200  loss=0.3701  (13s)
  [baseline_2x2] step 100/200  loss=0.2951  (13s)
  [baseline_2x2] step 120/200  loss=0.2336  (14s)
  [baseline_2x2] step 140/200  loss=0.1010  (14s)
  [baseline_2x2] step 160/200  loss=0.1559  (14s)
  [baseline_2x2] step 180/200  loss=0.1515  (15s)
  [baseline_2x2] step 200/200  loss=0.2067  (15s)
  [baseline_2x2] trained 200 steps in 15s (in_ch=9, params=0.68M)
  [baseline_2x2] BN recalibrated on 50 train batches (1s)
  [baseline_2x2] test/clean    : acc=0.8938 ap=0.9792 (n=320) [acc_best=0.9500 logit_mean=-0.87]
  [baseline_2x2] test/blur     : acc=0.5750 ap=0.6554 (n=320) [acc_best=0.6219 logit_mean=+2.30]
  [baseline_2x2] test/jpeg     : acc=0.4938 ap=0.5183 (n=320) [acc_best=0.5563 logit_mean=-5.49]
  [baseline_2x2] test/webp     : acc=0.4969 ap=0.4908 (n=320) [acc_best=0.5125 logit_mean=-8.27]
  [baseline_2x2] test/blur+jpeg: acc=0.4906 ap=0.5124 (n=320) [acc_best=0.5406 logit_mean=-7.86]
  [baseline_2x2] done -- 1/8 written to results/smoke_20260813_175339.txt

=== [2/8] texsplit_2x2 : {'window_sizes': [2], 'scales': [1.0, 0.5, 0.25], 'texture_split': True, 'texture_patch_size': 16} ===
  [texsplit_2x2] step 20/200  loss=0.5538  (1s)
  [texsplit_2x2] step 40/200  loss=0.3311  (2s)
  [texsplit_2x2] step 60/200  loss=0.4360  (2s)
  [texsplit_2x2] step 80/200  loss=0.4986  (3s)
  [texsplit_2x2] step 100/200  loss=0.4412  (3s)
  [texsplit_2x2] step 120/200  loss=0.3745  (3s)
  [texsplit_2x2] step 140/200  loss=0.2416  (4s)
  [texsplit_2x2] step 160/200  loss=0.1938  (5s)
  [texsplit_2x2] step 180/200  loss=0.3413  (5s)
  [texsplit_2x2] step 200/200  loss=0.2026  (6s)
  [texsplit_2x2] trained 200 steps in 6s (in_ch=18, params=0.68M)
  [texsplit_2x2] BN recalibrated on 50 train batches (1s)
  [texsplit_2x2] test/clean    : acc=0.8938 ap=0.9712 (n=320) [acc_best=0.9156 logit_mean=-0.61]
  [texsplit_2x2] test/blur     : acc=0.5719 ap=0.6394 (n=320) [acc_best=0.6000 logit_mean=+1.93]
  [texsplit_2x2] test/jpeg     : acc=0.4906 ap=0.4910 (n=320) [acc_best=0.5437 logit_mean=-4.63]
  [texsplit_2x2] test/webp     : acc=0.4969 ap=0.4800 (n=320) [acc_best=0.5094 logit_mean=-5.69]
  [texsplit_2x2] test/blur+jpeg: acc=0.4813 ap=0.4915 (n=320) [acc_best=0.5219 logit_mean=-4.14]
  [texsplit_2x2] done -- 2/8 written to results/smoke_20260813_175339.txt

=== [3/8] texsplit_2x2_diff : {'window_sizes': [2], 'scales': [1.0, 0.5, 0.25], 'texture_split': True, 'texture_patch_size': 16, 'texture_split_mode': 'diff'} ===
  [texsplit_2x2_diff] step 20/200  loss=0.3726  (1s)
  [texsplit_2x2_diff] step 40/200  loss=0.8336  (1s)
  [texsplit_2x2_diff] step 60/200  loss=0.7004  (2s)
  [texsplit_2x2_diff] step 80/200  loss=0.4958  (2s)
  [texsplit_2x2_diff] step 100/200  loss=0.3399  (3s)
  [texsplit_2x2_diff] step 120/200  loss=0.3237  (3s)
  [texsplit_2x2_diff] step 140/200  loss=0.2607  (3s)
  [texsplit_2x2_diff] step 160/200  loss=0.3357  (4s)
  [texsplit_2x2_diff] step 180/200  loss=0.2026  (4s)
  [texsplit_2x2_diff] step 200/200  loss=0.2676  (5s)
  [texsplit_2x2_diff] trained 200 steps in 5s (in_ch=9, params=0.68M)
  [texsplit_2x2_diff] BN recalibrated on 50 train batches (1s)
  [texsplit_2x2_diff] test/clean    : acc=0.9031 ap=0.9476 (n=320) [acc_best=0.9062 logit_mean=+0.01]
  [texsplit_2x2_diff] test/blur     : acc=0.6156 ap=0.6569 (n=320) [acc_best=0.6469 logit_mean=+1.79]
  [texsplit_2x2_diff] test/jpeg     : acc=0.4906 ap=0.5109 (n=320) [acc_best=0.5531 logit_mean=-4.50]
  [texsplit_2x2_diff] test/webp     : acc=0.4906 ap=0.4882 (n=320) [acc_best=0.5281 logit_mean=-7.27]
  [texsplit_2x2_diff] test/blur+jpeg: acc=0.4938 ap=0.5122 (n=320) [acc_best=0.5281 logit_mean=-5.54]
  [texsplit_2x2_diff] done -- 3/8 written to results/smoke_20260813_175339.txt

=== [4/8] multiwindow_multiscale_aligned : {'window_sizes': [2, 4, 6], 'scales': [1.0, 0.5, 0.25], 'window_align': 'pad'} ===
  [multiwindow_multiscale_aligned] step 20/200  loss=0.6692  (7s)
  [multiwindow_multiscale_aligned] step 40/200  loss=0.5846  (14s)
  [multiwindow_multiscale_aligned] step 60/200  loss=0.4445  (20s)
  [multiwindow_multiscale_aligned] step 80/200  loss=0.5100  (27s)
  [multiwindow_multiscale_aligned] step 100/200  loss=0.5079  (33s)
  [multiwindow_multiscale_aligned] step 120/200  loss=0.5965  (40s)
  [multiwindow_multiscale_aligned] step 140/200  loss=0.6464  (46s)
  [multiwindow_multiscale_aligned] step 160/200  loss=0.6206  (53s)
  [multiwindow_multiscale_aligned] step 180/200  loss=0.4861  (59s)
  [multiwindow_multiscale_aligned] step 200/200  loss=0.3484  (66s)
  [multiwindow_multiscale_aligned] trained 200 steps in 66s (in_ch=27, params=0.69M)
  [multiwindow_multiscale_aligned] BN recalibrated on 50 train batches (17s)
  [multiwindow_multiscale_aligned] test/clean    : acc=0.8781 ap=0.9278 (n=320) [acc_best=0.8812 logit_mean=-0.57]
  [multiwindow_multiscale_aligned] test/blur     : acc=0.5938 ap=0.5943 (n=320) [acc_best=0.6031 logit_mean=+1.67]
  [multiwindow_multiscale_aligned] test/jpeg     : acc=0.4875 ap=0.5005 (n=320) [acc_best=0.5312 logit_mean=-4.23]
  [multiwindow_multiscale_aligned] test/webp     : acc=0.4938 ap=0.4780 (n=320) [acc_best=0.5156 logit_mean=-6.40]
  [multiwindow_multiscale_aligned] test/blur+jpeg: acc=0.4844 ap=0.4834 (n=320) [acc_best=0.5156 logit_mean=-5.67]
  [multiwindow_multiscale_aligned] done -- 4/8 written to results/smoke_20260813_175339.txt

=== [5/8] baseline_train_blur : {'window_sizes': [2], 'scales': [1.0, 0.5, 0.25], 'train_aug': {'blur_prob': 0.5, 'blur_sig': [0.0, 3.0]}} ===
  [baseline_train_blur] step 20/200  loss=0.6593  (1s)
  [baseline_train_blur] step 40/200  loss=0.7847  (1s)
  [baseline_train_blur] step 60/200  loss=0.6489  (2s)
  [baseline_train_blur] step 80/200  loss=0.5787  (2s)
  [baseline_train_blur] step 100/200  loss=0.4585  (3s)
  [baseline_train_blur] step 120/200  loss=0.7863  (3s)
  [baseline_train_blur] step 140/200  loss=0.3790  (3s)
  [baseline_train_blur] step 160/200  loss=0.4340  (4s)
  [baseline_train_blur] step 180/200  loss=0.5732  (4s)
  [baseline_train_blur] step 200/200  loss=0.3999  (4s)
  [baseline_train_blur] trained 200 steps in 4s (in_ch=9, params=0.68M)
  [baseline_train_blur] BN recalibrated on 50 train batches (1s)
  [baseline_train_blur] test/clean    : acc=0.9031 ap=0.9695 (n=320) [acc_best=0.9156 logit_mean=-0.82]
  [baseline_train_blur] test/blur     : acc=0.6250 ap=0.6448 (n=320) [acc_best=0.6500 logit_mean=+0.19]
  [baseline_train_blur] test/jpeg     : acc=0.4813 ap=0.5042 (n=320) [acc_best=0.5375 logit_mean=-4.00]
  [baseline_train_blur] test/webp     : acc=0.4906 ap=0.4824 (n=320) [acc_best=0.5094 logit_mean=-6.17]
  [baseline_train_blur] test/blur+jpeg: acc=0.4906 ap=0.5039 (n=320) [acc_best=0.5344 logit_mean=-5.90]
  [baseline_train_blur] done -- 5/8 written to results/smoke_20260813_175339.txt

=== [6/8] baseline_train_jpeg : {'window_sizes': [2], 'scales': [1.0, 0.5, 0.25], 'train_aug': {'jpg_prob': 0.5, 'jpg_qual': [30, 100], 'jpg_method': ['cv2', 'pil']}} ===
  [baseline_train_jpeg] step 20/200  loss=0.7182  (1s)
  [baseline_train_jpeg] step 40/200  loss=0.6577  (2s)
  [baseline_train_jpeg] step 60/200  loss=0.6255  (2s)
  [baseline_train_jpeg] step 80/200  loss=0.5751  (2s)
  [baseline_train_jpeg] step 100/200  loss=0.6247  (3s)
  [baseline_train_jpeg] step 120/200  loss=0.5076  (3s)
  [baseline_train_jpeg] step 140/200  loss=0.4966  (4s)
  [baseline_train_jpeg] step 160/200  loss=0.9630  (4s)
  [baseline_train_jpeg] step 180/200  loss=0.4911  (5s)
  [baseline_train_jpeg] step 200/200  loss=0.4614  (5s)
  [baseline_train_jpeg] trained 200 steps in 5s (in_ch=9, params=0.68M)
  [baseline_train_jpeg] BN recalibrated on 50 train batches (1s)
  [baseline_train_jpeg] test/clean    : acc=0.8656 ap=0.9452 (n=320) [acc_best=0.8781 logit_mean=+0.42]
  [baseline_train_jpeg] test/blur     : acc=0.5875 ap=0.5960 (n=320) [acc_best=0.6250 logit_mean=+1.29]
  [baseline_train_jpeg] test/jpeg     : acc=0.4688 ap=0.4980 (n=320) [acc_best=0.5625 logit_mean=-0.38]
  [baseline_train_jpeg] test/webp     : acc=0.5094 ap=0.5269 (n=320) [acc_best=0.5750 logit_mean=-0.37]
  [baseline_train_jpeg] test/blur+jpeg: acc=0.4688 ap=0.4943 (n=320) [acc_best=0.5312 logit_mean=-0.78]
  [baseline_train_jpeg] done -- 6/8 written to results/smoke_20260813_175339.txt

=== [7/8] texsplit_2x2_train_jpeg : {'window_sizes': [2], 'scales': [1.0, 0.5, 0.25], 'texture_split': True, 'texture_patch_size': 16, 'train_aug': {'jpg_prob': 0.5, 'jpg_qual': [30, 100], 'jpg_method': ['cv2', 'pil']}} ===
  [texsplit_2x2_train_jpeg] step 20/200  loss=0.7069  (1s)
  [texsplit_2x2_train_jpeg] step 40/200  loss=0.5992  (1s)
  [texsplit_2x2_train_jpeg] step 60/200  loss=0.5808  (2s)
  [texsplit_2x2_train_jpeg] step 80/200  loss=0.5789  (2s)
  [texsplit_2x2_train_jpeg] step 100/200  loss=0.6083  (3s)
  [texsplit_2x2_train_jpeg] step 120/200  loss=0.6423  (4s)
  [texsplit_2x2_train_jpeg] step 140/200  loss=0.6405  (4s)
  [texsplit_2x2_train_jpeg] step 160/200  loss=0.4750  (5s)
  [texsplit_2x2_train_jpeg] step 180/200  loss=0.5683  (6s)
  [texsplit_2x2_train_jpeg] step 200/200  loss=0.5064  (7s)
  [texsplit_2x2_train_jpeg] trained 200 steps in 7s (in_ch=18, params=0.68M)
  [texsplit_2x2_train_jpeg] BN recalibrated on 50 train batches (1s)
  [texsplit_2x2_train_jpeg] test/clean    : acc=0.8469 ap=0.9246 (n=320) [acc_best=0.8625 logit_mean=+0.46]
  [texsplit_2x2_train_jpeg] test/blur     : acc=0.5875 ap=0.6204 (n=320) [acc_best=0.6094 logit_mean=+1.70]
  [texsplit_2x2_train_jpeg] test/jpeg     : acc=0.4938 ap=0.5177 (n=320) [acc_best=0.5531 logit_mean=-0.29]
  [texsplit_2x2_train_jpeg] test/webp     : acc=0.4750 ap=0.4953 (n=320) [acc_best=0.5469 logit_mean=-0.58]
  [texsplit_2x2_train_jpeg] test/blur+jpeg: acc=0.4938 ap=0.5105 (n=320) [acc_best=0.5250 logit_mean=-0.40]
  [texsplit_2x2_train_jpeg] done -- 7/8 written to results/smoke_20260813_175339.txt

=== [8/8] color_joint_2x2 : {'window_sizes': [2], 'scales': [1.0, 0.5, 0.25], 'color_entropy': 'joint'} ===
  [color_joint_2x2] step 20/200  loss=0.5518  (1s)
  [color_joint_2x2] step 40/200  loss=0.1631  (1s)
  [color_joint_2x2] step 60/200  loss=0.2195  (2s)
  [color_joint_2x2] step 80/200  loss=0.2855  (2s)
  [color_joint_2x2] step 100/200  loss=0.2181  (2s)
  [color_joint_2x2] step 120/200  loss=0.3659  (2s)
  [color_joint_2x2] step 140/200  loss=0.1853  (3s)
  [color_joint_2x2] step 160/200  loss=0.1438  (3s)
  [color_joint_2x2] step 180/200  loss=0.3386  (3s)
  [color_joint_2x2] step 200/200  loss=0.3421  (4s)
  [color_joint_2x2] trained 200 steps in 4s (in_ch=12, params=0.68M)
  [color_joint_2x2] BN recalibrated on 50 train batches (1s)
  [color_joint_2x2] test/clean    : acc=0.9531 ap=0.9792 (n=320) [acc_best=0.9563 logit_mean=-0.44]
  [color_joint_2x2] test/blur     : acc=0.6438 ap=0.6720 (n=320) [acc_best=0.6656 logit_mean=+1.93]
  [color_joint_2x2] test/jpeg     : acc=0.5000 ap=0.5102 (n=320) [acc_best=0.5344 logit_mean=-7.33]
  [color_joint_2x2] test/webp     : acc=0.5000 ap=0.5002 (n=320) [acc_best=0.5094 logit_mean=-8.56]
  [color_joint_2x2] test/blur+jpeg: acc=0.5000 ap=0.5045 (n=320) [acc_best=0.5281 logit_mean=-8.77]
  [color_joint_2x2] done -- 8/8 written to results/smoke_20260813_175339.txt


MLEP window / robustness sweep
date: 2026-08-13 17:57:15
STATUS: complete -- 8/8 configs.
device=cuda (NVIDIA GeForce RTX 4090)  arch=resnet18  amp=True  workers=8  steps=200  crop=224  batch=16  lr=0.0002  seed=100  classes=car  val_batches=20  bn_recal=50

Per-model results
------------------------------------------------------------
[color_joint_2x2]  {'window_sizes': [2], 'scales': [1.0, 0.5, 0.25], 'color_entropy': 'joint'}
    in_channels=12  params=0.68M  steps=200  train_time=4s
    test/clean       acc=0.9531  ap=0.9792  (n=320)  acc_best=0.9563  logit_mean=-0.44
    test/blur        acc=0.6438  ap=0.6720  (n=320)  acc_best=0.6656  logit_mean=+1.93
    test/jpeg        acc=0.5000  ap=0.5102  (n=320)  acc_best=0.5344  logit_mean=-7.33
    test/webp        acc=0.5000  ap=0.5002  (n=320)  acc_best=0.5094  logit_mean=-8.56
    test/blur+jpeg   acc=0.5000  ap=0.5045  (n=320)  acc_best=0.5281  logit_mean=-8.77

[baseline_2x2]  {'window_sizes': [2], 'scales': [1.0, 0.5, 0.25]}
    in_channels=9  params=0.68M  steps=200  train_time=15s
    test/clean       acc=0.8938  ap=0.9792  (n=320)  acc_best=0.9500  logit_mean=-0.87
    test/blur        acc=0.5750  ap=0.6554  (n=320)  acc_best=0.6219  logit_mean=+2.30
    test/jpeg        acc=0.4938  ap=0.5183  (n=320)  acc_best=0.5563  logit_mean=-5.49
    test/webp        acc=0.4969  ap=0.4908  (n=320)  acc_best=0.5125  logit_mean=-8.27
    test/blur+jpeg   acc=0.4906  ap=0.5124  (n=320)  acc_best=0.5406  logit_mean=-7.86

[texsplit_2x2]  {'window_sizes': [2], 'scales': [1.0, 0.5, 0.25], 'texture_split': True, 'texture_patch_size': 16}
    in_channels=18  params=0.68M  steps=200  train_time=6s
    test/clean       acc=0.8938  ap=0.9712  (n=320)  acc_best=0.9156  logit_mean=-0.61
    test/blur        acc=0.5719  ap=0.6394  (n=320)  acc_best=0.6000  logit_mean=+1.93
    test/jpeg        acc=0.4906  ap=0.4910  (n=320)  acc_best=0.5437  logit_mean=-4.63
    test/webp        acc=0.4969  ap=0.4800  (n=320)  acc_best=0.5094  logit_mean=-5.69
    test/blur+jpeg   acc=0.4813  ap=0.4915  (n=320)  acc_best=0.5219  logit_mean=-4.14

[baseline_train_blur]  {'window_sizes': [2], 'scales': [1.0, 0.5, 0.25], 'train_aug': {'blur_prob': 0.5, 'blur_sig': [0.0, 3.0]}}
    in_channels=9  params=0.68M  steps=200  train_time=4s
    test/clean       acc=0.9031  ap=0.9695  (n=320)  acc_best=0.9156  logit_mean=-0.82
    test/blur        acc=0.6250  ap=0.6448  (n=320)  acc_best=0.6500  logit_mean=+0.19
    test/jpeg        acc=0.4813  ap=0.5042  (n=320)  acc_best=0.5375  logit_mean=-4.00
    test/webp        acc=0.4906  ap=0.4824  (n=320)  acc_best=0.5094  logit_mean=-6.17
    test/blur+jpeg   acc=0.4906  ap=0.5039  (n=320)  acc_best=0.5344  logit_mean=-5.90

[texsplit_2x2_diff]  {'window_sizes': [2], 'scales': [1.0, 0.5, 0.25], 'texture_split': True, 'texture_patch_size': 16, 'texture_split_mode': 'diff'}
    in_channels=9  params=0.68M  steps=200  train_time=5s
    test/clean       acc=0.9031  ap=0.9476  (n=320)  acc_best=0.9062  logit_mean=+0.01
    test/blur        acc=0.6156  ap=0.6569  (n=320)  acc_best=0.6469  logit_mean=+1.79
    test/jpeg        acc=0.4906  ap=0.5109  (n=320)  acc_best=0.5531  logit_mean=-4.50
    test/webp        acc=0.4906  ap=0.4882  (n=320)  acc_best=0.5281  logit_mean=-7.27
    test/blur+jpeg   acc=0.4938  ap=0.5122  (n=320)  acc_best=0.5281  logit_mean=-5.54

[baseline_train_jpeg]  {'window_sizes': [2], 'scales': [1.0, 0.5, 0.25], 'train_aug': {'jpg_prob': 0.5, 'jpg_qual': [30, 100], 'jpg_method': ['cv2', 'pil']}}
    in_channels=9  params=0.68M  steps=200  train_time=5s
    test/clean       acc=0.8656  ap=0.9452  (n=320)  acc_best=0.8781  logit_mean=+0.42
    test/blur        acc=0.5875  ap=0.5960  (n=320)  acc_best=0.6250  logit_mean=+1.29
    test/jpeg        acc=0.4688  ap=0.4980  (n=320)  acc_best=0.5625  logit_mean=-0.38
    test/webp        acc=0.5094  ap=0.5269  (n=320)  acc_best=0.5750  logit_mean=-0.37
    test/blur+jpeg   acc=0.4688  ap=0.4943  (n=320)  acc_best=0.5312  logit_mean=-0.78

[multiwindow_multiscale_aligned]  {'window_sizes': [2, 4, 6], 'scales': [1.0, 0.5, 0.25], 'window_align': 'pad'}
    in_channels=27  params=0.69M  steps=200  train_time=66s
    test/clean       acc=0.8781  ap=0.9278  (n=320)  acc_best=0.8812  logit_mean=-0.57
    test/blur        acc=0.5938  ap=0.5943  (n=320)  acc_best=0.6031  logit_mean=+1.67
    test/jpeg        acc=0.4875  ap=0.5005  (n=320)  acc_best=0.5312  logit_mean=-4.23
    test/webp        acc=0.4938  ap=0.4780  (n=320)  acc_best=0.5156  logit_mean=-6.40
    test/blur+jpeg   acc=0.4844  ap=0.4834  (n=320)  acc_best=0.5156  logit_mean=-5.67

[texsplit_2x2_train_jpeg]  {'window_sizes': [2], 'scales': [1.0, 0.5, 0.25], 'texture_split': True, 'texture_patch_size': 16, 'train_aug': {'jpg_prob': 0.5, 'jpg_qual': [30, 100], 'jpg_method': ['cv2', 'pil']}}
    in_channels=18  params=0.68M  steps=200  train_time=7s
    test/clean       acc=0.8469  ap=0.9246  (n=320)  acc_best=0.8625  logit_mean=+0.46
    test/blur        acc=0.5875  ap=0.6204  (n=320)  acc_best=0.6094  logit_mean=+1.70
    test/jpeg        acc=0.4938  ap=0.5177  (n=320)  acc_best=0.5531  logit_mean=-0.29
    test/webp        acc=0.4750  ap=0.4953  (n=320)  acc_best=0.5469  logit_mean=-0.58
    test/blur+jpeg   acc=0.4938  ap=0.5105  (n=320)  acc_best=0.5250  logit_mean=-0.40

Average Precision (AP) per test scenario  [higher = more robust]
================================================================================================
config                               clean       blur       jpeg       webp  blur+jpeg   time(s)
------------------------------------------------------------------------------------------------
color_joint_2x2                     0.9792     0.6720     0.5102     0.5002     0.5045         4
baseline_2x2                        0.9792     0.6554     0.5183     0.4908     0.5124        15
texsplit_2x2                        0.9712     0.6394     0.4910     0.4800     0.4915         6
baseline_train_blur                 0.9695     0.6448     0.5042     0.4824     0.5039         4
texsplit_2x2_diff                   0.9476     0.6569     0.5109     0.4882     0.5122         5
baseline_train_jpeg                 0.9452     0.5960     0.4980     0.5269     0.4943         5
multiwindow_multiscale_aligned      0.9278     0.5943     0.5005     0.4780     0.4834        66
texsplit_2x2_train_jpeg             0.9246     0.6204     0.5177     0.4953     0.5105         7
================================================================================================
Cols: clean vs corrupted test sets. Compare a config's clean AP with its blur / jpeg / webp / blur+jpeg AP to read off robustness.
acc is at the fixed 0.5 threshold; acc_best is the best any threshold could do. acc << acc_best means the scores separate the classes but the decision boundary is misplaced -- check bn_recal.
Note: short training -> ranking is indicative. Re-run the top configs with more --max_train_steps to confirm.

Results written to results/smoke_20260813_175339.txt
