Device: cuda (NVIDIA GeForce RTX 4090) | arch: resnet18 | steps: 3000 | crop: 224 | batch: 16 | workers: 8 | amp: True
Running 3 config(s): ['multiwindow_multiscale_aligned', 'baseline_train_blur', 'baseline_train_jpeg']

=== [1/3] multiwindow_multiscale_aligned : {'window_sizes': [2, 4, 6], 'scales': [1.0, 0.5, 0.25], 'window_align': 'pad'} ===
  [multiwindow_multiscale_aligned] step 300/3000  loss=0.4063  (144s)
  [multiwindow_multiscale_aligned] step 600/3000  loss=0.2277  (241s)
  [multiwindow_multiscale_aligned] step 900/3000  loss=0.2057  (339s)
  [multiwindow_multiscale_aligned] step 1200/3000  loss=0.3834  (437s)
  [multiwindow_multiscale_aligned] step 1500/3000  loss=0.3190  (535s)
  [multiwindow_multiscale_aligned] step 1800/3000  loss=0.3089  (633s)
  [multiwindow_multiscale_aligned] step 2100/3000  loss=0.3084  (730s)
  [multiwindow_multiscale_aligned] step 2400/3000  loss=0.1504  (828s)
  [multiwindow_multiscale_aligned] step 2700/3000  loss=0.2419  (926s)
  [multiwindow_multiscale_aligned] step 3000/3000  loss=0.0845  (1024s)
  [multiwindow_multiscale_aligned] trained 3000 steps in 1024s (in_ch=27, params=0.69M)
  [multiwindow_multiscale_aligned] BN recalibrated on 50 train batches (17s)
  [multiwindow_multiscale_aligned] test/clean    : acc=0.9525 ap=0.9944 (n=800) [acc_best=0.9650 logit_mean=-0.30]
  [multiwindow_multiscale_aligned] test/blur     : acc=0.6050 ap=0.6472 (n=800) [acc_best=0.6737 logit_mean=+3.33]
  [multiwindow_multiscale_aligned] test/jpeg     : acc=0.5188 ap=0.4146 (n=800) [acc_best=0.5262 logit_mean=-9.41]
  [multiwindow_multiscale_aligned] test/webp     : acc=0.5250 ap=0.4071 (n=800) [acc_best=0.5275 logit_mean=-10.90]
  [multiwindow_multiscale_aligned] test/blur+jpeg: acc=0.5275 ap=0.4194 (n=800) [acc_best=0.5275 logit_mean=-11.42]
  [multiwindow_multiscale_aligned] done -- 1/3 written to results/sweep_20260725_183342_seed100.txt

=== [2/3] baseline_train_blur : {'window_sizes': [2], 'scales': [1.0, 0.5, 0.25], 'train_aug': {'blur_prob': 0.5, 'blur_sig': [0.0, 3.0]}} ===
  [baseline_train_blur] step 300/3000  loss=0.4706  (5s)
  [baseline_train_blur] step 600/3000  loss=0.4250  (10s)
  [baseline_train_blur] step 900/3000  loss=0.2769  (14s)
  [baseline_train_blur] step 1200/3000  loss=0.2939  (19s)
  [baseline_train_blur] step 1500/3000  loss=0.4281  (24s)
  [baseline_train_blur] step 1800/3000  loss=0.3412  (28s)
  [baseline_train_blur] step 2100/3000  loss=0.3103  (33s)
  [baseline_train_blur] step 2400/3000  loss=0.3595  (37s)
  [baseline_train_blur] step 2700/3000  loss=0.3699  (42s)
  [baseline_train_blur] step 3000/3000  loss=0.4422  (47s)
  [baseline_train_blur] trained 3000 steps in 47s (in_ch=9, params=0.68M)
  [baseline_train_blur] BN recalibrated on 50 train batches (1s)
  [baseline_train_blur] test/clean    : acc=0.9587 ap=0.9936 (n=800) [acc_best=0.9637 logit_mean=-0.43]
  [baseline_train_blur] test/blur     : acc=0.6887 ap=0.7229 (n=800) [acc_best=0.7013 logit_mean=-0.41]
  [baseline_train_blur] test/jpeg     : acc=0.5262 ap=0.4148 (n=800) [acc_best=0.5262 logit_mean=-5.74]
  [baseline_train_blur] test/webp     : acc=0.5262 ap=0.4153 (n=800) [acc_best=0.5275 logit_mean=-6.28]
  [baseline_train_blur] test/blur+jpeg: acc=0.5262 ap=0.4170 (n=800) [acc_best=0.5262 logit_mean=-6.52]
  [baseline_train_blur] done -- 2/3 written to results/sweep_20260725_183342_seed100.txt

=== [3/3] baseline_train_jpeg : {'window_sizes': [2], 'scales': [1.0, 0.5, 0.25], 'train_aug': {'jpg_prob': 0.5, 'jpg_qual': [30, 100], 'jpg_method': ['cv2', 'pil']}} ===
  [baseline_train_jpeg] step 300/3000  loss=0.4420  (6s)
  [baseline_train_jpeg] step 600/3000  loss=0.4985  (11s)
  [baseline_train_jpeg] step 900/3000  loss=0.4288  (17s)
  [baseline_train_jpeg] step 1200/3000  loss=0.4731  (22s)
  [baseline_train_jpeg] step 1500/3000  loss=0.4342  (28s)
  [baseline_train_jpeg] step 1800/3000  loss=0.5608  (33s)
  [baseline_train_jpeg] step 2100/3000  loss=0.4240  (38s)
  [baseline_train_jpeg] step 2400/3000  loss=0.4525  (42s)
  [baseline_train_jpeg] step 2700/3000  loss=0.3497  (48s)
  [baseline_train_jpeg] step 3000/3000  loss=0.4595  (52s)
  [baseline_train_jpeg] trained 3000 steps in 52s (in_ch=9, params=0.68M)
  [baseline_train_jpeg] BN recalibrated on 50 train batches (1s)
  [baseline_train_jpeg] test/clean    : acc=0.9463 ap=0.9866 (n=800) [acc_best=0.9550 logit_mean=+0.48]
  [baseline_train_jpeg] test/blur     : acc=0.6400 ap=0.6092 (n=800) [acc_best=0.6525 logit_mean=+0.28]
  [baseline_train_jpeg] test/jpeg     : acc=0.5100 ap=0.4712 (n=800) [acc_best=0.5275 logit_mean=-0.82]
  [baseline_train_jpeg] test/webp     : acc=0.5112 ap=0.4923 (n=800) [acc_best=0.5600 logit_mean=-0.57]
  [baseline_train_jpeg] test/blur+jpeg: acc=0.5238 ap=0.4533 (n=800) [acc_best=0.5262 logit_mean=-1.50]
  [baseline_train_jpeg] done -- 3/3 written to results/sweep_20260725_183342_seed100.txt


MLEP window / robustness sweep
date: 2026-07-25 19:27:24
STATUS: complete -- 3/3 configs.
device=cuda (NVIDIA GeForce RTX 4090)  arch=resnet18  amp=True  workers=8  steps=3000  crop=224  batch=16  lr=0.0002  seed=100  classes=car,cat,chair,horse,boat,person,dog,bird  val_batches=50  bn_recal=50

Per-model results
------------------------------------------------------------
[multiwindow_multiscale_aligned]  {'window_sizes': [2, 4, 6], 'scales': [1.0, 0.5, 0.25], 'window_align': 'pad'}
    in_channels=27  params=0.69M  steps=3000  train_time=1024s
    test/clean       acc=0.9525  ap=0.9944  (n=800)  acc_best=0.9650  logit_mean=-0.30
    test/blur        acc=0.6050  ap=0.6472  (n=800)  acc_best=0.6737  logit_mean=+3.33
    test/jpeg        acc=0.5188  ap=0.4146  (n=800)  acc_best=0.5262  logit_mean=-9.41
    test/webp        acc=0.5250  ap=0.4071  (n=800)  acc_best=0.5275  logit_mean=-10.90
    test/blur+jpeg   acc=0.5275  ap=0.4194  (n=800)  acc_best=0.5275  logit_mean=-11.42

[baseline_train_blur]  {'window_sizes': [2], 'scales': [1.0, 0.5, 0.25], 'train_aug': {'blur_prob': 0.5, 'blur_sig': [0.0, 3.0]}}
    in_channels=9  params=0.68M  steps=3000  train_time=47s
    test/clean       acc=0.9587  ap=0.9936  (n=800)  acc_best=0.9637  logit_mean=-0.43
    test/blur        acc=0.6887  ap=0.7229  (n=800)  acc_best=0.7013  logit_mean=-0.41
    test/jpeg        acc=0.5262  ap=0.4148  (n=800)  acc_best=0.5262  logit_mean=-5.74
    test/webp        acc=0.5262  ap=0.4153  (n=800)  acc_best=0.5275  logit_mean=-6.28
    test/blur+jpeg   acc=0.5262  ap=0.4170  (n=800)  acc_best=0.5262  logit_mean=-6.52

[baseline_train_jpeg]  {'window_sizes': [2], 'scales': [1.0, 0.5, 0.25], 'train_aug': {'jpg_prob': 0.5, 'jpg_qual': [30, 100], 'jpg_method': ['cv2', 'pil']}}
    in_channels=9  params=0.68M  steps=3000  train_time=52s
    test/clean       acc=0.9463  ap=0.9866  (n=800)  acc_best=0.9550  logit_mean=+0.48
    test/blur        acc=0.6400  ap=0.6092  (n=800)  acc_best=0.6525  logit_mean=+0.28
    test/jpeg        acc=0.5100  ap=0.4712  (n=800)  acc_best=0.5275  logit_mean=-0.82
    test/webp        acc=0.5112  ap=0.4923  (n=800)  acc_best=0.5600  logit_mean=-0.57
    test/blur+jpeg   acc=0.5238  ap=0.4533  (n=800)  acc_best=0.5262  logit_mean=-1.50

Average Precision (AP) per test scenario  [higher = more robust]
================================================================================================
config                               clean       blur       jpeg       webp  blur+jpeg   time(s)
------------------------------------------------------------------------------------------------
multiwindow_multiscale_aligned      0.9944     0.6472     0.4146     0.4071     0.4194      1024
baseline_train_blur                 0.9936     0.7229     0.4148     0.4153     0.4170        47
baseline_train_jpeg                 0.9866     0.6092     0.4712     0.4923     0.4533        52
================================================================================================
Cols: clean vs corrupted test sets. Compare a config's clean AP with its blur / jpeg / webp / blur+jpeg AP to read off robustness.
acc is at the fixed 0.5 threshold; acc_best is the best any threshold could do. acc << acc_best means the scores separate the classes but the decision boundary is misplaced -- check bn_recal.
Note: short training -> ranking is indicative. Re-run the top configs with more --max_train_steps to confirm.

Results written to results/sweep_20260725_183342_seed100.txt
